{
  "Entries": [
    {
      "RequestUri": "https://login.microsoftonline.com/72f988bf-86f1-41af-91ab-2d7cd011db47/v2.0/.well-known/openid-configuration",
      "RequestMethod": "GET",
      "RequestHeaders": {
        "Accept": "*/*",
        "Accept-Encoding": "gzip, deflate",
        "Connection": "keep-alive",
        "User-Agent": "azsdk-python-identity/1.11.0b2 Python/3.8.6 (Windows-10-10.0.22000-SP0)"
      },
      "RequestBody": null,
      "StatusCode": 200,
      "ResponseHeaders": {
        "Access-Control-Allow-Methods": "GET, OPTIONS",
        "Access-Control-Allow-Origin": "*",
        "Cache-Control": "max-age=86400, private",
        "Content-Length": "1753",
        "Content-Type": "application/json; charset=utf-8",
        "Date": "Wed, 15 Jun 2022 21:39:07 GMT",
        "P3P": "CP=\u0022DSP CUR OTPi IND OTRi ONL FIN\u0022",
        "Set-Cookie": [
          "fpc=AvI5LwzDlFJGk1F7dBrORLpNXR-uEAAAACNIPNoOAAAALTeglgcAAAAoSDzaDgAAALOiI9sMAAAAPkg82g4AAAA; expires=Fri, 15-Jul-2022 21:39:07 GMT; path=/; secure; HttpOnly; SameSite=None",
          "x-ms-gateway-slice=estsfd; path=/; secure; samesite=none; httponly",
          "stsservicecookie=estsfd; path=/; secure; samesite=none; httponly"
        ],
        "Strict-Transport-Security": "max-age=31536000; includeSubDomains",
        "X-Content-Type-Options": "nosniff",
        "x-ms-ests-server": "2.1.12890.7 - EUS ProdSlices",
        "X-XSS-Protection": "0"
      },
      "ResponseBody": {
        "token_endpoint": "https://login.microsoftonline.com/72f988bf-86f1-41af-91ab-2d7cd011db47/oauth2/v2.0/token",
        "token_endpoint_auth_methods_supported": [
          "client_secret_post",
          "private_key_jwt",
          "client_secret_basic"
        ],
        "jwks_uri": "https://login.microsoftonline.com/72f988bf-86f1-41af-91ab-2d7cd011db47/discovery/v2.0/keys",
        "response_modes_supported": [
          "query",
          "fragment",
          "form_post"
        ],
        "subject_types_supported": [
          "pairwise"
        ],
        "id_token_signing_alg_values_supported": [
          "RS256"
        ],
        "response_types_supported": [
          "code",
          "id_token",
          "code id_token",
          "id_token token"
        ],
        "scopes_supported": [
          "openid",
          "profile",
          "email",
          "offline_access"
        ],
        "issuer": "https://login.microsoftonline.com/72f988bf-86f1-41af-91ab-2d7cd011db47/v2.0",
        "request_uri_parameter_supported": false,
        "userinfo_endpoint": "https://graph.microsoft.com/oidc/userinfo",
        "authorization_endpoint": "https://login.microsoftonline.com/72f988bf-86f1-41af-91ab-2d7cd011db47/oauth2/v2.0/authorize",
        "device_authorization_endpoint": "https://login.microsoftonline.com/72f988bf-86f1-41af-91ab-2d7cd011db47/oauth2/v2.0/devicecode",
        "http_logout_supported": true,
        "frontchannel_logout_supported": true,
        "end_session_endpoint": "https://login.microsoftonline.com/72f988bf-86f1-41af-91ab-2d7cd011db47/oauth2/v2.0/logout",
        "claims_supported": [
          "sub",
          "iss",
          "cloud_instance_name",
          "cloud_instance_host_name",
          "cloud_graph_host_name",
          "msgraph_host",
          "aud",
          "exp",
          "iat",
          "auth_time",
          "acr",
          "nonce",
          "preferred_username",
          "name",
          "tid",
          "ver",
          "at_hash",
          "c_hash",
          "email"
        ],
        "kerberos_endpoint": "https://login.microsoftonline.com/72f988bf-86f1-41af-91ab-2d7cd011db47/kerberos",
        "tenant_region_scope": "WW",
        "cloud_instance_name": "microsoftonline.com",
        "cloud_graph_host_name": "graph.windows.net",
        "msgraph_host": "graph.microsoft.com",
        "rbac_url": "https://pas.windows.net"
      }
    },
    {
      "RequestUri": "https://login.microsoftonline.com/common/discovery/instance?api-version=1.1\u0026authorization_endpoint=https://login.microsoftonline.com/common/oauth2/authorize",
      "RequestMethod": "GET",
      "RequestHeaders": {
        "Accept": "application/json",
        "Accept-Encoding": "gzip, deflate",
        "Connection": "keep-alive",
        "Cookie": "fpc=AvI5LwzDlFJGk1F7dBrORLpNXR-uEAAAACNIPNoOAAAALTeglgcAAAAoSDzaDgAAALOiI9sMAAAAPkg82g4AAAA; stsservicecookie=estsfd; x-ms-gateway-slice=estsfd",
        "User-Agent": "azsdk-python-identity/1.11.0b2 Python/3.8.6 (Windows-10-10.0.22000-SP0)"
      },
      "RequestBody": null,
      "StatusCode": 200,
      "ResponseHeaders": {
        "Access-Control-Allow-Methods": "GET, OPTIONS",
        "Access-Control-Allow-Origin": "*",
        "Cache-Control": "max-age=86400, private",
        "Content-Length": "945",
        "Content-Type": "application/json; charset=utf-8",
        "Date": "Wed, 15 Jun 2022 21:39:07 GMT",
        "P3P": "CP=\u0022DSP CUR OTPi IND OTRi ONL FIN\u0022",
        "Set-Cookie": [
          "fpc=AvI5LwzDlFJGk1F7dBrORLpNXR-uEAAAACNIPNoOAAAALTeglgcAAAAoSDzaDgAAALOiI9sMAAAAPkg82g4AAAA; expires=Fri, 15-Jul-2022 21:39:07 GMT; path=/; secure; HttpOnly; SameSite=None",
          "x-ms-gateway-slice=estsfd; path=/; secure; samesite=none; httponly",
          "stsservicecookie=estsfd; path=/; secure; samesite=none; httponly"
        ],
        "Strict-Transport-Security": "max-age=31536000; includeSubDomains",
        "X-Content-Type-Options": "nosniff",
        "x-ms-ests-server": "2.1.12851.7 - WUS2 ProdSlices",
        "X-XSS-Protection": "0"
      },
      "ResponseBody": {
        "tenant_discovery_endpoint": "https://login.microsoftonline.com/common/.well-known/openid-configuration",
        "api-version": "1.1",
        "metadata": [
          {
            "preferred_network": "login.microsoftonline.com",
            "preferred_cache": "login.windows.net",
            "aliases": [
              "login.microsoftonline.com",
              "login.windows.net",
              "login.microsoft.com",
              "sts.windows.net"
            ]
          },
          {
            "preferred_network": "login.partner.microsoftonline.cn",
            "preferred_cache": "login.partner.microsoftonline.cn",
            "aliases": [
              "login.partner.microsoftonline.cn",
              "login.chinacloudapi.cn"
            ]
          },
          {
            "preferred_network": "login.microsoftonline.de",
            "preferred_cache": "login.microsoftonline.de",
            "aliases": [
              "login.microsoftonline.de"
            ]
          },
          {
            "preferred_network": "login.microsoftonline.us",
            "preferred_cache": "login.microsoftonline.us",
            "aliases": [
              "login.microsoftonline.us",
              "login.usgovcloudapi.net"
            ]
          },
          {
            "preferred_network": "login-us.microsoftonline.com",
            "preferred_cache": "login-us.microsoftonline.com",
            "aliases": [
              "login-us.microsoftonline.com"
            ]
          }
        ]
      }
    },
    {
      "RequestUri": "https://login.microsoftonline.com/72f988bf-86f1-41af-91ab-2d7cd011db47/oauth2/v2.0/token",
      "RequestMethod": "POST",
      "RequestHeaders": {
        "Accept": "application/json",
        "Accept-Encoding": "gzip, deflate",
        "client-request-id": "7b3bb759-a5b0-4ce7-b9fb-039222b8e58d",
        "Connection": "keep-alive",
        "Content-Length": "292",
        "Content-Type": "application/x-www-form-urlencoded",
        "Cookie": "fpc=AvI5LwzDlFJGk1F7dBrORLpNXR-uEAAAACNIPNoOAAAALTeglgcAAAAoSDzaDgAAALOiI9sMAAAAPkg82g4AAAA; stsservicecookie=estsfd; x-ms-gateway-slice=estsfd",
        "User-Agent": "azsdk-python-identity/1.11.0b2 Python/3.8.6 (Windows-10-10.0.22000-SP0)",
        "x-client-cpu": "x64",
        "x-client-current-telemetry": "4|730,0|",
        "x-client-last-telemetry": "4|0|||",
        "x-client-os": "win32",
        "x-client-sku": "MSAL.Python",
        "x-client-ver": "1.18.0",
        "x-ms-lib-capability": "retry-after, h429"
      },
      "RequestBody": "client_id=6f5d7923-5be8-4e72-bf1b-d7d92ab7f00c\u0026grant_type=client_credentials\u0026client_info=1\u0026client_secret=T~W8Q~GzhJ6x._7UHB-8KwvUNlfoT.2AFqvz6bnK\u0026claims=%7B%22access_token%22%3A\u002B%7B%22xms_cc%22%3A\u002B%7B%22values%22%3A\u002B%5B%22CP1%22%5D%7D%7D%7D\u0026scope=https%3A%2F%2Fmanagement.azure.com%2F.default",
      "StatusCode": 200,
      "ResponseHeaders": {
        "Cache-Control": "no-store, no-cache",
        "client-request-id": "7b3bb759-a5b0-4ce7-b9fb-039222b8e58d",
        "Content-Length": "111",
        "Content-Type": "application/json; charset=utf-8",
        "Date": "Wed, 15 Jun 2022 21:39:07 GMT",
        "Expires": "-1",
        "P3P": "CP=\u0022DSP CUR OTPi IND OTRi ONL FIN\u0022",
        "Pragma": "no-cache",
        "Set-Cookie": [
          "fpc=AvI5LwzDlFJGk1F7dBrORLpNXR-uEQAAACNIPNoOAAAALTeglgcAAAAoSDzaDgAAALOiI9sMAAAAPkg82g4AAAA; expires=Fri, 15-Jul-2022 21:39:07 GMT; path=/; secure; HttpOnly; SameSite=None",
          "x-ms-gateway-slice=estsfd; path=/; secure; samesite=none; httponly",
          "stsservicecookie=estsfd; path=/; secure; samesite=none; httponly"
        ],
        "Strict-Transport-Security": "max-age=31536000; includeSubDomains",
        "X-Content-Type-Options": "nosniff",
        "x-ms-clitelem": "1,0,0,,",
        "x-ms-ests-server": "2.1.12890.7 - EUS ProdSlices",
        "X-XSS-Protection": "0"
      },
      "ResponseBody": {
        "token_type": "Bearer",
        "expires_in": 86399,
        "ext_expires_in": 86399,
        "refresh_in": 43199,
        "access_token": "Sanitized"
      }
    },
    {
      "RequestUri": "https://management.azure.com/subscriptions/00000000-0000-0000-0000-000000000/resourceGroups/00000/providers/Microsoft.MachineLearningServices/workspaces/sdk_vnext_cli/computes/cpu-cluster?api-version=2022-01-01-preview",
      "RequestMethod": "GET",
      "RequestHeaders": {
        "Accept": "application/json",
        "Accept-Encoding": "gzip, deflate",
        "Connection": "keep-alive",
        "User-Agent": "azure-ai-ml/0.1.0b4 azsdk-python-mgmt-machinelearningservices/0.1.0 Python/3.8.6 (Windows-10-10.0.22000-SP0)"
      },
      "RequestBody": null,
      "StatusCode": 200,
      "ResponseHeaders": {
        "Cache-Control": "no-cache",
        "Content-Encoding": "gzip",
        "Content-Type": "application/json; charset=utf-8",
        "Date": "Wed, 15 Jun 2022 21:39:07 GMT",
        "Expires": "-1",
        "Pragma": "no-cache",
        "Request-Context": "appId=cid-v1:2d2e8e63-272e-4b3c-8598-4ee570a0e70d",
        "Strict-Transport-Security": "max-age=31536000; includeSubDomains",
        "Transfer-Encoding": "chunked",
        "Vary": [
          "Accept-Encoding",
          "Accept-Encoding"
        ],
        "x-aml-cluster": "vienna-westus2-01",
        "X-Content-Type-Options": "nosniff",
        "x-ms-correlation-request-id": "54f76f5e-9c1c-4c35-872a-7e00a0866268",
        "x-ms-ratelimit-remaining-subscription-reads": "11862",
        "x-ms-response-type": "standard",
        "x-ms-routing-request-id": "CANADACENTRAL:20220615T213907Z:54f76f5e-9c1c-4c35-872a-7e00a0866268",
        "x-request-time": "0.057"
      },
      "ResponseBody": {
        "id": "/subscriptions/00000000-0000-0000-0000-000000000/resourceGroups/00000/providers/Microsoft.MachineLearningServices/workspaces/sdk_vnext_cli/computes/cpu-cluster",
        "name": "cpu-cluster",
        "type": "Microsoft.MachineLearningServices/workspaces/computes",
        "location": "westus2",
        "tags": {},
        "properties": {
          "createdOn": "2022-06-03T21:05:02.0910759\u002B00:00",
          "modifiedOn": "2022-06-03T21:05:05.7177499\u002B00:00",
          "disableLocalAuth": false,
          "description": null,
          "resourceId": null,
          "computeType": "AmlCompute",
          "computeLocation": "westus2",
          "provisioningState": "Succeeded",
          "provisioningErrors": null,
          "isAttachedCompute": false,
          "properties": {
            "vmSize": "STANDARD_DS2_V2",
            "vmPriority": "Dedicated",
            "scaleSettings": {
              "maxNodeCount": 4,
              "minNodeCount": 0,
              "nodeIdleTimeBeforeScaleDown": "PT2M"
            },
            "subnet": null,
            "currentNodeCount": 4,
            "targetNodeCount": 4,
            "nodeStateCounts": {
              "preparingNodeCount": 0,
              "runningNodeCount": 1,
              "idleNodeCount": 3,
              "unusableNodeCount": 0,
              "leavingNodeCount": 0,
              "preemptedNodeCount": 0
            },
            "allocationState": "Steady",
            "allocationStateTransitionTime": "2022-06-15T21:30:56.721\u002B00:00",
            "errors": null,
            "remoteLoginPortPublicAccess": "Enabled",
            "osType": "Linux",
            "virtualMachineImage": null,
            "isolatedNetwork": false,
            "propertyBag": {}
          }
        }
      }
    },
    {
      "RequestUri": "https://management.azure.com/subscriptions/00000000-0000-0000-0000-000000000/resourceGroups/00000/providers/Microsoft.MachineLearningServices/workspaces/sdk_vnext_cli/datastores/workspaceblobstore?api-version=2022-05-01",
      "RequestMethod": "GET",
      "RequestHeaders": {
        "Accept": "application/json",
        "Accept-Encoding": "gzip, deflate",
        "Connection": "keep-alive",
        "User-Agent": "azure-ai-ml/0.1.0b4 azsdk-python-mgmt-machinelearningservices/0.1.0 Python/3.8.6 (Windows-10-10.0.22000-SP0)"
      },
      "RequestBody": null,
      "StatusCode": 200,
      "ResponseHeaders": {
        "Cache-Control": "no-cache",
        "Content-Encoding": "gzip",
        "Content-Type": "application/json; charset=utf-8",
        "Date": "Wed, 15 Jun 2022 21:39:07 GMT",
        "Expires": "-1",
        "Pragma": "no-cache",
        "Request-Context": "appId=cid-v1:2d2e8e63-272e-4b3c-8598-4ee570a0e70d",
        "Strict-Transport-Security": "max-age=31536000; includeSubDomains",
        "Transfer-Encoding": "chunked",
        "Vary": [
          "Accept-Encoding",
          "Accept-Encoding"
        ],
        "x-aml-cluster": "vienna-westus2-02",
        "X-Content-Type-Options": "nosniff",
        "x-ms-correlation-request-id": "eb150e85-fb5d-431a-8980-77e892732487",
        "x-ms-ratelimit-remaining-subscription-reads": "11861",
        "x-ms-response-type": "standard",
        "x-ms-routing-request-id": "CANADACENTRAL:20220615T213908Z:eb150e85-fb5d-431a-8980-77e892732487",
        "x-request-time": "0.120"
      },
      "ResponseBody": {
        "id": "/subscriptions/00000000-0000-0000-0000-000000000/resourceGroups/00000/providers/Microsoft.MachineLearningServices/workspaces/sdk_vnext_cli/datastores/workspaceblobstore",
        "name": "workspaceblobstore",
        "type": "Microsoft.MachineLearningServices/workspaces/datastores",
        "properties": {
          "description": null,
          "tags": null,
          "properties": null,
          "isDefault": true,
          "credentials": {
            "credentialsType": "AccountKey"
          },
          "datastoreType": "AzureBlob",
          "accountName": "sacfxu3euzmal3o",
          "containerName": "azureml-blobstore-60073e53-722a-4f65-9800-09c562dd3717",
          "endpoint": "core.windows.net",
          "protocol": "https",
          "serviceDataAccessAuthIdentity": "WorkspaceSystemAssignedIdentity"
        },
        "systemData": {
          "createdAt": "2022-06-03T21:04:54.4490272Z",
          "createdBy": "779301c0-18b2-4cdc-801b-a0a3368fee0a",
          "createdByType": "Application",
          "lastModifiedAt": "2022-06-03T21:04:55.1259563Z",
          "lastModifiedBy": "779301c0-18b2-4cdc-801b-a0a3368fee0a",
          "lastModifiedByType": "Application"
        }
      }
    },
    {
      "RequestUri": "https://management.azure.com/subscriptions/00000000-0000-0000-0000-000000000/resourceGroups/00000/providers/Microsoft.MachineLearningServices/workspaces/sdk_vnext_cli/datastores/workspaceblobstore/listSecrets?api-version=2022-05-01",
      "RequestMethod": "POST",
      "RequestHeaders": {
        "Accept": "application/json",
        "Accept-Encoding": "gzip, deflate",
        "Connection": "keep-alive",
        "Content-Length": "0",
        "User-Agent": "azure-ai-ml/0.1.0b4 azsdk-python-mgmt-machinelearningservices/0.1.0 Python/3.8.6 (Windows-10-10.0.22000-SP0)"
      },
      "RequestBody": null,
      "StatusCode": 200,
      "ResponseHeaders": {
        "Cache-Control": "no-cache",
        "Content-Encoding": "gzip",
        "Content-Type": "application/json; charset=utf-8",
        "Date": "Wed, 15 Jun 2022 21:39:08 GMT",
        "Expires": "-1",
        "Pragma": "no-cache",
        "Request-Context": "appId=cid-v1:2d2e8e63-272e-4b3c-8598-4ee570a0e70d",
        "Strict-Transport-Security": "max-age=31536000; includeSubDomains",
        "Transfer-Encoding": "chunked",
        "Vary": "Accept-Encoding",
        "x-aml-cluster": "vienna-westus2-02",
        "X-Content-Type-Options": "nosniff",
        "x-ms-correlation-request-id": "f52ec00f-56f9-41ea-86f5-64b8c3497d15",
        "x-ms-ratelimit-remaining-subscription-writes": "1171",
        "x-ms-response-type": "standard",
        "x-ms-routing-request-id": "CANADACENTRAL:20220615T213908Z:f52ec00f-56f9-41ea-86f5-64b8c3497d15",
        "x-request-time": "0.152"
      },
      "ResponseBody": {
        "secretsType": "AccountKey",
        "key": "Xrs2emqAqMS/ppRCp/cE6YBt3vaOinxbFAtp\u002B1uNtXZx6rdyZP4JyiFXgLOhv\u002Bm1wd0DKh\u002BFdB9f\u002BASt9EEucw=="
      }
    },
    {
      "RequestUri": "https://sacfxu3euzmal3o.blob.core.windows.net/azureml-blobstore-60073e53-722a-4f65-9800-09c562dd3717/LocalUpload/a9fb094b-288c-4332-9303-8b3770662885/COMPONENT_PLACEHOLDER",
      "RequestMethod": "HEAD",
      "RequestHeaders": {
        "Accept": "application/xml",
        "Accept-Encoding": "gzip, deflate",
        "Connection": "keep-alive",
        "User-Agent": "azsdk-python-storage-blob/12.9.0 Python/3.8.6 (Windows-10-10.0.22000-SP0)",
        "x-ms-date": "Wed, 15 Jun 2022 21:39:09 GMT",
        "x-ms-version": "2020-10-02"
      },
      "RequestBody": null,
      "StatusCode": 404,
      "ResponseHeaders": {
        "Date": "Wed, 15 Jun 2022 21:39:07 GMT",
        "Server": [
          "Windows-Azure-Blob/1.0",
          "Microsoft-HTTPAPI/2.0"
        ],
        "Transfer-Encoding": "chunked",
        "Vary": "Origin",
        "x-ms-error-code": "BlobNotFound",
        "x-ms-version": "2020-10-02"
      },
      "ResponseBody": null
    },
    {
      "RequestUri": "https://sacfxu3euzmal3o.blob.core.windows.net/azureml-blobstore-60073e53-722a-4f65-9800-09c562dd3717/LocalUpload/a9fb094b-288c-4332-9303-8b3770662885/COMPONENT_PLACEHOLDER",
      "RequestMethod": "PUT",
      "RequestHeaders": {
        "Accept": "application/xml",
        "Accept-Encoding": "gzip, deflate",
        "Connection": "keep-alive",
        "Content-Length": "35",
        "Content-MD5": "L/DnSpFIn\u002BjaQWc\u002BsUQdcw==",
        "Content-Type": "application/octet-stream",
        "If-None-Match": "*",
        "User-Agent": "azsdk-python-storage-blob/12.9.0 Python/3.8.6 (Windows-10-10.0.22000-SP0)",
        "x-ms-blob-type": "BlockBlob",
        "x-ms-date": "Wed, 15 Jun 2022 21:39:09 GMT",
        "x-ms-version": "2020-10-02"
      },
      "RequestBody": "Y29tbWFuZF9jb21wb25lbnQ6IGNvZGVfcGxhY2Vob2xkZXI=",
      "StatusCode": 201,
      "ResponseHeaders": {
        "Content-Length": "0",
        "Content-MD5": "L/DnSpFIn\u002BjaQWc\u002BsUQdcw==",
        "Date": "Wed, 15 Jun 2022 21:39:07 GMT",
        "ETag": "\u00220x8DA4F177AA2ACAA\u0022",
        "Last-Modified": "Wed, 15 Jun 2022 21:39:08 GMT",
        "Server": [
          "Windows-Azure-Blob/1.0",
          "Microsoft-HTTPAPI/2.0"
        ],
        "x-ms-content-crc64": "KWRPkj\u002BQ\u002BTE=",
        "x-ms-request-server-encrypted": "true",
        "x-ms-version": "2020-10-02"
      },
      "ResponseBody": null
    },
    {
      "RequestUri": "https://sacfxu3euzmal3o.blob.core.windows.net/azureml-blobstore-60073e53-722a-4f65-9800-09c562dd3717/LocalUpload/a9fb094b-288c-4332-9303-8b3770662885/COMPONENT_PLACEHOLDER?comp=metadata",
      "RequestMethod": "PUT",
      "RequestHeaders": {
        "Accept": "application/xml",
        "Accept-Encoding": "gzip, deflate",
        "Connection": "keep-alive",
        "Content-Length": "0",
        "User-Agent": "azsdk-python-storage-blob/12.9.0 Python/3.8.6 (Windows-10-10.0.22000-SP0)",
        "x-ms-date": "Wed, 15 Jun 2022 21:39:09 GMT",
        "x-ms-meta-name": "c4de5b44-8386-4f35-94d3-e5b3b1006297",
        "x-ms-meta-upload_status": "completed",
        "x-ms-meta-version": "1",
        "x-ms-version": "2020-10-02"
      },
      "RequestBody": null,
      "StatusCode": 200,
      "ResponseHeaders": {
        "Content-Length": "0",
        "Date": "Wed, 15 Jun 2022 21:39:08 GMT",
        "ETag": "\u00220x8DA4F177AB23ABB\u0022",
        "Last-Modified": "Wed, 15 Jun 2022 21:39:08 GMT",
        "Server": [
          "Windows-Azure-Blob/1.0",
          "Microsoft-HTTPAPI/2.0"
        ],
        "x-ms-request-server-encrypted": "true",
        "x-ms-version": "2020-10-02"
      },
      "ResponseBody": null
    },
    {
      "RequestUri": "https://management.azure.com/subscriptions/00000000-0000-0000-0000-000000000/resourceGroups/00000/providers/Microsoft.MachineLearningServices/workspaces/sdk_vnext_cli/codes/c4de5b44-8386-4f35-94d3-e5b3b1006297/versions/1?api-version=2022-05-01",
      "RequestMethod": "PUT",
      "RequestHeaders": {
        "Accept": "application/json",
        "Accept-Encoding": "gzip, deflate",
        "Connection": "keep-alive",
        "Content-Length": "222",
        "Content-Type": "application/json",
        "User-Agent": "azure-ai-ml/0.1.0b4 azsdk-python-mgmt-machinelearningservices/0.1.0 Python/3.8.6 (Windows-10-10.0.22000-SP0)"
      },
      "RequestBody": {
        "properties": {
          "isAnonymous": true,
          "isArchived": false,
          "codeUri": "https://sacfxu3euzmal3o.blob.core.windows.net/azureml-blobstore-60073e53-722a-4f65-9800-09c562dd3717/LocalUpload/a9fb094b-288c-4332-9303-8b3770662885"
        }
      },
      "StatusCode": 201,
      "ResponseHeaders": {
        "Cache-Control": "no-cache",
        "Content-Length": "919",
        "Content-Type": "application/json; charset=utf-8",
        "Date": "Wed, 15 Jun 2022 21:39:09 GMT",
        "Expires": "-1",
        "Location": "https://management.azure.com/subscriptions/00000000-0000-0000-0000-000000000/resourceGroups/00000/providers/Microsoft.MachineLearningServices/workspaces/sdk_vnext_cli/codes/c4de5b44-8386-4f35-94d3-e5b3b1006297/versions/1?api-version=2022-05-01",
        "Pragma": "no-cache",
        "Request-Context": "appId=cid-v1:2d2e8e63-272e-4b3c-8598-4ee570a0e70d",
        "Strict-Transport-Security": "max-age=31536000; includeSubDomains",
        "x-aml-cluster": "vienna-westus2-02",
        "X-Content-Type-Options": "nosniff",
        "x-ms-correlation-request-id": "9cea21e3-7d7d-432a-813c-e0874ec89ce0",
        "x-ms-ratelimit-remaining-subscription-writes": "1139",
        "x-ms-response-type": "standard",
        "x-ms-routing-request-id": "CANADACENTRAL:20220615T213909Z:9cea21e3-7d7d-432a-813c-e0874ec89ce0",
        "x-request-time": "0.118"
      },
      "ResponseBody": {
        "id": "/subscriptions/00000000-0000-0000-0000-000000000/resourceGroups/00000/providers/Microsoft.MachineLearningServices/workspaces/sdk_vnext_cli/codes/c4de5b44-8386-4f35-94d3-e5b3b1006297/versions/1",
        "name": "1",
        "type": "Microsoft.MachineLearningServices/workspaces/codes/versions",
        "properties": {
          "description": null,
          "tags": {},
          "properties": {},
          "isArchived": false,
          "isAnonymous": false,
          "codeUri": "https://sacfxu3euzmal3o.blob.core.windows.net/azureml-blobstore-60073e53-722a-4f65-9800-09c562dd3717/LocalUpload/a9fb094b-288c-4332-9303-8b3770662885"
        },
        "systemData": {
          "createdAt": "2022-06-15T21:39:09.5793063Z",
          "createdBy": "6f5d7923-5be8-4e72-bf1b-d7d92ab7f00c",
          "createdByType": "Application",
          "lastModifiedAt": "2022-06-15T21:39:09.5793063Z",
          "lastModifiedBy": "6f5d7923-5be8-4e72-bf1b-d7d92ab7f00c",
          "lastModifiedByType": "Application"
        }
      }
    },
    {
      "RequestUri": "https://management.azure.com/subscriptions/00000000-0000-0000-0000-000000000/resourceGroups/00000/providers/Microsoft.MachineLearningServices/workspaces/sdk_vnext_cli/components/64c8d53c-139d-04b1-5f10-8c8475d0a2b1/versions/1?api-version=2022-05-01",
      "RequestMethod": "PUT",
      "RequestHeaders": {
        "Accept": "application/json",
        "Accept-Encoding": "gzip, deflate",
        "Connection": "keep-alive",
        "Content-Length": "1976",
        "Content-Type": "application/json",
        "User-Agent": "azure-ai-ml/0.1.0b4 azsdk-python-mgmt-machinelearningservices/0.1.0 Python/3.8.6 (Windows-10-10.0.22000-SP0)"
      },
      "RequestBody": {
        "properties": {
          "description": "This is the basic command component",
          "properties": {},
          "tags": {
            "tag": "tagvalue",
            "owner": "sdkteam"
          },
          "isAnonymous": true,
          "isArchived": false,
          "componentSpec": {
            "$schema": "https://azuremlschemas.azureedge.net/development/commandComponent.schema.json",
            "name": "64c8d53c-139d-04b1-5f10-8c8475d0a2b1",
            "version": "1",
            "display_name": "CommandComponentBasic",
            "description": "This is the basic command component",
            "tags": {
              "tag": "tagvalue",
              "owner": "sdkteam"
            },
            "is_deterministic": true,
            "inputs": {
              "component_in_number": {
                "type": "number",
                "default": "10.99",
                "description": "A number"
              },
              "component_in_integer": {
                "type": "integer",
                "default": "3",
                "description": "A number"
              },
              "component_in_string": {
                "type": "string",
                "default": "Hello World",
                "description": "A string"
              },
              "component_in_other_string": {
                "type": "string",
                "default": "Hello World",
                "description": "A string"
              },
              "component_in_folder": {
                "type": "uri_folder",
                "optional": true,
                "description": "A folder"
              },
              "component_in_file": {
                "type": "uri_file",
                "optional": true,
                "description": "A file"
              }
            },
            "outputs": {
              "component_out_folder": {
                "type": "uri_folder"
              }
            },
            "type": "command",
            "command": "echo Hello World \u0026 echo ${{inputs.component_in_integer}} \u0026 echo ${{inputs.component_in_number}} \u0026 echo ${{inputs.component_in_string}} \u0026 echo ${{inputs.component_in_other_string}} \u0026 [echo ${{inputs.component_in_file}} \u0026] [echo ${{inputs.component_in_folder}} \u0026] echo ${{outputs.component_out_folder}} \u003E ${{outputs.component_out_folder}}/sample1.csv",
            "code": "azureml:/subscriptions/00000000-0000-0000-0000-000000000/resourceGroups/00000/providers/Microsoft.MachineLearningServices/workspaces/sdk_vnext_cli/codes/c4de5b44-8386-4f35-94d3-e5b3b1006297/versions/1",
            "environment": "azureml:/subscriptions/00000000-0000-0000-0000-000000000/resourceGroups/00000/providers/Microsoft.MachineLearningServices/workspaces/sdk_vnext_cli/environments/AzureML-sklearn-0.24-ubuntu18.04-py37-cpu/versions/1"
          }
        }
      },
      "StatusCode": 201,
      "ResponseHeaders": {
        "Cache-Control": "no-cache",
        "Content-Length": "3246",
        "Content-Type": "application/json; charset=utf-8",
        "Date": "Wed, 15 Jun 2022 21:39:10 GMT",
        "Expires": "-1",
        "Location": "https://management.azure.com/subscriptions/00000000-0000-0000-0000-000000000/resourceGroups/00000/providers/Microsoft.MachineLearningServices/workspaces/sdk_vnext_cli/components/64c8d53c-139d-04b1-5f10-8c8475d0a2b1/versions/1?api-version=2022-05-01",
        "Pragma": "no-cache",
        "Request-Context": "appId=cid-v1:2d2e8e63-272e-4b3c-8598-4ee570a0e70d",
        "Strict-Transport-Security": "max-age=31536000; includeSubDomains",
        "x-aml-cluster": "vienna-westus2-02",
        "X-Content-Type-Options": "nosniff",
        "x-ms-correlation-request-id": "efdbc176-da4f-4085-9e69-8c8588d5f877",
        "x-ms-ratelimit-remaining-subscription-writes": "1138",
        "x-ms-response-type": "standard",
        "x-ms-routing-request-id": "CANADACENTRAL:20220615T213910Z:efdbc176-da4f-4085-9e69-8c8588d5f877",
        "x-request-time": "0.895"
      },
      "ResponseBody": {
        "id": "/subscriptions/00000000-0000-0000-0000-000000000/resourceGroups/00000/providers/Microsoft.MachineLearningServices/workspaces/sdk_vnext_cli/components/64c8d53c-139d-04b1-5f10-8c8475d0a2b1/versions/1",
        "name": "1",
        "type": "Microsoft.MachineLearningServices/workspaces/components/versions",
        "properties": {
          "description": null,
          "tags": {
            "tag": "tagvalue",
            "owner": "sdkteam"
          },
          "properties": {},
          "isArchived": false,
          "isAnonymous": true,
          "componentSpec": {
            "name": "64c8d53c-139d-04b1-5f10-8c8475d0a2b1",
            "version": "1",
            "display_name": "CommandComponentBasic",
            "is_deterministic": "True",
            "type": "command",
            "description": "This is the basic command component",
            "tags": {
              "tag": "tagvalue",
              "owner": "sdkteam"
            },
            "inputs": {
              "component_in_folder": {
                "type": "uri_folder",
                "optional": "True",
                "description": "A folder"
              },
              "component_in_file": {
                "type": "uri_file",
                "optional": "True",
                "description": "A file"
              },
              "component_in_number": {
                "type": "number",
                "optional": "False",
                "default": "10.99",
                "description": "A number"
              },
              "component_in_integer": {
                "type": "integer",
                "optional": "False",
                "default": "3",
                "description": "A number"
              },
              "component_in_string": {
                "type": "string",
                "optional": "False",
                "default": "Hello World",
                "description": "A string"
              },
              "component_in_other_string": {
                "type": "string",
                "optional": "False",
                "default": "Hello World",
                "description": "A string"
              }
            },
            "outputs": {
              "component_out_folder": {
                "type": "uri_folder"
              }
            },
            "code": "azureml:/subscriptions/00000000-0000-0000-0000-000000000/resourceGroups/00000/providers/Microsoft.MachineLearningServices/workspaces/sdk_vnext_cli/codes/c4de5b44-8386-4f35-94d3-e5b3b1006297/versions/1",
            "environment": "azureml:/subscriptions/00000000-0000-0000-0000-000000000/resourceGroups/00000/providers/Microsoft.MachineLearningServices/workspaces/sdk_vnext_cli/environments/AzureML-sklearn-0.24-ubuntu18.04-py37-cpu/versions/1",
            "resources": {
              "instance_count": "1"
            },
            "command": "echo Hello World \u0026 echo ${{inputs.component_in_integer}} \u0026 echo ${{inputs.component_in_number}} \u0026 echo ${{inputs.component_in_string}} \u0026 echo ${{inputs.component_in_other_string}} \u0026 [echo ${{inputs.component_in_file}} \u0026] [echo ${{inputs.component_in_folder}} \u0026] echo ${{outputs.component_out_folder}} \u003E ${{outputs.component_out_folder}}/sample1.csv",
            "$schema": "https://azuremlschemas.azureedge.net/development/commandComponent.schema.json"
          }
        },
        "systemData": {
          "createdAt": "2022-06-15T21:39:10.2437932Z",
          "createdBy": "6f5d7923-5be8-4e72-bf1b-d7d92ab7f00c",
          "createdByType": "Application",
          "lastModifiedAt": "2022-06-15T21:39:10.5131209Z",
          "lastModifiedBy": "6f5d7923-5be8-4e72-bf1b-d7d92ab7f00c",
          "lastModifiedByType": "Application"
        }
      }
    },
    {
      "RequestUri": "https://management.azure.com/subscriptions/00000000-0000-0000-0000-000000000/resourceGroups/00000/providers/Microsoft.MachineLearningServices/workspaces/sdk_vnext_cli/datastores/workspaceblobstore?api-version=2022-05-01",
      "RequestMethod": "GET",
      "RequestHeaders": {
        "Accept": "application/json",
        "Accept-Encoding": "gzip, deflate",
        "Connection": "keep-alive",
        "User-Agent": "azure-ai-ml/0.1.0b4 azsdk-python-mgmt-machinelearningservices/0.1.0 Python/3.8.6 (Windows-10-10.0.22000-SP0)"
      },
      "RequestBody": null,
      "StatusCode": 200,
      "ResponseHeaders": {
        "Cache-Control": "no-cache",
        "Content-Encoding": "gzip",
        "Content-Type": "application/json; charset=utf-8",
        "Date": "Wed, 15 Jun 2022 21:39:10 GMT",
        "Expires": "-1",
        "Pragma": "no-cache",
        "Request-Context": "appId=cid-v1:2d2e8e63-272e-4b3c-8598-4ee570a0e70d",
        "Strict-Transport-Security": "max-age=31536000; includeSubDomains",
        "Transfer-Encoding": "chunked",
        "Vary": [
          "Accept-Encoding",
          "Accept-Encoding"
        ],
        "x-aml-cluster": "vienna-westus2-02",
        "X-Content-Type-Options": "nosniff",
        "x-ms-correlation-request-id": "1490484a-92f2-4c2a-a222-4e34fba60f13",
        "x-ms-ratelimit-remaining-subscription-reads": "11860",
        "x-ms-response-type": "standard",
        "x-ms-routing-request-id": "CANADACENTRAL:20220615T213911Z:1490484a-92f2-4c2a-a222-4e34fba60f13",
        "x-request-time": "0.107"
      },
      "ResponseBody": {
        "id": "/subscriptions/00000000-0000-0000-0000-000000000/resourceGroups/00000/providers/Microsoft.MachineLearningServices/workspaces/sdk_vnext_cli/datastores/workspaceblobstore",
        "name": "workspaceblobstore",
        "type": "Microsoft.MachineLearningServices/workspaces/datastores",
        "properties": {
          "description": null,
          "tags": null,
          "properties": null,
          "isDefault": true,
          "credentials": {
            "credentialsType": "AccountKey"
          },
          "datastoreType": "AzureBlob",
          "accountName": "sacfxu3euzmal3o",
          "containerName": "azureml-blobstore-60073e53-722a-4f65-9800-09c562dd3717",
          "endpoint": "core.windows.net",
          "protocol": "https",
          "serviceDataAccessAuthIdentity": "WorkspaceSystemAssignedIdentity"
        },
        "systemData": {
          "createdAt": "2022-06-03T21:04:54.4490272Z",
          "createdBy": "779301c0-18b2-4cdc-801b-a0a3368fee0a",
          "createdByType": "Application",
          "lastModifiedAt": "2022-06-03T21:04:55.1259563Z",
          "lastModifiedBy": "779301c0-18b2-4cdc-801b-a0a3368fee0a",
          "lastModifiedByType": "Application"
        }
      }
    },
    {
      "RequestUri": "https://management.azure.com/subscriptions/00000000-0000-0000-0000-000000000/resourceGroups/00000/providers/Microsoft.MachineLearningServices/workspaces/sdk_vnext_cli/datastores/workspaceblobstore/listSecrets?api-version=2022-05-01",
      "RequestMethod": "POST",
      "RequestHeaders": {
        "Accept": "application/json",
        "Accept-Encoding": "gzip, deflate",
        "Connection": "keep-alive",
        "Content-Length": "0",
        "User-Agent": "azure-ai-ml/0.1.0b4 azsdk-python-mgmt-machinelearningservices/0.1.0 Python/3.8.6 (Windows-10-10.0.22000-SP0)"
      },
      "RequestBody": null,
      "StatusCode": 200,
      "ResponseHeaders": {
        "Cache-Control": "no-cache",
        "Content-Encoding": "gzip",
        "Content-Type": "application/json; charset=utf-8",
        "Date": "Wed, 15 Jun 2022 21:39:11 GMT",
        "Expires": "-1",
        "Pragma": "no-cache",
        "Request-Context": "appId=cid-v1:2d2e8e63-272e-4b3c-8598-4ee570a0e70d",
        "Strict-Transport-Security": "max-age=31536000; includeSubDomains",
        "Transfer-Encoding": "chunked",
        "Vary": "Accept-Encoding",
        "x-aml-cluster": "vienna-westus2-02",
        "X-Content-Type-Options": "nosniff",
        "x-ms-correlation-request-id": "2d38b0db-690d-4af6-ab5f-fb1b28dd1fda",
        "x-ms-ratelimit-remaining-subscription-writes": "1170",
        "x-ms-response-type": "standard",
        "x-ms-routing-request-id": "CANADACENTRAL:20220615T213911Z:2d38b0db-690d-4af6-ab5f-fb1b28dd1fda",
        "x-request-time": "0.130"
      },
      "ResponseBody": {
        "secretsType": "AccountKey",
        "key": "Xrs2emqAqMS/ppRCp/cE6YBt3vaOinxbFAtp\u002B1uNtXZx6rdyZP4JyiFXgLOhv\u002Bm1wd0DKh\u002BFdB9f\u002BASt9EEucw=="
      }
    },
    {
      "RequestUri": "https://sacfxu3euzmal3o.blob.core.windows.net/azureml-blobstore-60073e53-722a-4f65-9800-09c562dd3717/LocalUpload/a9fb094b-288c-4332-9303-8b3770662885/data/sample1.csv",
      "RequestMethod": "HEAD",
      "RequestHeaders": {
        "Accept": "application/xml",
        "Accept-Encoding": "gzip, deflate",
        "Connection": "keep-alive",
        "User-Agent": "azsdk-python-storage-blob/12.9.0 Python/3.8.6 (Windows-10-10.0.22000-SP0)",
        "x-ms-date": "Wed, 15 Jun 2022 21:39:12 GMT",
        "x-ms-version": "2020-10-02"
      },
      "RequestBody": null,
      "StatusCode": 404,
      "ResponseHeaders": {
        "Date": "Wed, 15 Jun 2022 21:39:10 GMT",
        "Server": [
          "Windows-Azure-Blob/1.0",
          "Microsoft-HTTPAPI/2.0"
        ],
        "Transfer-Encoding": "chunked",
        "Vary": "Origin",
        "x-ms-error-code": "BlobNotFound",
        "x-ms-version": "2020-10-02"
      },
      "ResponseBody": null
    },
    {
      "RequestUri": "https://sacfxu3euzmal3o.blob.core.windows.net/azureml-blobstore-60073e53-722a-4f65-9800-09c562dd3717/LocalUpload/a9fb094b-288c-4332-9303-8b3770662885/data/sample1.csv",
      "RequestMethod": "PUT",
      "RequestHeaders": {
        "Accept": "application/xml",
        "Accept-Encoding": "gzip, deflate",
        "Connection": "keep-alive",
        "Content-Length": "508",
        "Content-MD5": "dUQjYq1qrTeqLOaZ4N2AUQ==",
        "Content-Type": "application/octet-stream",
        "If-None-Match": "*",
        "User-Agent": "azsdk-python-storage-blob/12.9.0 Python/3.8.6 (Windows-10-10.0.22000-SP0)",
        "x-ms-blob-type": "BlockBlob",
        "x-ms-date": "Wed, 15 Jun 2022 21:39:12 GMT",
        "x-ms-version": "2020-10-02"
      },
      "RequestBody": "Ik1vbnRoIiwgIkF2ZXJhZ2UiLCAiMjAwNSIsICIyMDA2IiwgIjIwMDciLCAiMjAwOCIsICIyMDA5IiwgIjIwMTAiLCAiMjAxMSIsICIyMDEyIiwgIjIwMTMiLCAiMjAxNCIsICIyMDE1Ig0KIk1heSIsICAwLjEsICAwLCAgMCwgMSwgMSwgMCwgMCwgMCwgMiwgMCwgIDAsICAwDQoiSnVuIiwgIDAuNSwgIDIsICAxLCAxLCAwLCAwLCAxLCAxLCAyLCAyLCAgMCwgIDENCiJKdWwiLCAgMC43LCAgNSwgIDEsIDEsIDIsIDAsIDEsIDMsIDAsIDIsICAyLCAgMQ0KIkF1ZyIsICAyLjMsICA2LCAgMywgMiwgNCwgNCwgNCwgNywgOCwgMiwgIDIsICAzDQoiU2VwIiwgIDMuNSwgIDYsICA0LCA3LCA0LCAyLCA4LCA1LCAyLCA1LCAgMiwgIDUNCiJPY3QiLCAgMi4wLCAgOCwgIDAsIDEsIDMsIDIsIDUsIDEsIDUsIDIsICAzLCAgMA0KIk5vdiIsICAwLjUsICAzLCAgMCwgMCwgMSwgMSwgMCwgMSwgMCwgMSwgIDAsICAxDQoiRGVjIiwgIDAuMCwgIDEsICAwLCAxLCAwLCAwLCAwLCAwLCAwLCAwLCAgMCwgIDENCg==",
      "StatusCode": 201,
      "ResponseHeaders": {
        "Content-Length": "0",
        "Content-MD5": "dUQjYq1qrTeqLOaZ4N2AUQ==",
        "Date": "Wed, 15 Jun 2022 21:39:10 GMT",
        "ETag": "\u00220x8DA4F177C6AF3B8\u0022",
        "Last-Modified": "Wed, 15 Jun 2022 21:39:11 GMT",
        "Server": [
          "Windows-Azure-Blob/1.0",
          "Microsoft-HTTPAPI/2.0"
        ],
        "x-ms-content-crc64": "LmKBlnkUM08=",
        "x-ms-request-server-encrypted": "true",
        "x-ms-version": "2020-10-02"
      },
      "ResponseBody": null
    },
    {
      "RequestUri": "https://sacfxu3euzmal3o.blob.core.windows.net/azureml-blobstore-60073e53-722a-4f65-9800-09c562dd3717/LocalUpload/a9fb094b-288c-4332-9303-8b3770662885/data/sample1.csv?comp=metadata",
      "RequestMethod": "PUT",
      "RequestHeaders": {
        "Accept": "application/xml",
        "Accept-Encoding": "gzip, deflate",
        "Connection": "keep-alive",
        "Content-Length": "0",
        "User-Agent": "azsdk-python-storage-blob/12.9.0 Python/3.8.6 (Windows-10-10.0.22000-SP0)",
        "x-ms-date": "Wed, 15 Jun 2022 21:39:12 GMT",
        "x-ms-meta-name": "f4f0168b-f80d-49db-9353-dc123c881bf8",
        "x-ms-meta-upload_status": "completed",
        "x-ms-meta-version": "77bd9870-9873-4677-a166-2ce75e8f4659",
        "x-ms-version": "2020-10-02"
      },
      "RequestBody": null,
      "StatusCode": 200,
      "ResponseHeaders": {
        "Content-Length": "0",
        "Date": "Wed, 15 Jun 2022 21:39:11 GMT",
        "ETag": "\u00220x8DA4F177C7A5AB8\u0022",
        "Last-Modified": "Wed, 15 Jun 2022 21:39:11 GMT",
        "Server": [
          "Windows-Azure-Blob/1.0",
          "Microsoft-HTTPAPI/2.0"
        ],
        "x-ms-request-server-encrypted": "true",
        "x-ms-version": "2020-10-02"
      },
      "ResponseBody": null
    },
    {
      "RequestUri": "https://management.azure.com/subscriptions/00000000-0000-0000-0000-000000000/resourceGroups/00000/providers/Microsoft.MachineLearningServices/workspaces/sdk_vnext_cli/datastores/workspaceblobstore?api-version=2022-05-01",
      "RequestMethod": "GET",
      "RequestHeaders": {
        "Accept": "application/json",
        "Accept-Encoding": "gzip, deflate",
        "Connection": "keep-alive",
        "User-Agent": "azure-ai-ml/0.1.0b4 azsdk-python-mgmt-machinelearningservices/0.1.0 Python/3.8.6 (Windows-10-10.0.22000-SP0)"
      },
      "RequestBody": null,
      "StatusCode": 200,
      "ResponseHeaders": {
        "Cache-Control": "no-cache",
        "Content-Encoding": "gzip",
        "Content-Type": "application/json; charset=utf-8",
        "Date": "Wed, 15 Jun 2022 21:39:11 GMT",
        "Expires": "-1",
        "Pragma": "no-cache",
        "Request-Context": "appId=cid-v1:2d2e8e63-272e-4b3c-8598-4ee570a0e70d",
        "Strict-Transport-Security": "max-age=31536000; includeSubDomains",
        "Transfer-Encoding": "chunked",
        "Vary": [
          "Accept-Encoding",
          "Accept-Encoding"
        ],
        "x-aml-cluster": "vienna-westus2-02",
        "X-Content-Type-Options": "nosniff",
        "x-ms-correlation-request-id": "59a99e72-a884-4a5a-927e-fe3470a541a5",
        "x-ms-ratelimit-remaining-subscription-reads": "11859",
        "x-ms-response-type": "standard",
        "x-ms-routing-request-id": "CANADACENTRAL:20220615T213912Z:59a99e72-a884-4a5a-927e-fe3470a541a5",
        "x-request-time": "0.112"
      },
      "ResponseBody": {
        "id": "/subscriptions/00000000-0000-0000-0000-000000000/resourceGroups/00000/providers/Microsoft.MachineLearningServices/workspaces/sdk_vnext_cli/datastores/workspaceblobstore",
        "name": "workspaceblobstore",
        "type": "Microsoft.MachineLearningServices/workspaces/datastores",
        "properties": {
          "description": null,
          "tags": null,
          "properties": null,
          "isDefault": true,
          "credentials": {
            "credentialsType": "AccountKey"
          },
          "datastoreType": "AzureBlob",
          "accountName": "sacfxu3euzmal3o",
          "containerName": "azureml-blobstore-60073e53-722a-4f65-9800-09c562dd3717",
          "endpoint": "core.windows.net",
          "protocol": "https",
          "serviceDataAccessAuthIdentity": "WorkspaceSystemAssignedIdentity"
        },
        "systemData": {
          "createdAt": "2022-06-03T21:04:54.4490272Z",
          "createdBy": "779301c0-18b2-4cdc-801b-a0a3368fee0a",
          "createdByType": "Application",
          "lastModifiedAt": "2022-06-03T21:04:55.1259563Z",
          "lastModifiedBy": "779301c0-18b2-4cdc-801b-a0a3368fee0a",
          "lastModifiedByType": "Application"
        }
      }
    },
    {
      "RequestUri": "https://management.azure.com/subscriptions/00000000-0000-0000-0000-000000000/resourceGroups/00000/providers/Microsoft.MachineLearningServices/workspaces/sdk_vnext_cli/datastores/workspaceblobstore/listSecrets?api-version=2022-05-01",
      "RequestMethod": "POST",
      "RequestHeaders": {
        "Accept": "application/json",
        "Accept-Encoding": "gzip, deflate",
        "Connection": "keep-alive",
        "Content-Length": "0",
        "User-Agent": "azure-ai-ml/0.1.0b4 azsdk-python-mgmt-machinelearningservices/0.1.0 Python/3.8.6 (Windows-10-10.0.22000-SP0)"
      },
      "RequestBody": null,
      "StatusCode": 200,
      "ResponseHeaders": {
        "Cache-Control": "no-cache",
        "Content-Encoding": "gzip",
        "Content-Type": "application/json; charset=utf-8",
        "Date": "Wed, 15 Jun 2022 21:39:12 GMT",
        "Expires": "-1",
        "Pragma": "no-cache",
        "Request-Context": "appId=cid-v1:2d2e8e63-272e-4b3c-8598-4ee570a0e70d",
        "Strict-Transport-Security": "max-age=31536000; includeSubDomains",
        "Transfer-Encoding": "chunked",
        "Vary": "Accept-Encoding",
        "x-aml-cluster": "vienna-westus2-02",
        "X-Content-Type-Options": "nosniff",
        "x-ms-correlation-request-id": "9c908736-7fcb-4fd7-95b8-839a0dbb6ce5",
        "x-ms-ratelimit-remaining-subscription-writes": "1169",
        "x-ms-response-type": "standard",
        "x-ms-routing-request-id": "CANADACENTRAL:20220615T213912Z:9c908736-7fcb-4fd7-95b8-839a0dbb6ce5",
        "x-request-time": "0.143"
      },
      "ResponseBody": {
        "secretsType": "AccountKey",
        "key": "Xrs2emqAqMS/ppRCp/cE6YBt3vaOinxbFAtp\u002B1uNtXZx6rdyZP4JyiFXgLOhv\u002Bm1wd0DKh\u002BFdB9f\u002BASt9EEucw=="
      }
    },
    {
      "RequestUri": "https://sacfxu3euzmal3o.blob.core.windows.net/azureml-blobstore-60073e53-722a-4f65-9800-09c562dd3717/LocalUpload/a9fb094b-288c-4332-9303-8b3770662885/sample1.csv",
      "RequestMethod": "HEAD",
      "RequestHeaders": {
        "Accept": "application/xml",
        "Accept-Encoding": "gzip, deflate",
        "Connection": "keep-alive",
        "User-Agent": "azsdk-python-storage-blob/12.9.0 Python/3.8.6 (Windows-10-10.0.22000-SP0)",
        "x-ms-date": "Wed, 15 Jun 2022 21:39:13 GMT",
        "x-ms-version": "2020-10-02"
      },
      "RequestBody": null,
      "StatusCode": 404,
      "ResponseHeaders": {
        "Date": "Wed, 15 Jun 2022 21:39:11 GMT",
        "Server": [
          "Windows-Azure-Blob/1.0",
          "Microsoft-HTTPAPI/2.0"
        ],
        "Transfer-Encoding": "chunked",
        "Vary": "Origin",
        "x-ms-error-code": "BlobNotFound",
        "x-ms-version": "2020-10-02"
      },
      "ResponseBody": null
    },
    {
      "RequestUri": "https://sacfxu3euzmal3o.blob.core.windows.net/azureml-blobstore-60073e53-722a-4f65-9800-09c562dd3717/LocalUpload/a9fb094b-288c-4332-9303-8b3770662885/sample1.csv",
      "RequestMethod": "PUT",
      "RequestHeaders": {
        "Accept": "application/xml",
        "Accept-Encoding": "gzip, deflate",
        "Connection": "keep-alive",
        "Content-Length": "508",
        "Content-MD5": "dUQjYq1qrTeqLOaZ4N2AUQ==",
        "Content-Type": "application/octet-stream",
        "If-None-Match": "*",
        "User-Agent": "azsdk-python-storage-blob/12.9.0 Python/3.8.6 (Windows-10-10.0.22000-SP0)",
        "x-ms-blob-type": "BlockBlob",
        "x-ms-date": "Wed, 15 Jun 2022 21:39:13 GMT",
        "x-ms-version": "2020-10-02"
      },
      "RequestBody": "Ik1vbnRoIiwgIkF2ZXJhZ2UiLCAiMjAwNSIsICIyMDA2IiwgIjIwMDciLCAiMjAwOCIsICIyMDA5IiwgIjIwMTAiLCAiMjAxMSIsICIyMDEyIiwgIjIwMTMiLCAiMjAxNCIsICIyMDE1Ig0KIk1heSIsICAwLjEsICAwLCAgMCwgMSwgMSwgMCwgMCwgMCwgMiwgMCwgIDAsICAwDQoiSnVuIiwgIDAuNSwgIDIsICAxLCAxLCAwLCAwLCAxLCAxLCAyLCAyLCAgMCwgIDENCiJKdWwiLCAgMC43LCAgNSwgIDEsIDEsIDIsIDAsIDEsIDMsIDAsIDIsICAyLCAgMQ0KIkF1ZyIsICAyLjMsICA2LCAgMywgMiwgNCwgNCwgNCwgNywgOCwgMiwgIDIsICAzDQoiU2VwIiwgIDMuNSwgIDYsICA0LCA3LCA0LCAyLCA4LCA1LCAyLCA1LCAgMiwgIDUNCiJPY3QiLCAgMi4wLCAgOCwgIDAsIDEsIDMsIDIsIDUsIDEsIDUsIDIsICAzLCAgMA0KIk5vdiIsICAwLjUsICAzLCAgMCwgMCwgMSwgMSwgMCwgMSwgMCwgMSwgIDAsICAxDQoiRGVjIiwgIDAuMCwgIDEsICAwLCAxLCAwLCAwLCAwLCAwLCAwLCAwLCAgMCwgIDENCg==",
      "StatusCode": 201,
      "ResponseHeaders": {
        "Content-Length": "0",
        "Content-MD5": "dUQjYq1qrTeqLOaZ4N2AUQ==",
        "Date": "Wed, 15 Jun 2022 21:39:11 GMT",
        "ETag": "\u00220x8DA4F177D02B04E\u0022",
        "Last-Modified": "Wed, 15 Jun 2022 21:39:12 GMT",
        "Server": [
          "Windows-Azure-Blob/1.0",
          "Microsoft-HTTPAPI/2.0"
        ],
        "x-ms-content-crc64": "LmKBlnkUM08=",
        "x-ms-request-server-encrypted": "true",
        "x-ms-version": "2020-10-02"
      },
      "ResponseBody": null
    },
    {
      "RequestUri": "https://sacfxu3euzmal3o.blob.core.windows.net/azureml-blobstore-60073e53-722a-4f65-9800-09c562dd3717/LocalUpload/a9fb094b-288c-4332-9303-8b3770662885/sample1.csv?comp=metadata",
      "RequestMethod": "PUT",
      "RequestHeaders": {
        "Accept": "application/xml",
        "Accept-Encoding": "gzip, deflate",
        "Connection": "keep-alive",
        "Content-Length": "0",
        "User-Agent": "azsdk-python-storage-blob/12.9.0 Python/3.8.6 (Windows-10-10.0.22000-SP0)",
        "x-ms-date": "Wed, 15 Jun 2022 21:39:13 GMT",
        "x-ms-meta-name": "bc8f908e-7005-4978-adb4-7694f1e4acb5",
        "x-ms-meta-upload_status": "completed",
        "x-ms-meta-version": "a430f80b-d59f-4985-9cc3-b851a45a6a27",
        "x-ms-version": "2020-10-02"
      },
      "RequestBody": null,
      "StatusCode": 200,
      "ResponseHeaders": {
        "Content-Length": "0",
        "Date": "Wed, 15 Jun 2022 21:39:12 GMT",
        "ETag": "\u00220x8DA4F177D12656A\u0022",
        "Last-Modified": "Wed, 15 Jun 2022 21:39:12 GMT",
        "Server": [
          "Windows-Azure-Blob/1.0",
          "Microsoft-HTTPAPI/2.0"
        ],
        "x-ms-request-server-encrypted": "true",
        "x-ms-version": "2020-10-02"
      },
      "ResponseBody": null
    },
    {
      "RequestUri": "https://management.azure.com/subscriptions/00000000-0000-0000-0000-000000000/resourceGroups/00000/providers/Microsoft.MachineLearningServices/workspaces/sdk_vnext_cli/computes/cpu-cluster?api-version=2022-01-01-preview",
      "RequestMethod": "GET",
      "RequestHeaders": {
        "Accept": "application/json",
        "Accept-Encoding": "gzip, deflate",
        "Connection": "keep-alive",
        "User-Agent": "azure-ai-ml/0.1.0b4 azsdk-python-mgmt-machinelearningservices/0.1.0 Python/3.8.6 (Windows-10-10.0.22000-SP0)"
      },
      "RequestBody": null,
      "StatusCode": 200,
      "ResponseHeaders": {
        "Cache-Control": "no-cache",
        "Content-Encoding": "gzip",
        "Content-Type": "application/json; charset=utf-8",
        "Date": "Wed, 15 Jun 2022 21:39:12 GMT",
        "Expires": "-1",
        "Pragma": "no-cache",
        "Request-Context": "appId=cid-v1:2d2e8e63-272e-4b3c-8598-4ee570a0e70d",
        "Strict-Transport-Security": "max-age=31536000; includeSubDomains",
        "Transfer-Encoding": "chunked",
        "Vary": [
          "Accept-Encoding",
          "Accept-Encoding"
        ],
        "x-aml-cluster": "vienna-westus2-01",
        "X-Content-Type-Options": "nosniff",
        "x-ms-correlation-request-id": "5e1f7850-60d3-4157-b727-cf441531095a",
        "x-ms-ratelimit-remaining-subscription-reads": "11858",
        "x-ms-response-type": "standard",
        "x-ms-routing-request-id": "CANADACENTRAL:20220615T213913Z:5e1f7850-60d3-4157-b727-cf441531095a",
        "x-request-time": "0.050"
      },
      "ResponseBody": {
        "id": "/subscriptions/00000000-0000-0000-0000-000000000/resourceGroups/00000/providers/Microsoft.MachineLearningServices/workspaces/sdk_vnext_cli/computes/cpu-cluster",
        "name": "cpu-cluster",
        "type": "Microsoft.MachineLearningServices/workspaces/computes",
        "location": "westus2",
        "tags": {},
        "properties": {
          "createdOn": "2022-06-03T21:05:02.0910759\u002B00:00",
          "modifiedOn": "2022-06-03T21:05:05.7177499\u002B00:00",
          "disableLocalAuth": false,
          "description": null,
          "resourceId": null,
          "computeType": "AmlCompute",
          "computeLocation": "westus2",
          "provisioningState": "Succeeded",
          "provisioningErrors": null,
          "isAttachedCompute": false,
          "properties": {
            "vmSize": "STANDARD_DS2_V2",
            "vmPriority": "Dedicated",
            "scaleSettings": {
              "maxNodeCount": 4,
              "minNodeCount": 0,
              "nodeIdleTimeBeforeScaleDown": "PT2M"
            },
            "subnet": null,
            "currentNodeCount": 4,
            "targetNodeCount": 4,
            "nodeStateCounts": {
              "preparingNodeCount": 0,
              "runningNodeCount": 1,
              "idleNodeCount": 3,
              "unusableNodeCount": 0,
              "leavingNodeCount": 0,
              "preemptedNodeCount": 0
            },
            "allocationState": "Steady",
            "allocationStateTransitionTime": "2022-06-15T21:30:56.721\u002B00:00",
            "errors": null,
            "remoteLoginPortPublicAccess": "Enabled",
            "osType": "Linux",
            "virtualMachineImage": null,
            "isolatedNetwork": false,
            "propertyBag": {}
          }
        }
      }
    },
    {
      "RequestUri": "https://login.microsoftonline.com/72f988bf-86f1-41af-91ab-2d7cd011db47/oauth2/v2.0/token",
      "RequestMethod": "POST",
      "RequestHeaders": {
        "Accept": "application/json",
        "Accept-Encoding": "gzip, deflate",
        "client-request-id": "4d26b0dc-f4fd-4a02-8843-e1c3187272c6",
        "Connection": "keep-alive",
        "Content-Length": "287",
        "Content-Type": "application/x-www-form-urlencoded",
        "Cookie": "fpc=AvI5LwzDlFJGk1F7dBrORLpNXR-uEQAAACNIPNoOAAAALTeglgcAAAAoSDzaDgAAALOiI9sMAAAAPkg82g4AAAA; stsservicecookie=estsfd; x-ms-gateway-slice=estsfd",
        "User-Agent": "azsdk-python-identity/1.11.0b2 Python/3.8.6 (Windows-10-10.0.22000-SP0)",
        "x-client-cpu": "x64",
        "x-client-current-telemetry": "4|730,0|",
        "x-client-last-telemetry": "4|1|||",
        "x-client-os": "win32",
        "x-client-sku": "MSAL.Python",
        "x-client-ver": "1.18.0",
        "x-ms-lib-capability": "retry-after, h429"
      },
      "RequestBody": "client_id=6f5d7923-5be8-4e72-bf1b-d7d92ab7f00c\u0026grant_type=client_credentials\u0026client_info=1\u0026client_secret=T~W8Q~GzhJ6x._7UHB-8KwvUNlfoT.2AFqvz6bnK\u0026claims=%7B%22access_token%22%3A\u002B%7B%22xms_cc%22%3A\u002B%7B%22values%22%3A\u002B%5B%22CP1%22%5D%7D%7D%7D\u0026scope=https%3A%2F%2Fml.azure.com%2F%2F.default",
      "StatusCode": 200,
      "ResponseHeaders": {
        "Cache-Control": "no-store, no-cache",
        "client-request-id": "4d26b0dc-f4fd-4a02-8843-e1c3187272c6",
        "Content-Length": "111",
        "Content-Type": "application/json; charset=utf-8",
        "Date": "Wed, 15 Jun 2022 21:39:13 GMT",
        "Expires": "-1",
        "P3P": "CP=\u0022DSP CUR OTPi IND OTRi ONL FIN\u0022",
        "Pragma": "no-cache",
        "Set-Cookie": [
          "fpc=AvI5LwzDlFJGk1F7dBrORLpNXR-uEQAAACNIPNoOAAAALTeglggAAAAoSDzaDgAAALOiI9sMAAAAPkg82g4AAAA; expires=Fri, 15-Jul-2022 21:39:13 GMT; path=/; secure; HttpOnly; SameSite=None",
          "x-ms-gateway-slice=estsfd; path=/; secure; samesite=none; httponly",
          "stsservicecookie=estsfd; path=/; secure; samesite=none; httponly"
        ],
        "Strict-Transport-Security": "max-age=31536000; includeSubDomains",
        "X-Content-Type-Options": "nosniff",
        "x-ms-clitelem": "1,0,0,,",
        "x-ms-ests-server": "2.1.12890.7 - SCUS ProdSlices",
        "X-XSS-Protection": "0"
      },
      "ResponseBody": {
        "token_type": "Bearer",
        "expires_in": 86399,
        "ext_expires_in": 86399,
        "refresh_in": 43199,
        "access_token": "Sanitized"
      }
    },
    {
      "RequestUri": "https://management.azure.com/subscriptions/00000000-0000-0000-0000-000000000/resourceGroups/00000/providers/Microsoft.MachineLearningServices/workspaces/sdk_vnext_cli/jobs/test_184769266468?api-version=2022-02-01-preview",
      "RequestMethod": "PUT",
      "RequestHeaders": {
        "Accept": "application/json",
        "Accept-Encoding": "gzip, deflate",
        "Connection": "keep-alive",
        "Content-Length": "2732",
        "Content-Type": "application/json",
        "User-Agent": "azure-ai-ml/0.1.0b4 azsdk-python-mgmt-machinelearningservices/0.1.0 Python/3.8.6 (Windows-10-10.0.22000-SP0)",
        "x-azureml-token": "eyJ0eXAiOiJKV1QiLCJhbGciOiJSUzI1NiIsIng1dCI6ImpTMVhvMU9XRGpfNTJ2YndHTmd2UU8yVnpNYyIsImtpZCI6ImpTMVhvMU9XRGpfNTJ2YndHTmd2UU8yVnpNYyJ9.eyJhdWQiOiJodHRwczovL21sLmF6dXJlLmNvbS8iLCJpc3MiOiJodHRwczovL3N0cy53aW5kb3dzLm5ldC83MmY5ODhiZi04NmYxLTQxYWYtOTFhYi0yZDdjZDAxMWRiNDcvIiwiaWF0IjoxNjU1MzI4ODUzLCJuYmYiOjE2NTUzMjg4NTMsImV4cCI6MTY1NTQxNTU1MywiYWlvIjoiRTJaZ1lEaDZTTktZZC9zMEZZdDd5N2crc252T0F3QT0iLCJhcHBpZCI6IjZmNWQ3OTIzLTViZTgtNGU3Mi1iZjFiLWQ3ZDkyYWI3ZjAwYyIsImFwcGlkYWNyIjoiMSIsImlkcCI6Imh0dHBzOi8vc3RzLndpbmRvd3MubmV0LzcyZjk4OGJmLTg2ZjEtNDFhZi05MWFiLTJkN2NkMDExZGI0Ny8iLCJvaWQiOiI4NjRmODBhZS00NTNmLTQ3YTktODNlYy1kZmQ4ZGM1ODhlMDMiLCJyaCI6IjAuQVJvQXY0ajVjdkdHcjBHUnF5MTgwQkhiUjE5dnBoamYyeGRNbmRjV05IRXFuTDRhQUFBLiIsInN1YiI6Ijg2NGY4MGFlLTQ1M2YtNDdhOS04M2VjLWRmZDhkYzU4OGUwMyIsInRpZCI6IjcyZjk4OGJmLTg2ZjEtNDFhZi05MWFiLTJkN2NkMDExZGI0NyIsInV0aSI6Im9BNWZFVTladEVxZjltSThWOVlFQUEiLCJ2ZXIiOiIxLjAifQ.BmPGKtSecDZ6oTAealepgytmwQdqn1kd7fk4hzX3PICQEooJkleAB3CFbzBfhXnYYjufL5j2eNeGQuzz9PFMEEOjjqFJf0iB5zfYRTNWZVrh0xNJT7GY5UvHUXgIAtFocttptbPCKfVsDfqM8ExmcNowjOuVWiPLgfGeT0NwUSPKkgWEseysXsCD1DM-ZdkBeQGEzfa8P3xAFtDOXf2POZ5uDCm_tGi-8AR8ebwNbSq4et-pYZdz87zYHtFgX1ij6MHEEznuhceDpiTmZ5oGjjqlszexmzUOyi4HEQvmPelrb1aildMQ5ALpnFvNHL5dbMa6LtsFNoEkE2q1kuelew"
      },
      "RequestBody": {
        "properties": {
          "description": "The hello world pipeline job with data binding",
          "properties": {
            "mlflow.source.git.repoURL": "https://github.com/needuv/azure-sdk-for-python.git",
            "mlflow.source.git.branch": "needuv/add-test-resources",
            "mlflow.source.git.commit": "753a9f13bc893753ce8d8dcc337ffe77447112d1",
            "azureml.git.dirty": "True"
          },
          "tags": {
            "tag": "tagvalue",
            "owner": "sdkteam"
          },
          "computeId": "/subscriptions/00000000-0000-0000-0000-000000000/resourceGroups/00000/providers/Microsoft.MachineLearningServices/workspaces/sdk_vnext_cli/computes/cpu-cluster",
          "displayName": "pipeline_with_data_binding",
          "experimentName": "azure-ai-ml",
          "isArchived": false,
          "jobType": "Pipeline",
          "inputs": {
            "job_in_number": {
              "jobInputType": "Literal",
              "value": "1"
            },
            "job_in_string": {
              "jobInputType": "Literal",
              "value": "hello"
            },
            "job_in_folder": {
              "mode": "ReadOnlyMount",
              "uri": "azureml://datastores/workspaceblobstore/paths/LocalUpload/a9fb094b-288c-4332-9303-8b3770662885/data/",
              "jobInputType": "UriFolder"
            },
            "job_in_file": {
              "mode": "ReadOnlyMount",
              "uri": "azureml://datastores/workspaceblobstore/paths/LocalUpload/a9fb094b-288c-4332-9303-8b3770662885/sample1.csv",
              "jobInputType": "UriFile"
            },
            "target_compute": {
              "jobInputType": "Literal",
              "value": "cpu-cluster"
            },
            "output_file_name": {
              "jobInputType": "Literal",
              "value": "sample1.csv"
            }
          },
          "jobs": {
            "job_input_binding": {
              "distribution": {
                "distribution_type": "Mpi",
                "process_count_per_instance": 1
              },
              "environment_variables": {},
              "name": "job_input_binding",
              "display_name": null,
              "tags": {},
              "computeId": null,
              "inputs": {
                "component_in_number": {
                  "job_input_type": "Literal",
                  "value": "${{parent.inputs.job_in_number}}"
                },
                "component_in_string": {
                  "job_input_type": "Literal",
                  "value": "${{parent.inputs.job_in_string}}"
                },
                "component_in_folder": {
                  "job_input_type": "Literal",
                  "value": "${{parent.inputs.job_in_folder}}"
                }
              },
              "outputs": {},
              "resources": null,
              "limits": null,
              "componentId": "/subscriptions/00000000-0000-0000-0000-000000000/resourceGroups/00000/providers/Microsoft.MachineLearningServices/workspaces/sdk_vnext_cli/components/64c8d53c-139d-04b1-5f10-8c8475d0a2b1/versions/1"
            },
            "node_output_binding": {
              "environment_variables": {},
              "name": "node_output_binding",
              "display_name": null,
              "tags": {},
              "computeId": null,
              "inputs": {
                "component_in_folder": {
                  "job_input_type": "Literal",
                  "value": "${{parent.jobs.job_input_binding.outputs.component_out_folder}}"
                }
              },
              "outputs": {},
              "resources": null,
              "distribution": null,
              "limits": null,
              "componentId": "/subscriptions/00000000-0000-0000-0000-000000000/resourceGroups/00000/providers/Microsoft.MachineLearningServices/workspaces/sdk_vnext_cli/components/64c8d53c-139d-04b1-5f10-8c8475d0a2b1/versions/1"
            }
          },
          "outputs": {},
          "settings": {}
        }
      },
      "StatusCode": 201,
      "ResponseHeaders": {
        "Cache-Control": "no-cache",
        "Content-Length": "5310",
        "Content-Type": "application/json; charset=utf-8",
        "Date": "Wed, 15 Jun 2022 21:39:15 GMT",
        "Expires": "-1",
        "Location": "https://management.azure.com/subscriptions/00000000-0000-0000-0000-000000000/resourceGroups/00000/providers/Microsoft.MachineLearningServices/workspaces/sdk_vnext_cli/jobs/test_184769266468?api-version=2022-02-01-preview",
        "Pragma": "no-cache",
        "Request-Context": "appId=cid-v1:2d2e8e63-272e-4b3c-8598-4ee570a0e70d",
        "Strict-Transport-Security": "max-age=31536000; includeSubDomains",
        "x-aml-cluster": "vienna-westus2-02",
        "X-Content-Type-Options": "nosniff",
        "x-ms-correlation-request-id": "5dc3face-4079-4901-a34c-0c01ab086262",
        "x-ms-ratelimit-remaining-subscription-writes": "1137",
        "x-ms-response-type": "standard",
        "x-ms-routing-request-id": "CANADACENTRAL:20220615T213915Z:5dc3face-4079-4901-a34c-0c01ab086262",
        "x-request-time": "2.095"
      },
      "ResponseBody": {
        "id": "/subscriptions/00000000-0000-0000-0000-000000000/resourceGroups/00000/providers/Microsoft.MachineLearningServices/workspaces/sdk_vnext_cli/jobs/test_184769266468",
        "name": "test_184769266468",
        "type": "Microsoft.MachineLearningServices/workspaces/jobs",
        "properties": {
          "description": "The hello world pipeline job with data binding",
          "tags": {
            "tag": "tagvalue",
            "owner": "sdkteam"
          },
          "properties": {
            "mlflow.source.git.repoURL": "https://github.com/needuv/azure-sdk-for-python.git",
            "mlflow.source.git.branch": "needuv/add-test-resources",
            "mlflow.source.git.commit": "753a9f13bc893753ce8d8dcc337ffe77447112d1",
            "azureml.git.dirty": "True",
            "azureml.runsource": "azureml.PipelineRun",
            "runSource": "MFE",
            "runType": "HTTP",
            "azureml.parameters": "{\u0022target_compute\u0022:\u0022cpu-cluster\u0022,\u0022output_file_name\u0022:\u0022sample1.csv\u0022,\u0022job_in_number\u0022:\u00221\u0022,\u0022job_in_string\u0022:\u0022hello\u0022}",
            "azureml.continue_on_step_failure": "False",
            "azureml.continue_on_failed_optional_input": "True",
            "azureml.pipelineComponent": "pipelinerun"
          },
          "displayName": "pipeline_with_data_binding",
          "status": "Preparing",
          "experimentName": "azure-ai-ml",
          "services": {
            "Tracking": {
              "jobServiceType": "Tracking",
              "port": null,
              "endpoint": "azureml://westus2.api.azureml.ms/mlflow/v1.0/subscriptions/00000000-0000-0000-0000-000000000/resourceGroups/00000/providers/Microsoft.MachineLearningServices/workspaces/sdk_vnext_cli?",
              "status": null,
              "errorMessage": null,
              "properties": null
            },
            "Studio": {
              "jobServiceType": "Studio",
              "port": null,
              "endpoint": "https://ml.azure.com/runs/test_184769266468?wsid=/subscriptions/00000000-0000-0000-0000-000000000/resourcegroups/00000/workspaces/sdk_vnext_cli",
              "status": null,
              "errorMessage": null,
              "properties": null
            }
          },
          "computeId": "/subscriptions/00000000-0000-0000-0000-000000000/resourceGroups/00000/providers/Microsoft.MachineLearningServices/workspaces/sdk_vnext_cli/computes/cpu-cluster",
          "isArchived": false,
          "schedule": null,
          "identity": null,
          "jobType": "Pipeline",
          "settings": {},
          "jobs": {
            "job_input_binding": {
              "distribution": {
                "distribution_type": "Mpi",
                "process_count_per_instance": 1
              },
              "environment_variables": {},
              "name": "job_input_binding",
              "display_name": null,
              "tags": {},
              "computeId": null,
              "inputs": {
                "component_in_number": {
                  "job_input_type": "Literal",
                  "value": "${{parent.inputs.job_in_number}}"
                },
                "component_in_string": {
                  "job_input_type": "Literal",
                  "value": "${{parent.inputs.job_in_string}}"
                },
                "component_in_folder": {
                  "job_input_type": "Literal",
                  "value": "${{parent.inputs.job_in_folder}}"
                }
              },
              "outputs": {},
              "resources": null,
              "limits": null,
              "componentId": "/subscriptions/00000000-0000-0000-0000-000000000/resourceGroups/00000/providers/Microsoft.MachineLearningServices/workspaces/sdk_vnext_cli/components/64c8d53c-139d-04b1-5f10-8c8475d0a2b1/versions/1"
            },
            "node_output_binding": {
              "environment_variables": {},
              "name": "node_output_binding",
              "display_name": null,
              "tags": {},
              "computeId": null,
              "inputs": {
                "component_in_folder": {
                  "job_input_type": "Literal",
                  "value": "${{parent.jobs.job_input_binding.outputs.component_out_folder}}"
                }
              },
              "outputs": {},
              "resources": null,
              "distribution": null,
              "limits": null,
              "componentId": "/subscriptions/00000000-0000-0000-0000-000000000/resourceGroups/00000/providers/Microsoft.MachineLearningServices/workspaces/sdk_vnext_cli/components/64c8d53c-139d-04b1-5f10-8c8475d0a2b1/versions/1"
            }
          },
          "inputs": {
            "job_in_number": {
              "description": null,
              "jobInputType": "Literal",
              "value": "1"
            },
            "job_in_string": {
              "description": null,
              "jobInputType": "Literal",
              "value": "hello"
            },
            "job_in_folder": {
              "description": null,
              "uri": "azureml://datastores/workspaceblobstore/paths/LocalUpload/a9fb094b-288c-4332-9303-8b3770662885/data/",
              "mode": "ReadOnlyMount",
              "jobInputType": "UriFolder"
            },
            "job_in_file": {
              "description": null,
              "uri": "azureml://datastores/workspaceblobstore/paths/LocalUpload/a9fb094b-288c-4332-9303-8b3770662885/sample1.csv",
              "mode": "ReadOnlyMount",
              "jobInputType": "UriFile"
            },
            "target_compute": {
              "description": null,
              "jobInputType": "Literal",
              "value": "cpu-cluster"
            },
            "output_file_name": {
              "description": null,
              "jobInputType": "Literal",
              "value": "sample1.csv"
            }
          },
          "outputs": {}
        },
        "systemData": {
          "createdAt": "2022-06-15T21:39:14.8755488Z",
          "createdBy": "6f5d7923-5be8-4e72-bf1b-d7d92ab7f00c",
          "createdByType": "Application"
        }
      }
    },
    {
      "RequestUri": "https://login.microsoftonline.com/72f988bf-86f1-41af-91ab-2d7cd011db47/oauth2/v2.0/token",
      "RequestMethod": "POST",
      "RequestHeaders": {
        "Accept": "application/json",
        "Accept-Encoding": "gzip, deflate",
        "client-request-id": "f3d9132d-185c-4587-8a85-8fad8d5581fe",
        "Connection": "keep-alive",
        "Content-Length": "295",
        "Content-Type": "application/x-www-form-urlencoded",
        "Cookie": "fpc=AvI5LwzDlFJGk1F7dBrORLpNXR-uEQAAACNIPNoOAAAALTeglggAAAAoSDzaDgAAALOiI9sMAAAAPkg82g4AAAA; stsservicecookie=estsfd; x-ms-gateway-slice=estsfd",
        "User-Agent": "azsdk-python-identity/1.11.0b2 Python/3.8.6 (Windows-10-10.0.22000-SP0)",
        "x-client-cpu": "x64",
        "x-client-current-telemetry": "4|730,0|",
        "x-client-last-telemetry": "4|1|||",
        "x-client-os": "win32",
        "x-client-sku": "MSAL.Python",
        "x-client-ver": "1.18.0",
        "x-ms-lib-capability": "retry-after, h429"
      },
      "RequestBody": "client_id=6f5d7923-5be8-4e72-bf1b-d7d92ab7f00c\u0026grant_type=client_credentials\u0026client_info=1\u0026client_secret=T~W8Q~GzhJ6x._7UHB-8KwvUNlfoT.2AFqvz6bnK\u0026claims=%7B%22access_token%22%3A\u002B%7B%22xms_cc%22%3A\u002B%7B%22values%22%3A\u002B%5B%22CP1%22%5D%7D%7D%7D\u0026scope=https%3A%2F%2Fmanagement.azure.com%2F%2F.default",
      "StatusCode": 200,
      "ResponseHeaders": {
        "Cache-Control": "no-store, no-cache",
        "client-request-id": "f3d9132d-185c-4587-8a85-8fad8d5581fe",
        "Content-Length": "111",
        "Content-Type": "application/json; charset=utf-8",
        "Date": "Wed, 15 Jun 2022 21:39:15 GMT",
        "Expires": "-1",
        "P3P": "CP=\u0022DSP CUR OTPi IND OTRi ONL FIN\u0022",
        "Pragma": "no-cache",
        "Set-Cookie": [
          "fpc=AvI5LwzDlFJGk1F7dBrORLpNXR-uEQAAACNIPNoOAAAALTeglggAAAAoSDzaDgAAALOiI9sNAAAAPkg82g4AAAA; expires=Fri, 15-Jul-2022 21:39:15 GMT; path=/; secure; HttpOnly; SameSite=None",
          "x-ms-gateway-slice=estsfd; path=/; secure; samesite=none; httponly",
          "stsservicecookie=estsfd; path=/; secure; samesite=none; httponly"
        ],
        "Strict-Transport-Security": "max-age=31536000; includeSubDomains",
        "X-Content-Type-Options": "nosniff",
        "x-ms-clitelem": "1,0,0,,",
        "x-ms-ests-server": "2.1.12890.7 - NCUS ProdSlices",
        "X-XSS-Protection": "0"
      },
      "ResponseBody": {
        "token_type": "Bearer",
        "expires_in": 86399,
        "ext_expires_in": 86399,
        "refresh_in": 43199,
        "access_token": "Sanitized"
      }
    },
    {
      "RequestUri": "https://management.azure.com/subscriptions/00000000-0000-0000-0000-000000000/resourceGroups/00000/providers/Microsoft.MachineLearningServices/workspaces/sdk_vnext_cli/jobs/test_184769266468/cancel?api-version=2022-02-01-preview",
      "RequestMethod": "POST",
      "RequestHeaders": {
        "Accept": "application/json",
        "Accept-Encoding": "gzip, deflate",
        "Connection": "keep-alive",
        "Content-Length": "0",
        "User-Agent": "azure-ai-ml/0.1.0b4 azsdk-python-mgmt-machinelearningservices/0.1.0 Python/3.8.6 (Windows-10-10.0.22000-SP0)"
      },
      "RequestBody": null,
      "StatusCode": 200,
      "ResponseHeaders": {
        "Cache-Control": "no-cache",
        "Content-Length": "0",
        "Date": "Wed, 15 Jun 2022 21:39:16 GMT",
        "Expires": "-1",
        "Pragma": "no-cache",
        "Request-Context": "appId=cid-v1:2d2e8e63-272e-4b3c-8598-4ee570a0e70d",
        "Strict-Transport-Security": "max-age=31536000; includeSubDomains",
        "x-aml-cluster": "vienna-westus2-02",
        "X-Content-Type-Options": "nosniff",
        "x-ms-correlation-request-id": "0b709c70-5537-4afb-a4b3-be839ace2ae7",
        "x-ms-ratelimit-remaining-subscription-writes": "1168",
        "x-ms-response-type": "standard",
        "x-ms-routing-request-id": "CANADACENTRAL:20220615T213916Z:0b709c70-5537-4afb-a4b3-be839ace2ae7",
        "x-request-time": "0.294"
      },
      "ResponseBody": null
    },
    {
      "RequestUri": "https://management.azure.com/subscriptions/00000000-0000-0000-0000-000000000/resourceGroups/00000/providers/Microsoft.MachineLearningServices/workspaces/sdk_vnext_cli/jobs/test_184769266468?api-version=2022-02-01-preview",
      "RequestMethod": "GET",
      "RequestHeaders": {
        "Accept": "application/json",
        "Accept-Encoding": "gzip, deflate",
        "Connection": "keep-alive",
        "User-Agent": "azure-ai-ml/0.1.0b4 azsdk-python-mgmt-machinelearningservices/0.1.0 Python/3.8.6 (Windows-10-10.0.22000-SP0)"
      },
      "RequestBody": null,
      "StatusCode": 200,
      "ResponseHeaders": {
        "Cache-Control": "no-cache",
        "Content-Encoding": "gzip",
        "Content-Type": "application/json; charset=utf-8",
        "Date": "Wed, 15 Jun 2022 21:39:16 GMT",
        "Expires": "-1",
        "Pragma": "no-cache",
        "Request-Context": "appId=cid-v1:2d2e8e63-272e-4b3c-8598-4ee570a0e70d",
        "Strict-Transport-Security": "max-age=31536000; includeSubDomains",
        "Transfer-Encoding": "chunked",
        "Vary": [
          "Accept-Encoding",
          "Accept-Encoding"
        ],
        "x-aml-cluster": "vienna-westus2-02",
        "X-Content-Type-Options": "nosniff",
        "x-ms-correlation-request-id": "05cbc14a-1d76-4797-af62-66cbad4cb808",
        "x-ms-ratelimit-remaining-subscription-reads": "11857",
        "x-ms-response-type": "standard",
        "x-ms-routing-request-id": "CANADACENTRAL:20220615T213916Z:05cbc14a-1d76-4797-af62-66cbad4cb808",
        "x-request-time": "0.095"
      },
      "ResponseBody": {
        "id": "/subscriptions/00000000-0000-0000-0000-000000000/resourceGroups/00000/providers/Microsoft.MachineLearningServices/workspaces/sdk_vnext_cli/jobs/test_184769266468",
        "name": "test_184769266468",
        "type": "Microsoft.MachineLearningServices/workspaces/jobs",
        "properties": {
          "description": "The hello world pipeline job with data binding",
          "tags": {
            "tag": "tagvalue",
            "owner": "sdkteam"
          },
          "properties": {
            "mlflow.source.git.repoURL": "https://github.com/needuv/azure-sdk-for-python.git",
            "mlflow.source.git.branch": "needuv/add-test-resources",
            "mlflow.source.git.commit": "753a9f13bc893753ce8d8dcc337ffe77447112d1",
            "azureml.git.dirty": "True",
            "azureml.runsource": "azureml.PipelineRun",
            "runSource": "MFE",
            "runType": "HTTP",
            "azureml.parameters": "{\u0022target_compute\u0022:\u0022cpu-cluster\u0022,\u0022output_file_name\u0022:\u0022sample1.csv\u0022,\u0022job_in_number\u0022:\u00221\u0022,\u0022job_in_string\u0022:\u0022hello\u0022}",
            "azureml.continue_on_step_failure": "False",
            "azureml.continue_on_failed_optional_input": "True",
            "azureml.pipelineComponent": "pipelinerun"
          },
          "displayName": "pipeline_with_data_binding",
          "status": "Running",
          "experimentName": "azure-ai-ml",
          "services": {
            "Tracking": {
              "jobServiceType": "Tracking",
              "port": null,
              "endpoint": "azureml://westus2.api.azureml.ms/mlflow/v1.0/subscriptions/00000000-0000-0000-0000-000000000/resourceGroups/00000/providers/Microsoft.MachineLearningServices/workspaces/sdk_vnext_cli?",
              "status": null,
              "errorMessage": null,
              "properties": null
            },
            "Studio": {
              "jobServiceType": "Studio",
              "port": null,
              "endpoint": "https://ml.azure.com/runs/test_184769266468?wsid=/subscriptions/00000000-0000-0000-0000-000000000/resourcegroups/00000/workspaces/sdk_vnext_cli",
              "status": null,
              "errorMessage": null,
              "properties": null
            }
          },
          "computeId": "/subscriptions/00000000-0000-0000-0000-000000000/resourceGroups/00000/providers/Microsoft.MachineLearningServices/workspaces/sdk_vnext_cli/computes/cpu-cluster",
          "isArchived": false,
          "schedule": null,
          "identity": null,
          "jobType": "Pipeline",
          "settings": {},
          "jobs": {
            "job_input_binding": {
              "distribution": {
                "distribution_type": "Mpi",
                "process_count_per_instance": 1
              },
              "environment_variables": {},
              "name": "job_input_binding",
              "display_name": null,
              "tags": {},
              "computeId": null,
              "inputs": {
                "component_in_number": {
                  "job_input_type": "Literal",
                  "value": "${{parent.inputs.job_in_number}}"
                },
                "component_in_string": {
                  "job_input_type": "Literal",
                  "value": "${{parent.inputs.job_in_string}}"
                },
                "component_in_folder": {
                  "job_input_type": "Literal",
                  "value": "${{parent.inputs.job_in_folder}}"
                }
              },
              "outputs": {},
              "resources": null,
              "limits": null,
              "componentId": "/subscriptions/00000000-0000-0000-0000-000000000/resourceGroups/00000/providers/Microsoft.MachineLearningServices/workspaces/sdk_vnext_cli/components/64c8d53c-139d-04b1-5f10-8c8475d0a2b1/versions/1"
            },
            "node_output_binding": {
              "environment_variables": {},
              "name": "node_output_binding",
              "display_name": null,
              "tags": {},
              "computeId": null,
              "inputs": {
                "component_in_folder": {
                  "job_input_type": "Literal",
                  "value": "${{parent.jobs.job_input_binding.outputs.component_out_folder}}"
                }
              },
              "outputs": {},
              "resources": null,
              "distribution": null,
              "limits": null,
              "componentId": "/subscriptions/00000000-0000-0000-0000-000000000/resourceGroups/00000/providers/Microsoft.MachineLearningServices/workspaces/sdk_vnext_cli/components/64c8d53c-139d-04b1-5f10-8c8475d0a2b1/versions/1"
            }
          },
          "inputs": {
            "job_in_number": {
              "description": null,
              "jobInputType": "Literal",
              "value": "1"
            },
            "job_in_string": {
              "description": null,
              "jobInputType": "Literal",
              "value": "hello"
            },
            "job_in_folder": {
              "description": null,
              "uri": "azureml://datastores/workspaceblobstore/paths/LocalUpload/a9fb094b-288c-4332-9303-8b3770662885/data/",
              "mode": "ReadOnlyMount",
              "jobInputType": "UriFolder"
            },
            "job_in_file": {
              "description": null,
              "uri": "azureml://datastores/workspaceblobstore/paths/LocalUpload/a9fb094b-288c-4332-9303-8b3770662885/sample1.csv",
              "mode": "ReadOnlyMount",
              "jobInputType": "UriFile"
            },
            "target_compute": {
              "description": null,
              "jobInputType": "Literal",
              "value": "cpu-cluster"
            },
            "output_file_name": {
              "description": null,
              "jobInputType": "Literal",
              "value": "sample1.csv"
            }
          },
          "outputs": {}
        },
        "systemData": {
          "createdAt": "2022-06-15T21:39:14.8755488Z",
          "createdBy": "6f5d7923-5be8-4e72-bf1b-d7d92ab7f00c",
          "createdByType": "Application"
        }
      }
    }
  ],
  "Variables": {}
}
