{
  "Entries": [
    {
      "RequestUri": "https://login.microsoftonline.com/72f988bf-86f1-41af-91ab-2d7cd011db47/v2.0/.well-known/openid-configuration",
      "RequestMethod": "GET",
      "RequestHeaders": {
        "Accept": "*/*",
        "Accept-Encoding": "gzip, deflate",
        "Connection": "keep-alive",
        "User-Agent": "azsdk-python-identity/1.11.0b2 Python/3.8.6 (Windows-10-10.0.22000-SP0)"
      },
      "RequestBody": null,
      "StatusCode": 200,
      "ResponseHeaders": {
        "Access-Control-Allow-Methods": "GET, OPTIONS",
        "Access-Control-Allow-Origin": "*",
        "Cache-Control": "max-age=86400, private",
        "Content-Length": "1753",
        "Content-Type": "application/json; charset=utf-8",
        "Date": "Thu, 09 Jun 2022 18:23:42 GMT",
        "P3P": "CP=\u0022DSP CUR OTPi IND OTRi ONL FIN\u0022",
        "Set-Cookie": [
          "fpc=AmknWc_eIT1JrGLfarM9m0A; expires=Sat, 09-Jul-2022 18:23:42 GMT; path=/; secure; HttpOnly; SameSite=None",
          "esctx=AQABAAAAAAD--DLA3VO7QrddgJg7Wevrt8uIOTdDXCLrSNWZ8TFQzM1UawXuiVBA8LhW-WhhmSg9Q6m5uJw_W0t54EHHv6IVY6QtCKtu6m8-aVRvUx0Ek_EAyULfjVYpYdNnDloIh2os8SkGNIaz2GXT-_RUOw7ZtgpM23eSiFuEipv11fLxgnK5Ju2cAuIpY6YnMcdko9kgAA; domain=.login.microsoftonline.com; path=/; secure; HttpOnly; SameSite=None",
          "x-ms-gateway-slice=estsfd; path=/; secure; samesite=none; httponly",
          "stsservicecookie=estsfd; path=/; secure; samesite=none; httponly"
        ],
        "Strict-Transport-Security": "max-age=31536000; includeSubDomains",
        "X-Content-Type-Options": "nosniff",
        "x-ms-ests-server": "2.1.12851.7 - WUS2 ProdSlices",
        "X-XSS-Protection": "0"
      },
      "ResponseBody": {
        "token_endpoint": "https://login.microsoftonline.com/72f988bf-86f1-41af-91ab-2d7cd011db47/oauth2/v2.0/token",
        "token_endpoint_auth_methods_supported": [
          "client_secret_post",
          "private_key_jwt",
          "client_secret_basic"
        ],
        "jwks_uri": "https://login.microsoftonline.com/72f988bf-86f1-41af-91ab-2d7cd011db47/discovery/v2.0/keys",
        "response_modes_supported": [
          "query",
          "fragment",
          "form_post"
        ],
        "subject_types_supported": [
          "pairwise"
        ],
        "id_token_signing_alg_values_supported": [
          "RS256"
        ],
        "response_types_supported": [
          "code",
          "id_token",
          "code id_token",
          "id_token token"
        ],
        "scopes_supported": [
          "openid",
          "profile",
          "email",
          "offline_access"
        ],
        "issuer": "https://login.microsoftonline.com/72f988bf-86f1-41af-91ab-2d7cd011db47/v2.0",
        "request_uri_parameter_supported": false,
        "userinfo_endpoint": "https://graph.microsoft.com/oidc/userinfo",
        "authorization_endpoint": "https://login.microsoftonline.com/72f988bf-86f1-41af-91ab-2d7cd011db47/oauth2/v2.0/authorize",
        "device_authorization_endpoint": "https://login.microsoftonline.com/72f988bf-86f1-41af-91ab-2d7cd011db47/oauth2/v2.0/devicecode",
        "http_logout_supported": true,
        "frontchannel_logout_supported": true,
        "end_session_endpoint": "https://login.microsoftonline.com/72f988bf-86f1-41af-91ab-2d7cd011db47/oauth2/v2.0/logout",
        "claims_supported": [
          "sub",
          "iss",
          "cloud_instance_name",
          "cloud_instance_host_name",
          "cloud_graph_host_name",
          "msgraph_host",
          "aud",
          "exp",
          "iat",
          "auth_time",
          "acr",
          "nonce",
          "preferred_username",
          "name",
          "tid",
          "ver",
          "at_hash",
          "c_hash",
          "email"
        ],
        "kerberos_endpoint": "https://login.microsoftonline.com/72f988bf-86f1-41af-91ab-2d7cd011db47/kerberos",
        "tenant_region_scope": "WW",
        "cloud_instance_name": "microsoftonline.com",
        "cloud_graph_host_name": "graph.windows.net",
        "msgraph_host": "graph.microsoft.com",
        "rbac_url": "https://pas.windows.net"
      }
    },
    {
      "RequestUri": "https://login.microsoftonline.com/common/discovery/instance?api-version=1.1\u0026authorization_endpoint=https://login.microsoftonline.com/common/oauth2/authorize",
      "RequestMethod": "GET",
      "RequestHeaders": {
        "Accept": "application/json",
        "Accept-Encoding": "gzip, deflate",
        "Connection": "keep-alive",
        "Cookie": "fpc=AmknWc_eIT1JrGLfarM9m0A; stsservicecookie=estsfd; x-ms-gateway-slice=estsfd",
        "User-Agent": "azsdk-python-identity/1.11.0b2 Python/3.8.6 (Windows-10-10.0.22000-SP0)"
      },
      "RequestBody": null,
      "StatusCode": 200,
      "ResponseHeaders": {
        "Access-Control-Allow-Methods": "GET, OPTIONS",
        "Access-Control-Allow-Origin": "*",
        "Cache-Control": "max-age=86400, private",
        "Content-Length": "945",
        "Content-Type": "application/json; charset=utf-8",
        "Date": "Thu, 09 Jun 2022 18:23:42 GMT",
        "P3P": "CP=\u0022DSP CUR OTPi IND OTRi ONL FIN\u0022",
        "Set-Cookie": [
          "fpc=AmknWc_eIT1JrGLfarM9m0A; expires=Sat, 09-Jul-2022 18:23:42 GMT; path=/; secure; HttpOnly; SameSite=None",
          "x-ms-gateway-slice=estsfd; path=/; secure; samesite=none; httponly",
          "stsservicecookie=estsfd; path=/; secure; samesite=none; httponly"
        ],
        "Strict-Transport-Security": "max-age=31536000; includeSubDomains",
        "X-Content-Type-Options": "nosniff",
        "x-ms-ests-server": "2.1.12821.11 - SCUS ProdSlices",
        "X-XSS-Protection": "0"
      },
      "ResponseBody": {
        "tenant_discovery_endpoint": "https://login.microsoftonline.com/common/.well-known/openid-configuration",
        "api-version": "1.1",
        "metadata": [
          {
            "preferred_network": "login.microsoftonline.com",
            "preferred_cache": "login.windows.net",
            "aliases": [
              "login.microsoftonline.com",
              "login.windows.net",
              "login.microsoft.com",
              "sts.windows.net"
            ]
          },
          {
            "preferred_network": "login.partner.microsoftonline.cn",
            "preferred_cache": "login.partner.microsoftonline.cn",
            "aliases": [
              "login.partner.microsoftonline.cn",
              "login.chinacloudapi.cn"
            ]
          },
          {
            "preferred_network": "login.microsoftonline.de",
            "preferred_cache": "login.microsoftonline.de",
            "aliases": [
              "login.microsoftonline.de"
            ]
          },
          {
            "preferred_network": "login.microsoftonline.us",
            "preferred_cache": "login.microsoftonline.us",
            "aliases": [
              "login.microsoftonline.us",
              "login.usgovcloudapi.net"
            ]
          },
          {
            "preferred_network": "login-us.microsoftonline.com",
            "preferred_cache": "login-us.microsoftonline.com",
            "aliases": [
              "login-us.microsoftonline.com"
            ]
          }
        ]
      }
    },
    {
      "RequestUri": "https://login.microsoftonline.com/72f988bf-86f1-41af-91ab-2d7cd011db47/oauth2/v2.0/token",
      "RequestMethod": "POST",
      "RequestHeaders": {
        "Accept": "application/json",
        "Accept-Encoding": "gzip, deflate",
        "client-request-id": "a82c5dae-3d83-4e49-a429-596d4d285ee9",
        "Connection": "keep-alive",
        "Content-Length": "292",
        "Content-Type": "application/x-www-form-urlencoded",
        "Cookie": "fpc=AmknWc_eIT1JrGLfarM9m0A; stsservicecookie=estsfd; x-ms-gateway-slice=estsfd",
        "User-Agent": "azsdk-python-identity/1.11.0b2 Python/3.8.6 (Windows-10-10.0.22000-SP0)",
        "x-client-cpu": "x64",
        "x-client-current-telemetry": "4|730,0|",
        "x-client-last-telemetry": "4|0|||",
        "x-client-os": "win32",
        "x-client-sku": "MSAL.Python",
        "x-client-ver": "1.18.0",
        "x-ms-lib-capability": "retry-after, h429"
      },
      "RequestBody": "client_id=6f5d7923-5be8-4e72-bf1b-d7d92ab7f00c\u0026grant_type=client_credentials\u0026client_info=1\u0026client_secret=T~W8Q~GzhJ6x._7UHB-8KwvUNlfoT.2AFqvz6bnK\u0026claims=%7B%22access_token%22%3A\u002B%7B%22xms_cc%22%3A\u002B%7B%22values%22%3A\u002B%5B%22CP1%22%5D%7D%7D%7D\u0026scope=https%3A%2F%2Fmanagement.azure.com%2F.default",
      "StatusCode": 200,
      "ResponseHeaders": {
        "Cache-Control": "no-store, no-cache",
        "client-request-id": "a82c5dae-3d83-4e49-a429-596d4d285ee9",
        "Content-Length": "111",
        "Content-Type": "application/json; charset=utf-8",
        "Date": "Thu, 09 Jun 2022 18:23:42 GMT",
        "Expires": "-1",
        "P3P": "CP=\u0022DSP CUR OTPi IND OTRi ONL FIN\u0022",
        "Pragma": "no-cache",
        "Set-Cookie": [
          "fpc=AmknWc_eIT1JrGLfarM9m0BNXR-uAQAAAK4xNNoOAAAA; expires=Sat, 09-Jul-2022 18:23:43 GMT; path=/; secure; HttpOnly; SameSite=None",
          "x-ms-gateway-slice=estsfd; path=/; secure; samesite=none; httponly",
          "stsservicecookie=estsfd; path=/; secure; samesite=none; httponly"
        ],
        "Strict-Transport-Security": "max-age=31536000; includeSubDomains",
        "X-Content-Type-Options": "nosniff",
        "x-ms-clitelem": "1,0,0,,",
        "x-ms-ests-server": "2.1.12851.7 - EUS ProdSlices",
        "X-XSS-Protection": "0"
      },
      "ResponseBody": {
        "token_type": "Bearer",
        "expires_in": 86399,
        "ext_expires_in": 86399,
        "refresh_in": 43199,
        "access_token": "Sanitized"
      }
    },
    {
      "RequestUri": "https://management.azure.com/subscriptions/00000000-0000-0000-0000-000000000/resourceGroups/00000/providers/Microsoft.MachineLearningServices/workspaces/sdk_vnext_cli/environments/test_122828015779/versions/foo?api-version=2022-05-01",
      "RequestMethod": "PUT",
      "RequestHeaders": {
        "Accept": "application/json",
        "Accept-Encoding": "gzip, deflate",
        "Connection": "keep-alive",
        "Content-Length": "374",
        "Content-Type": "application/json",
        "User-Agent": "azure-ai-ml/0.1.0b4 azsdk-python-mgmt-machinelearningservices/0.1.0 Python/3.8.6 (Windows-10-10.0.22000-SP0)"
      },
      "RequestBody": {
        "properties": {
          "description": "Environment with inline conda definition",
          "isAnonymous": false,
          "isArchived": false,
          "condaFile": "name: example-environment\nchannels:\n- conda-forge\ndependencies:\n- python=3.6.1\n- pip\n- pip:\n  - nbgitpuller\n  - sphinx-gallery\n  - pandas\n  - matplotlib\n  - mlflow\n",
          "image": "mcr.microsoft.com/azureml/openmpi3.1.2-ubuntu18.04"
        }
      },
      "StatusCode": 201,
      "ResponseHeaders": {
        "Cache-Control": "no-cache",
        "Content-Length": "1252",
        "Content-Type": "application/json; charset=utf-8",
        "Date": "Thu, 09 Jun 2022 18:23:47 GMT",
        "Expires": "-1",
        "Location": "https://management.azure.com/subscriptions/00000000-0000-0000-0000-000000000/resourceGroups/00000/providers/Microsoft.MachineLearningServices/workspaces/sdk_vnext_cli/environments/test_122828015779/versions/foo?api-version=2022-05-01",
        "Pragma": "no-cache",
        "Request-Context": "appId=cid-v1:2d2e8e63-272e-4b3c-8598-4ee570a0e70d",
        "Strict-Transport-Security": "max-age=31536000; includeSubDomains",
        "x-aml-cluster": "vienna-westus2-01",
        "X-Content-Type-Options": "nosniff",
        "x-ms-correlation-request-id": "055335f1-53f3-47e7-80f4-34ef3f2a4248",
        "x-ms-ratelimit-remaining-subscription-writes": "1199",
        "x-ms-response-type": "standard",
        "x-ms-routing-request-id": "CANADACENTRAL:20220609T182348Z:055335f1-53f3-47e7-80f4-34ef3f2a4248",
        "x-request-time": "3.589"
      },
      "ResponseBody": {
        "id": "/subscriptions/00000000-0000-0000-0000-000000000/resourceGroups/00000/providers/Microsoft.MachineLearningServices/workspaces/sdk_vnext_cli/environments/test_122828015779/versions/foo",
        "name": "foo",
        "type": "Microsoft.MachineLearningServices/workspaces/environments/versions",
        "properties": {
          "description": "Environment with inline conda definition",
          "tags": {},
          "properties": {},
          "isArchived": false,
          "isAnonymous": false,
          "environmentType": "UserCreated",
          "image": "mcr.microsoft.com/azureml/openmpi3.1.2-ubuntu18.04",
          "condaFile": "{\n  \u0022channels\u0022: [\n    \u0022conda-forge\u0022\n  ],\n  \u0022dependencies\u0022: [\n    \u0022python=3.6.1\u0022,\n    \u0022pip\u0022,\n    {\n      \u0022pip\u0022: [\n        \u0022nbgitpuller\u0022,\n        \u0022sphinx-gallery\u0022,\n        \u0022pandas\u0022,\n        \u0022matplotlib\u0022,\n        \u0022mlflow\u0022\n      ]\n    }\n  ],\n  \u0022name\u0022: \u0022example-environment\u0022\n}",
          "osType": "Linux"
        },
        "systemData": {
          "createdAt": "2022-06-09T18:23:46.9452485Z",
          "createdBy": "6f5d7923-5be8-4e72-bf1b-d7d92ab7f00c",
          "createdByType": "Application",
          "lastModifiedAt": "2022-06-09T18:23:46.9452485Z",
          "lastModifiedBy": "6f5d7923-5be8-4e72-bf1b-d7d92ab7f00c",
          "lastModifiedByType": "Application"
        }
      }
    },
    {
      "RequestUri": "https://management.azure.com/subscriptions/00000000-0000-0000-0000-000000000/resourceGroups/00000/providers/Microsoft.MachineLearningServices/workspaces/sdk_vnext_cli/environments/test_122828015779/versions/bar?api-version=2022-05-01",
      "RequestMethod": "PUT",
      "RequestHeaders": {
        "Accept": "application/json",
        "Accept-Encoding": "gzip, deflate",
        "Connection": "keep-alive",
        "Content-Length": "374",
        "Content-Type": "application/json",
        "User-Agent": "azure-ai-ml/0.1.0b4 azsdk-python-mgmt-machinelearningservices/0.1.0 Python/3.8.6 (Windows-10-10.0.22000-SP0)"
      },
      "RequestBody": {
        "properties": {
          "description": "Environment with inline conda definition",
          "isAnonymous": false,
          "isArchived": false,
          "condaFile": "name: example-environment\nchannels:\n- conda-forge\ndependencies:\n- python=3.6.1\n- pip\n- pip:\n  - nbgitpuller\n  - sphinx-gallery\n  - pandas\n  - matplotlib\n  - mlflow\n",
          "image": "mcr.microsoft.com/azureml/openmpi3.1.2-ubuntu18.04"
        }
      },
      "StatusCode": 201,
      "ResponseHeaders": {
        "Cache-Control": "no-cache",
        "Content-Length": "1252",
        "Content-Type": "application/json; charset=utf-8",
        "Date": "Thu, 09 Jun 2022 18:23:47 GMT",
        "Expires": "-1",
        "Location": "https://management.azure.com/subscriptions/00000000-0000-0000-0000-000000000/resourceGroups/00000/providers/Microsoft.MachineLearningServices/workspaces/sdk_vnext_cli/environments/test_122828015779/versions/bar?api-version=2022-05-01",
        "Pragma": "no-cache",
        "Request-Context": "appId=cid-v1:2d2e8e63-272e-4b3c-8598-4ee570a0e70d",
        "Strict-Transport-Security": "max-age=31536000; includeSubDomains",
        "x-aml-cluster": "vienna-westus2-01",
        "X-Content-Type-Options": "nosniff",
        "x-ms-correlation-request-id": "b98e7527-08f5-43b7-a1c6-37a51eecacad",
        "x-ms-ratelimit-remaining-subscription-writes": "1198",
        "x-ms-response-type": "standard",
        "x-ms-routing-request-id": "CANADACENTRAL:20220609T182348Z:b98e7527-08f5-43b7-a1c6-37a51eecacad",
        "x-request-time": "0.308"
      },
      "ResponseBody": {
        "id": "/subscriptions/00000000-0000-0000-0000-000000000/resourceGroups/00000/providers/Microsoft.MachineLearningServices/workspaces/sdk_vnext_cli/environments/test_122828015779/versions/bar",
        "name": "bar",
        "type": "Microsoft.MachineLearningServices/workspaces/environments/versions",
        "properties": {
          "description": "Environment with inline conda definition",
          "tags": {},
          "properties": {},
          "isArchived": false,
          "isAnonymous": false,
          "environmentType": "UserCreated",
          "image": "mcr.microsoft.com/azureml/openmpi3.1.2-ubuntu18.04",
          "condaFile": "{\n  \u0022channels\u0022: [\n    \u0022conda-forge\u0022\n  ],\n  \u0022dependencies\u0022: [\n    \u0022python=3.6.1\u0022,\n    \u0022pip\u0022,\n    {\n      \u0022pip\u0022: [\n        \u0022nbgitpuller\u0022,\n        \u0022sphinx-gallery\u0022,\n        \u0022pandas\u0022,\n        \u0022matplotlib\u0022,\n        \u0022mlflow\u0022\n      ]\n    }\n  ],\n  \u0022name\u0022: \u0022example-environment\u0022\n}",
          "osType": "Linux"
        },
        "systemData": {
          "createdAt": "2022-06-09T18:23:48.5612831Z",
          "createdBy": "6f5d7923-5be8-4e72-bf1b-d7d92ab7f00c",
          "createdByType": "Application",
          "lastModifiedAt": "2022-06-09T18:23:48.5612831Z",
          "lastModifiedBy": "6f5d7923-5be8-4e72-bf1b-d7d92ab7f00c",
          "lastModifiedByType": "Application"
        }
      }
    },
    {
      "RequestUri": "https://management.azure.com/subscriptions/00000000-0000-0000-0000-000000000/resourceGroups/00000/providers/Microsoft.MachineLearningServices/workspaces/sdk_vnext_cli/datastores/workspaceblobstore?api-version=2022-05-01",
      "RequestMethod": "GET",
      "RequestHeaders": {
        "Accept": "application/json",
        "Accept-Encoding": "gzip, deflate",
        "Connection": "keep-alive",
        "User-Agent": "azure-ai-ml/0.1.0b4 azsdk-python-mgmt-machinelearningservices/0.1.0 Python/3.8.6 (Windows-10-10.0.22000-SP0)"
      },
      "RequestBody": null,
      "StatusCode": 200,
      "ResponseHeaders": {
        "Cache-Control": "no-cache",
        "Content-Encoding": "gzip",
        "Content-Type": "application/json; charset=utf-8",
        "Date": "Thu, 09 Jun 2022 18:23:48 GMT",
        "Expires": "-1",
        "Pragma": "no-cache",
        "Request-Context": "appId=cid-v1:2d2e8e63-272e-4b3c-8598-4ee570a0e70d",
        "Strict-Transport-Security": "max-age=31536000; includeSubDomains",
        "Transfer-Encoding": "chunked",
        "Vary": [
          "Accept-Encoding",
          "Accept-Encoding"
        ],
        "x-aml-cluster": "vienna-westus2-01",
        "X-Content-Type-Options": "nosniff",
        "x-ms-correlation-request-id": "5dcf7504-1739-4109-81b2-a063bba9fe07",
        "x-ms-ratelimit-remaining-subscription-reads": "11999",
        "x-ms-response-type": "standard",
        "x-ms-routing-request-id": "CANADACENTRAL:20220609T182349Z:5dcf7504-1739-4109-81b2-a063bba9fe07",
        "x-request-time": "0.138"
      },
      "ResponseBody": {
        "id": "/subscriptions/00000000-0000-0000-0000-000000000/resourceGroups/00000/providers/Microsoft.MachineLearningServices/workspaces/sdk_vnext_cli/datastores/workspaceblobstore",
        "name": "workspaceblobstore",
        "type": "Microsoft.MachineLearningServices/workspaces/datastores",
        "properties": {
          "description": null,
          "tags": null,
          "properties": null,
          "isDefault": true,
          "credentials": {
            "credentialsType": "AccountKey"
          },
          "datastoreType": "AzureBlob",
          "accountName": "sacfxu3euzmal3o",
          "containerName": "azureml-blobstore-60073e53-722a-4f65-9800-09c562dd3717",
          "endpoint": "core.windows.net",
          "protocol": "https",
          "serviceDataAccessAuthIdentity": "WorkspaceSystemAssignedIdentity"
        },
        "systemData": {
          "createdAt": "2022-06-03T21:04:54.4490272Z",
          "createdBy": "779301c0-18b2-4cdc-801b-a0a3368fee0a",
          "createdByType": "Application",
          "lastModifiedAt": "2022-06-03T21:04:55.1259563Z",
          "lastModifiedBy": "779301c0-18b2-4cdc-801b-a0a3368fee0a",
          "lastModifiedByType": "Application"
        }
      }
    },
    {
      "RequestUri": "https://management.azure.com/subscriptions/00000000-0000-0000-0000-000000000/resourceGroups/00000/providers/Microsoft.MachineLearningServices/workspaces/sdk_vnext_cli/datastores/workspaceblobstore/listSecrets?api-version=2022-05-01",
      "RequestMethod": "POST",
      "RequestHeaders": {
        "Accept": "application/json",
        "Accept-Encoding": "gzip, deflate",
        "Connection": "keep-alive",
        "Content-Length": "0",
        "User-Agent": "azure-ai-ml/0.1.0b4 azsdk-python-mgmt-machinelearningservices/0.1.0 Python/3.8.6 (Windows-10-10.0.22000-SP0)"
      },
      "RequestBody": null,
      "StatusCode": 200,
      "ResponseHeaders": {
        "Cache-Control": "no-cache",
        "Content-Encoding": "gzip",
        "Content-Type": "application/json; charset=utf-8",
        "Date": "Thu, 09 Jun 2022 18:23:50 GMT",
        "Expires": "-1",
        "Pragma": "no-cache",
        "Request-Context": "appId=cid-v1:2d2e8e63-272e-4b3c-8598-4ee570a0e70d",
        "Strict-Transport-Security": "max-age=31536000; includeSubDomains",
        "Transfer-Encoding": "chunked",
        "Vary": "Accept-Encoding",
        "x-aml-cluster": "vienna-westus2-01",
        "X-Content-Type-Options": "nosniff",
        "x-ms-correlation-request-id": "0bdeeeb9-bd18-4fd9-bc78-ca5b3cd360e5",
        "x-ms-ratelimit-remaining-subscription-writes": "1199",
        "x-ms-response-type": "standard",
        "x-ms-routing-request-id": "CANADACENTRAL:20220609T182350Z:0bdeeeb9-bd18-4fd9-bc78-ca5b3cd360e5",
        "x-request-time": "0.589"
      },
      "ResponseBody": {
        "secretsType": "AccountKey",
        "key": "Xrs2emqAqMS/ppRCp/cE6YBt3vaOinxbFAtp\u002B1uNtXZx6rdyZP4JyiFXgLOhv\u002Bm1wd0DKh\u002BFdB9f\u002BASt9EEucw=="
      }
    },
    {
      "RequestUri": "https://sacfxu3euzmal3o.blob.core.windows.net/azureml-blobstore-60073e53-722a-4f65-9800-09c562dd3717/LocalUpload/5b90126f4721a98e2b4fcda9204a387e/model.pkl",
      "RequestMethod": "HEAD",
      "RequestHeaders": {
        "Accept": "application/xml",
        "Accept-Encoding": "gzip, deflate",
        "Connection": "keep-alive",
        "User-Agent": "azsdk-python-storage-blob/12.9.0 Python/3.8.6 (Windows-10-10.0.22000-SP0)",
        "x-ms-date": "Thu, 09 Jun 2022 18:23:52 GMT",
        "x-ms-version": "2020-10-02"
      },
      "RequestBody": null,
      "StatusCode": 404,
      "ResponseHeaders": {
        "Date": "Thu, 09 Jun 2022 18:23:50 GMT",
        "Server": [
          "Windows-Azure-Blob/1.0",
          "Microsoft-HTTPAPI/2.0"
        ],
        "Transfer-Encoding": "chunked",
        "Vary": "Origin",
        "x-ms-error-code": "BlobNotFound",
        "x-ms-version": "2020-10-02"
      },
      "ResponseBody": null
    },
    {
      "RequestUri": "https://sacfxu3euzmal3o.blob.core.windows.net/azureml-blobstore-60073e53-722a-4f65-9800-09c562dd3717/LocalUpload/5b90126f4721a98e2b4fcda9204a387e/model.pkl",
      "RequestMethod": "PUT",
      "RequestHeaders": {
        "Accept": "application/xml",
        "Accept-Encoding": "gzip, deflate",
        "Connection": "keep-alive",
        "Content-Length": "7",
        "Content-MD5": "r1WXwpRnqWUjpweHwxn02w==",
        "Content-Type": "application/octet-stream",
        "If-None-Match": "*",
        "User-Agent": "azsdk-python-storage-blob/12.9.0 Python/3.8.6 (Windows-10-10.0.22000-SP0)",
        "x-ms-blob-type": "BlockBlob",
        "x-ms-date": "Thu, 09 Jun 2022 18:23:52 GMT",
        "x-ms-version": "2020-10-02"
      },
      "RequestBody": "aGVsbG8NCg==",
      "StatusCode": 201,
      "ResponseHeaders": {
        "Content-Length": "0",
        "Content-MD5": "r1WXwpRnqWUjpweHwxn02w==",
        "Date": "Thu, 09 Jun 2022 18:23:50 GMT",
        "ETag": "\u00220x8DA4A4533D1E14F\u0022",
        "Last-Modified": "Thu, 09 Jun 2022 18:23:50 GMT",
        "Server": [
          "Windows-Azure-Blob/1.0",
          "Microsoft-HTTPAPI/2.0"
        ],
        "x-ms-content-crc64": "X7Wo1zTeigw=",
        "x-ms-request-server-encrypted": "true",
        "x-ms-version": "2020-10-02"
      },
      "ResponseBody": null
    },
    {
      "RequestUri": "https://sacfxu3euzmal3o.blob.core.windows.net/azureml-blobstore-60073e53-722a-4f65-9800-09c562dd3717/LocalUpload/5b90126f4721a98e2b4fcda9204a387e/model.pkl?comp=metadata",
      "RequestMethod": "PUT",
      "RequestHeaders": {
        "Accept": "application/xml",
        "Accept-Encoding": "gzip, deflate",
        "Connection": "keep-alive",
        "Content-Length": "0",
        "User-Agent": "azsdk-python-storage-blob/12.9.0 Python/3.8.6 (Windows-10-10.0.22000-SP0)",
        "x-ms-date": "Thu, 09 Jun 2022 18:23:52 GMT",
        "x-ms-meta-name": "test_993695176112",
        "x-ms-meta-upload_status": "completed",
        "x-ms-meta-version": "1",
        "x-ms-version": "2020-10-02"
      },
      "RequestBody": null,
      "StatusCode": 200,
      "ResponseHeaders": {
        "Content-Length": "0",
        "Date": "Thu, 09 Jun 2022 18:23:50 GMT",
        "ETag": "\u00220x8DA4A4533E0FA4A\u0022",
        "Last-Modified": "Thu, 09 Jun 2022 18:23:50 GMT",
        "Server": [
          "Windows-Azure-Blob/1.0",
          "Microsoft-HTTPAPI/2.0"
        ],
        "x-ms-request-server-encrypted": "true",
        "x-ms-version": "2020-10-02"
      },
      "ResponseBody": null
    },
    {
      "RequestUri": "https://management.azure.com/subscriptions/00000000-0000-0000-0000-000000000/resourceGroups/00000/providers/Microsoft.MachineLearningServices/workspaces/sdk_vnext_cli/models/test_993695176112/versions/1?api-version=2022-05-01",
      "RequestMethod": "PUT",
      "RequestHeaders": {
        "Accept": "application/json",
        "Accept-Encoding": "gzip, deflate",
        "Connection": "keep-alive",
        "Content-Length": "328",
        "Content-Type": "application/json",
        "User-Agent": "azure-ai-ml/0.1.0b4 azsdk-python-mgmt-machinelearningservices/0.1.0 Python/3.8.6 (Windows-10-10.0.22000-SP0)"
      },
      "RequestBody": {
        "properties": {
          "properties": {},
          "tags": {},
          "isAnonymous": false,
          "isArchived": false,
          "modelType": "custom_model",
          "modelUri": "azureml://subscriptions/00000000-0000-0000-0000-000000000/resourcegroups/00000/workspaces/sdk_vnext_cli/datastores/workspaceblobstore/paths/LocalUpload/5b90126f4721a98e2b4fcda9204a387e/model.pkl"
        }
      },
      "StatusCode": 201,
      "ResponseHeaders": {
        "Cache-Control": "no-cache",
        "Content-Length": "1021",
        "Content-Type": "application/json; charset=utf-8",
        "Date": "Thu, 09 Jun 2022 18:23:52 GMT",
        "Expires": "-1",
        "Location": "https://management.azure.com/subscriptions/00000000-0000-0000-0000-000000000/resourceGroups/00000/providers/Microsoft.MachineLearningServices/workspaces/sdk_vnext_cli/models/test_993695176112/versions/1?api-version=2022-05-01",
        "Pragma": "no-cache",
        "Request-Context": "appId=cid-v1:2d2e8e63-272e-4b3c-8598-4ee570a0e70d",
        "Strict-Transport-Security": "max-age=31536000; includeSubDomains",
        "x-aml-cluster": "vienna-westus2-01",
        "X-Content-Type-Options": "nosniff",
        "x-ms-correlation-request-id": "009930e5-4b9e-40d5-b472-82f2c0e42bea",
        "x-ms-ratelimit-remaining-subscription-writes": "1197",
        "x-ms-response-type": "standard",
        "x-ms-routing-request-id": "CANADACENTRAL:20220609T182352Z:009930e5-4b9e-40d5-b472-82f2c0e42bea",
        "x-request-time": "0.862"
      },
      "ResponseBody": {
        "id": "/subscriptions/00000000-0000-0000-0000-000000000/resourceGroups/00000/providers/Microsoft.MachineLearningServices/workspaces/sdk_vnext_cli/models/test_993695176112/versions/1",
        "name": "1",
        "type": "Microsoft.MachineLearningServices/workspaces/models/versions",
        "properties": {
          "description": null,
          "tags": {},
          "properties": {},
          "isArchived": false,
          "isAnonymous": false,
          "flavors": {},
          "modelType": "custom_model",
          "modelUri": "azureml://subscriptions/00000000-0000-0000-0000-000000000/resourceGroups/00000/workspaces/sdk_vnext_cli/datastores/workspaceblobstore/paths/LocalUpload/5b90126f4721a98e2b4fcda9204a387e/model.pkl",
          "jobName": null
        },
        "systemData": {
          "createdAt": "2022-06-09T18:23:51.9075429Z",
          "createdBy": "6f5d7923-5be8-4e72-bf1b-d7d92ab7f00c",
          "createdByType": "Application",
          "lastModifiedAt": "2022-06-09T18:23:51.9075429Z",
          "lastModifiedBy": "6f5d7923-5be8-4e72-bf1b-d7d92ab7f00c",
          "lastModifiedByType": "Application"
        }
      }
    },
    {
      "RequestUri": "https://management.azure.com/subscriptions/00000000-0000-0000-0000-000000000/resourceGroups/00000/providers/Microsoft.MachineLearningServices/workspaces/sdk_vnext_cli/datastores/workspaceblobstore?api-version=2022-05-01",
      "RequestMethod": "GET",
      "RequestHeaders": {
        "Accept": "application/json",
        "Accept-Encoding": "gzip, deflate",
        "Connection": "keep-alive",
        "User-Agent": "azure-ai-ml/0.1.0b4 azsdk-python-mgmt-machinelearningservices/0.1.0 Python/3.8.6 (Windows-10-10.0.22000-SP0)"
      },
      "RequestBody": null,
      "StatusCode": 200,
      "ResponseHeaders": {
        "Cache-Control": "no-cache",
        "Content-Encoding": "gzip",
        "Content-Type": "application/json; charset=utf-8",
        "Date": "Thu, 09 Jun 2022 18:23:52 GMT",
        "Expires": "-1",
        "Pragma": "no-cache",
        "Request-Context": "appId=cid-v1:2d2e8e63-272e-4b3c-8598-4ee570a0e70d",
        "Strict-Transport-Security": "max-age=31536000; includeSubDomains",
        "Transfer-Encoding": "chunked",
        "Vary": [
          "Accept-Encoding",
          "Accept-Encoding"
        ],
        "x-aml-cluster": "vienna-westus2-01",
        "X-Content-Type-Options": "nosniff",
        "x-ms-correlation-request-id": "bbdf3038-6d17-4fd9-b1ad-db83fd3e1a57",
        "x-ms-ratelimit-remaining-subscription-reads": "11998",
        "x-ms-response-type": "standard",
        "x-ms-routing-request-id": "CANADACENTRAL:20220609T182352Z:bbdf3038-6d17-4fd9-b1ad-db83fd3e1a57",
        "x-request-time": "0.117"
      },
      "ResponseBody": {
        "id": "/subscriptions/00000000-0000-0000-0000-000000000/resourceGroups/00000/providers/Microsoft.MachineLearningServices/workspaces/sdk_vnext_cli/datastores/workspaceblobstore",
        "name": "workspaceblobstore",
        "type": "Microsoft.MachineLearningServices/workspaces/datastores",
        "properties": {
          "description": null,
          "tags": null,
          "properties": null,
          "isDefault": true,
          "credentials": {
            "credentialsType": "AccountKey"
          },
          "datastoreType": "AzureBlob",
          "accountName": "sacfxu3euzmal3o",
          "containerName": "azureml-blobstore-60073e53-722a-4f65-9800-09c562dd3717",
          "endpoint": "core.windows.net",
          "protocol": "https",
          "serviceDataAccessAuthIdentity": "WorkspaceSystemAssignedIdentity"
        },
        "systemData": {
          "createdAt": "2022-06-03T21:04:54.4490272Z",
          "createdBy": "779301c0-18b2-4cdc-801b-a0a3368fee0a",
          "createdByType": "Application",
          "lastModifiedAt": "2022-06-03T21:04:55.1259563Z",
          "lastModifiedBy": "779301c0-18b2-4cdc-801b-a0a3368fee0a",
          "lastModifiedByType": "Application"
        }
      }
    },
    {
      "RequestUri": "https://management.azure.com/subscriptions/00000000-0000-0000-0000-000000000/resourceGroups/00000/providers/Microsoft.MachineLearningServices/workspaces/sdk_vnext_cli/datastores/workspaceblobstore/listSecrets?api-version=2022-05-01",
      "RequestMethod": "POST",
      "RequestHeaders": {
        "Accept": "application/json",
        "Accept-Encoding": "gzip, deflate",
        "Connection": "keep-alive",
        "Content-Length": "0",
        "User-Agent": "azure-ai-ml/0.1.0b4 azsdk-python-mgmt-machinelearningservices/0.1.0 Python/3.8.6 (Windows-10-10.0.22000-SP0)"
      },
      "RequestBody": null,
      "StatusCode": 200,
      "ResponseHeaders": {
        "Cache-Control": "no-cache",
        "Content-Encoding": "gzip",
        "Content-Type": "application/json; charset=utf-8",
        "Date": "Thu, 09 Jun 2022 18:23:52 GMT",
        "Expires": "-1",
        "Pragma": "no-cache",
        "Request-Context": "appId=cid-v1:2d2e8e63-272e-4b3c-8598-4ee570a0e70d",
        "Strict-Transport-Security": "max-age=31536000; includeSubDomains",
        "Transfer-Encoding": "chunked",
        "Vary": "Accept-Encoding",
        "x-aml-cluster": "vienna-westus2-01",
        "X-Content-Type-Options": "nosniff",
        "x-ms-correlation-request-id": "46a38bd9-18ab-469f-b2a9-0d78d4280393",
        "x-ms-ratelimit-remaining-subscription-writes": "1198",
        "x-ms-response-type": "standard",
        "x-ms-routing-request-id": "CANADACENTRAL:20220609T182352Z:46a38bd9-18ab-469f-b2a9-0d78d4280393",
        "x-request-time": "0.127"
      },
      "ResponseBody": {
        "secretsType": "AccountKey",
        "key": "Xrs2emqAqMS/ppRCp/cE6YBt3vaOinxbFAtp\u002B1uNtXZx6rdyZP4JyiFXgLOhv\u002Bm1wd0DKh\u002BFdB9f\u002BASt9EEucw=="
      }
    },
    {
      "RequestUri": "https://sacfxu3euzmal3o.blob.core.windows.net/azureml-blobstore-60073e53-722a-4f65-9800-09c562dd3717/LocalUpload/5b90126f4721a98e2b4fcda9204a387e/model.pkl",
      "RequestMethod": "HEAD",
      "RequestHeaders": {
        "Accept": "application/xml",
        "Accept-Encoding": "gzip, deflate",
        "Connection": "keep-alive",
        "User-Agent": "azsdk-python-storage-blob/12.9.0 Python/3.8.6 (Windows-10-10.0.22000-SP0)",
        "x-ms-date": "Thu, 09 Jun 2022 18:23:54 GMT",
        "x-ms-version": "2020-10-02"
      },
      "RequestBody": null,
      "StatusCode": 200,
      "ResponseHeaders": {
        "Accept-Ranges": "bytes",
        "Content-Length": "7",
        "Content-MD5": "r1WXwpRnqWUjpweHwxn02w==",
        "Content-Type": "application/octet-stream",
        "Date": "Thu, 09 Jun 2022 18:23:52 GMT",
        "ETag": "\u00220x8DA4A4533E0FA4A\u0022",
        "Last-Modified": "Thu, 09 Jun 2022 18:23:50 GMT",
        "Server": [
          "Windows-Azure-Blob/1.0",
          "Microsoft-HTTPAPI/2.0"
        ],
        "Vary": "Origin",
        "x-ms-access-tier": "Hot",
        "x-ms-access-tier-inferred": "true",
        "x-ms-blob-type": "BlockBlob",
        "x-ms-creation-time": "Thu, 09 Jun 2022 18:23:50 GMT",
        "x-ms-lease-state": "available",
        "x-ms-lease-status": "unlocked",
        "x-ms-meta-name": "test_993695176112",
        "x-ms-meta-upload_status": "completed",
        "x-ms-meta-version": "1",
        "x-ms-server-encrypted": "true",
        "x-ms-version": "2020-10-02"
      },
      "ResponseBody": null
    },
    {
      "RequestUri": "https://sacfxu3euzmal3o.blob.core.windows.net/azureml-blobstore-60073e53-722a-4f65-9800-09c562dd3717/az-ml-artifacts/5b90126f4721a98e2b4fcda9204a387e/model.pkl",
      "RequestMethod": "HEAD",
      "RequestHeaders": {
        "Accept": "application/xml",
        "Accept-Encoding": "gzip, deflate",
        "Connection": "keep-alive",
        "User-Agent": "azsdk-python-storage-blob/12.9.0 Python/3.8.6 (Windows-10-10.0.22000-SP0)",
        "x-ms-date": "Thu, 09 Jun 2022 18:23:54 GMT",
        "x-ms-version": "2020-10-02"
      },
      "RequestBody": null,
      "StatusCode": 404,
      "ResponseHeaders": {
        "Date": "Thu, 09 Jun 2022 18:23:52 GMT",
        "Server": [
          "Windows-Azure-Blob/1.0",
          "Microsoft-HTTPAPI/2.0"
        ],
        "Transfer-Encoding": "chunked",
        "Vary": "Origin",
        "x-ms-error-code": "BlobNotFound",
        "x-ms-version": "2020-10-02"
      },
      "ResponseBody": null
    },
    {
      "RequestUri": "https://management.azure.com/subscriptions/00000000-0000-0000-0000-000000000/resourceGroups/00000/providers/Microsoft.MachineLearningServices/workspaces/sdk_vnext_cli/models/test_993695176112/versions/2?api-version=2022-05-01",
      "RequestMethod": "PUT",
      "RequestHeaders": {
        "Accept": "application/json",
        "Accept-Encoding": "gzip, deflate",
        "Connection": "keep-alive",
        "Content-Length": "328",
        "Content-Type": "application/json",
        "User-Agent": "azure-ai-ml/0.1.0b4 azsdk-python-mgmt-machinelearningservices/0.1.0 Python/3.8.6 (Windows-10-10.0.22000-SP0)"
      },
      "RequestBody": {
        "properties": {
          "properties": {},
          "tags": {},
          "isAnonymous": false,
          "isArchived": false,
          "modelType": "custom_model",
          "modelUri": "azureml://subscriptions/00000000-0000-0000-0000-000000000/resourcegroups/00000/workspaces/sdk_vnext_cli/datastores/workspaceblobstore/paths/LocalUpload/5b90126f4721a98e2b4fcda9204a387e/model.pkl"
        }
      },
      "StatusCode": 201,
      "ResponseHeaders": {
        "Cache-Control": "no-cache",
        "Content-Length": "1021",
        "Content-Type": "application/json; charset=utf-8",
        "Date": "Thu, 09 Jun 2022 18:23:53 GMT",
        "Expires": "-1",
        "Location": "https://management.azure.com/subscriptions/00000000-0000-0000-0000-000000000/resourceGroups/00000/providers/Microsoft.MachineLearningServices/workspaces/sdk_vnext_cli/models/test_993695176112/versions/2?api-version=2022-05-01",
        "Pragma": "no-cache",
        "Request-Context": "appId=cid-v1:2d2e8e63-272e-4b3c-8598-4ee570a0e70d",
        "Strict-Transport-Security": "max-age=31536000; includeSubDomains",
        "x-aml-cluster": "vienna-westus2-01",
        "X-Content-Type-Options": "nosniff",
        "x-ms-correlation-request-id": "65769c32-35b4-4116-87c4-eefcbc97e738",
        "x-ms-ratelimit-remaining-subscription-writes": "1196",
        "x-ms-response-type": "standard",
        "x-ms-routing-request-id": "CANADACENTRAL:20220609T182353Z:65769c32-35b4-4116-87c4-eefcbc97e738",
        "x-request-time": "0.408"
      },
      "ResponseBody": {
        "id": "/subscriptions/00000000-0000-0000-0000-000000000/resourceGroups/00000/providers/Microsoft.MachineLearningServices/workspaces/sdk_vnext_cli/models/test_993695176112/versions/2",
        "name": "2",
        "type": "Microsoft.MachineLearningServices/workspaces/models/versions",
        "properties": {
          "description": null,
          "tags": {},
          "properties": {},
          "isArchived": false,
          "isAnonymous": false,
          "flavors": {},
          "modelType": "custom_model",
          "modelUri": "azureml://subscriptions/00000000-0000-0000-0000-000000000/resourceGroups/00000/workspaces/sdk_vnext_cli/datastores/workspaceblobstore/paths/LocalUpload/5b90126f4721a98e2b4fcda9204a387e/model.pkl",
          "jobName": null
        },
        "systemData": {
          "createdAt": "2022-06-09T18:23:53.5073642Z",
          "createdBy": "6f5d7923-5be8-4e72-bf1b-d7d92ab7f00c",
          "createdByType": "Application",
          "lastModifiedAt": "2022-06-09T18:23:53.5073642Z",
          "lastModifiedBy": "6f5d7923-5be8-4e72-bf1b-d7d92ab7f00c",
          "lastModifiedByType": "Application"
        }
      }
    },
    {
      "RequestUri": "https://management.azure.com/subscriptions/00000000-0000-0000-0000-000000000/resourceGroups/00000/providers/Microsoft.MachineLearningServices/workspaces/sdk_vnext_cli?api-version=2022-01-01-preview",
      "RequestMethod": "GET",
      "RequestHeaders": {
        "Accept": "application/json",
        "Accept-Encoding": "gzip, deflate",
        "Connection": "keep-alive",
        "User-Agent": "azure-ai-ml/0.1.0b4 azsdk-python-mgmt-machinelearningservices/0.1.0 Python/3.8.6 (Windows-10-10.0.22000-SP0)"
      },
      "RequestBody": null,
      "StatusCode": 200,
      "ResponseHeaders": {
        "Cache-Control": "no-cache",
        "Content-Encoding": "gzip",
        "Content-Type": "application/json; charset=utf-8",
        "Date": "Thu, 09 Jun 2022 18:23:53 GMT",
        "Expires": "-1",
        "Pragma": "no-cache",
        "Request-Context": "appId=cid-v1:2d2e8e63-272e-4b3c-8598-4ee570a0e70d",
        "Strict-Transport-Security": "max-age=31536000; includeSubDomains",
        "Transfer-Encoding": "chunked",
        "Vary": [
          "Accept-Encoding",
          "Accept-Encoding"
        ],
        "x-aml-cluster": "vienna-westus2-01",
        "X-Content-Type-Options": "nosniff",
        "x-ms-correlation-request-id": "eacfa57f-35be-49c4-b128-cd1b2cc1aa46",
        "x-ms-ratelimit-remaining-subscription-reads": "11997",
        "x-ms-response-type": "standard",
        "x-ms-routing-request-id": "CANADACENTRAL:20220609T182353Z:eacfa57f-35be-49c4-b128-cd1b2cc1aa46",
        "x-request-time": "0.022"
      },
      "ResponseBody": {
        "id": "/subscriptions/00000000-0000-0000-0000-000000000/resourceGroups/00000/providers/Microsoft.MachineLearningServices/workspaces/sdk_vnext_cli",
        "name": "sdk_vnext_cli",
        "type": "Microsoft.MachineLearningServices/workspaces",
        "location": "westus2",
        "tags": {},
        "etag": null,
        "properties": {
          "friendlyName": "sdk_vnext_cli",
          "description": "",
          "storageAccount": "/subscriptions/00000000-0000-0000-0000-000000000/resourceGroups/00000/providers/Microsoft.Storage/storageAccounts/sacfxu3euzmal3o",
          "keyVault": "/subscriptions/00000000-0000-0000-0000-000000000/resourceGroups/00000/providers/Microsoft.Keyvault/vaults/kvtest5e2dbhruyffiq",
          "applicationInsights": "/subscriptions/00000000-0000-0000-0000-000000000/resourceGroups/00000/providers/Microsoft.insights/components/aicfxu3euzmal3o",
          "hbiWorkspace": false,
          "tenantId": "72f988bf-86f1-41af-91ab-2d7cd011db47",
          "imageBuildCompute": null,
          "provisioningState": "Succeeded",
          "containerRegistry": "/subscriptions/00000000-0000-0000-0000-000000000/resourceGroups/00000/providers/Microsoft.ContainerRegistry/registries/crcfxu3euzmal3o",
          "acrSkuTier": "Basic",
          "notebookInfo": {
            "resourceId": "c0b71b528e9c4a429ed24de6bb749e85",
            "fqdn": "ml-sdkvnextcli-westus2-60073e53-722a-4f65-9800-09c562dd3717.westus2.notebooks.azure.net",
            "isPrivateLinkEnabled": false,
            "notebookPreparationError": null
          },
          "storageHnsEnabled": false,
          "workspaceId": "60073e53-722a-4f65-9800-09c562dd3717",
          "linkedModelInventoryArmId": null,
          "privateLinkCount": 0,
          "publicNetworkAccess": "Enabled",
          "discoveryUrl": "https://westus2.api.azureml.ms/discovery",
          "mlFlowTrackingUri": "azureml://westus2.api.azureml.ms/mlflow/v1.0/subscriptions/00000000-0000-0000-0000-000000000/resourceGroups/00000/providers/Microsoft.MachineLearningServices/workspaces/sdk_vnext_cli",
          "sdkTelemetryAppInsightsKey": "73498d6d-b9a0-4d3b-9a6c-84285b86bea8",
          "sasGetterUri": ""
        },
        "identity": {
          "type": "SystemAssigned",
          "principalId": "381b607c-7a46-41a7-8cef-a65113e0923f",
          "tenantId": "72f988bf-86f1-41af-91ab-2d7cd011db47"
        },
        "sku": {
          "name": "Basic",
          "tier": "Basic"
        },
        "systemData": {
          "createdAt": "2022-06-03T21:04:40.5842096Z",
          "createdBy": "neduvvur@microsoft.com",
          "createdByType": "User",
          "lastModifiedAt": "2022-06-03T21:04:40.5842096Z",
          "lastModifiedBy": "neduvvur@microsoft.com",
          "lastModifiedByType": "User"
        }
      }
    },
    {
      "RequestUri": "https://management.azure.com/subscriptions/00000000-0000-0000-0000-000000000/resourceGroups/00000/providers/Microsoft.MachineLearningServices/workspaces/sdk_vnext_cli/batchEndpoints/batch-ept-51c9e49e9dab4fc?api-version=2022-05-01",
      "RequestMethod": "PUT",
      "RequestHeaders": {
        "Accept": "application/json",
        "Accept-Encoding": "gzip, deflate",
        "Connection": "keep-alive",
        "Content-Length": "136",
        "Content-Type": "application/json",
        "User-Agent": "azure-ai-ml/0.1.0b4 azsdk-python-mgmt-machinelearningservices/0.1.0 Python/3.8.6 (Windows-10-10.0.22000-SP0)"
      },
      "RequestBody": {
        "tags": {},
        "location": "westus2",
        "properties": {
          "authMode": "aadToken",
          "description": "my sample batch endpoint",
          "properties": {}
        }
      },
      "StatusCode": 201,
      "ResponseHeaders": {
        "Azure-AsyncOperation": "https://management.azure.com/subscriptions/00000000-0000-0000-0000-000000000/providers/Microsoft.MachineLearningServices/locations/westus2/mfeOperationsStatus/be:60073e53-722a-4f65-9800-09c562dd3717:5f956692-f8ab-4ffa-a471-415a0225cbba?api-version=2022-05-01",
        "Cache-Control": "no-cache",
        "Content-Length": "1292",
        "Content-Type": "application/json; charset=utf-8",
        "Date": "Thu, 09 Jun 2022 18:23:57 GMT",
        "Expires": "-1",
        "Location": "https://management.azure.com/subscriptions/00000000-0000-0000-0000-000000000/resourceGroups/00000/providers/Microsoft.MachineLearningServices/workspaces/sdk_vnext_cli/batchEndpoints/batch-ept-51c9e49e9dab4fc?api-version=2022-05-01",
        "Pragma": "no-cache",
        "Request-Context": "appId=cid-v1:2d2e8e63-272e-4b3c-8598-4ee570a0e70d",
        "Strict-Transport-Security": "max-age=31536000; includeSubDomains",
        "x-aml-cluster": "vienna-westus2-01",
        "X-Content-Type-Options": "nosniff",
        "x-ms-async-operation-timeout": "PT30M",
        "x-ms-correlation-request-id": "0a47a6dd-8941-46d6-bf6b-60ec53fd0916",
        "x-ms-ratelimit-remaining-subscription-writes": "1195",
        "x-ms-response-type": "standard",
        "x-ms-routing-request-id": "CANADACENTRAL:20220609T182358Z:0a47a6dd-8941-46d6-bf6b-60ec53fd0916",
        "x-request-time": "1.380"
      },
      "ResponseBody": {
        "id": "/subscriptions/00000000-0000-0000-0000-000000000/resourceGroups/00000/providers/Microsoft.MachineLearningServices/workspaces/sdk_vnext_cli/batchEndpoints/batch-ept-51c9e49e9dab4fc",
        "name": "batch-ept-51c9e49e9dab4fc",
        "type": "Microsoft.MachineLearningServices/workspaces/batchEndpoints",
        "properties": {
          "description": "my sample batch endpoint",
          "properties": {
            "BatchEndpointCreationApiVersion": "2022-05-01",
            "AzureAsyncOperationUri": "https://management.azure.com/subscriptions/00000000-0000-0000-0000-000000000/providers/Microsoft.MachineLearningServices/locations/westus2/mfeOperationsStatus/be:60073e53-722a-4f65-9800-09c562dd3717:5f956692-f8ab-4ffa-a471-415a0225cbba?api-version=2022-05-01"
          },
          "scoringUri": null,
          "swaggerUri": null,
          "authMode": "AADToken",
          "defaults": {
            "deploymentName": null
          },
          "provisioningState": "Creating"
        },
        "systemData": {
          "createdAt": "2022-06-09T18:23:57.4328766Z",
          "createdBy": "6f5d7923-5be8-4e72-bf1b-d7d92ab7f00c",
          "lastModifiedAt": "2022-06-09T18:23:57.4328777Z"
        },
        "tags": {},
        "location": "westus2",
        "identity": {
          "type": "None",
          "principalId": "00000000-0000-0000-0000-000000000000",
          "tenantId": "00000000-0000-0000-0000-000000000000"
        }
      }
    },
    {
      "RequestUri": "https://management.azure.com/subscriptions/00000000-0000-0000-0000-000000000/providers/Microsoft.MachineLearningServices/locations/westus2/mfeOperationsStatus/be:60073e53-722a-4f65-9800-09c562dd3717:5f956692-f8ab-4ffa-a471-415a0225cbba?api-version=2022-05-01",
      "RequestMethod": "GET",
      "RequestHeaders": {
        "Accept": "*/*",
        "Accept-Encoding": "gzip, deflate",
        "Connection": "keep-alive",
        "User-Agent": "azure-ai-ml/0.1.0b4 azsdk-python-mgmt-machinelearningservices/0.1.0 Python/3.8.6 (Windows-10-10.0.22000-SP0)"
      },
      "RequestBody": null,
      "StatusCode": 200,
      "ResponseHeaders": {
        "Cache-Control": "no-cache",
        "Content-Encoding": "gzip",
        "Content-Type": "application/json; charset=utf-8",
        "Date": "Thu, 09 Jun 2022 18:24:27 GMT",
        "Expires": "-1",
        "Pragma": "no-cache",
        "Request-Context": "appId=cid-v1:2d2e8e63-272e-4b3c-8598-4ee570a0e70d",
        "Strict-Transport-Security": "max-age=31536000; includeSubDomains",
        "Transfer-Encoding": "chunked",
        "Vary": [
          "Accept-Encoding",
          "Accept-Encoding"
        ],
        "x-aml-cluster": "vienna-westus2-01",
        "X-Content-Type-Options": "nosniff",
        "x-ms-correlation-request-id": "7977c17a-ecf3-4ae1-a35b-3c15fe8e3c51",
        "x-ms-ratelimit-remaining-subscription-reads": "11996",
        "x-ms-response-type": "standard",
        "x-ms-routing-request-id": "CANADACENTRAL:20220609T182428Z:7977c17a-ecf3-4ae1-a35b-3c15fe8e3c51",
        "x-request-time": "0.057"
      },
      "ResponseBody": {
        "id": "/subscriptions/00000000-0000-0000-0000-000000000/providers/Microsoft.MachineLearningServices/locations/westus2/mfeOperationsStatus/be:60073e53-722a-4f65-9800-09c562dd3717:5f956692-f8ab-4ffa-a471-415a0225cbba",
        "name": "be:60073e53-722a-4f65-9800-09c562dd3717:5f956692-f8ab-4ffa-a471-415a0225cbba",
        "startTime": "2022-06-09T18:23:57.2585998Z",
        "endTime": "2022-06-09T18:24:07.7840823Z",
        "percentComplete": 100.0,
        "status": "Succeeded"
      }
    },
    {
      "RequestUri": "https://management.azure.com/subscriptions/00000000-0000-0000-0000-000000000/resourceGroups/00000/providers/Microsoft.MachineLearningServices/workspaces/sdk_vnext_cli/batchEndpoints/batch-ept-51c9e49e9dab4fc?api-version=2022-05-01",
      "RequestMethod": "GET",
      "RequestHeaders": {
        "Accept": "*/*",
        "Accept-Encoding": "gzip, deflate",
        "Connection": "keep-alive",
        "User-Agent": "azure-ai-ml/0.1.0b4 azsdk-python-mgmt-machinelearningservices/0.1.0 Python/3.8.6 (Windows-10-10.0.22000-SP0)"
      },
      "RequestBody": null,
      "StatusCode": 200,
      "ResponseHeaders": {
        "Cache-Control": "no-cache",
        "Content-Encoding": "gzip",
        "Content-Type": "application/json; charset=utf-8",
        "Date": "Thu, 09 Jun 2022 18:24:28 GMT",
        "Expires": "-1",
        "Pragma": "no-cache",
        "Request-Context": "appId=cid-v1:2d2e8e63-272e-4b3c-8598-4ee570a0e70d",
        "Strict-Transport-Security": "max-age=31536000; includeSubDomains",
        "Transfer-Encoding": "chunked",
        "Vary": [
          "Accept-Encoding",
          "Accept-Encoding"
        ],
        "x-aml-cluster": "vienna-westus2-01",
        "X-Content-Type-Options": "nosniff",
        "x-ms-correlation-request-id": "dd52d0bc-ac6f-4151-8253-6273e278595f",
        "x-ms-ratelimit-remaining-subscription-reads": "11995",
        "x-ms-response-type": "standard",
        "x-ms-routing-request-id": "CANADACENTRAL:20220609T182428Z:dd52d0bc-ac6f-4151-8253-6273e278595f",
        "x-request-time": "0.099"
      },
      "ResponseBody": {
        "id": "/subscriptions/00000000-0000-0000-0000-000000000/resourceGroups/00000/providers/Microsoft.MachineLearningServices/workspaces/sdk_vnext_cli/batchEndpoints/batch-ept-51c9e49e9dab4fc",
        "name": "batch-ept-51c9e49e9dab4fc",
        "type": "Microsoft.MachineLearningServices/workspaces/batchEndpoints",
        "properties": {
          "description": "my sample batch endpoint",
          "properties": {
            "BatchEndpointCreationApiVersion": "2022-05-01",
            "AzureAsyncOperationUri": "https://management.azure.com/subscriptions/00000000-0000-0000-0000-000000000/providers/Microsoft.MachineLearningServices/locations/westus2/mfeOperationsStatus/be:60073e53-722a-4f65-9800-09c562dd3717:5f956692-f8ab-4ffa-a471-415a0225cbba?api-version=2022-05-01"
          },
          "scoringUri": "https://batch-ept-51c9e49e9dab4fc.westus2.inference.ml.azure.com/jobs",
          "swaggerUri": null,
          "authMode": "AADToken",
          "defaults": {
            "deploymentName": null
          },
          "provisioningState": "Succeeded"
        },
        "systemData": {
          "createdAt": "2022-06-09T18:23:57.4328766Z",
          "createdBy": "6f5d7923-5be8-4e72-bf1b-d7d92ab7f00c",
          "lastModifiedAt": "2022-06-09T18:24:07.8479218Z"
        },
        "tags": {},
        "location": "westus2",
        "identity": {
          "type": "None",
          "principalId": "00000000-0000-0000-0000-000000000000",
          "tenantId": "00000000-0000-0000-0000-000000000000"
        }
      }
    },
    {
      "RequestUri": "https://management.azure.com/subscriptions/00000000-0000-0000-0000-000000000/resourceGroups/00000/providers/Microsoft.MachineLearningServices/workspaces/sdk_vnext_cli/batchEndpoints/batch-ept-51c9e49e9dab4fc?api-version=2022-05-01",
      "RequestMethod": "GET",
      "RequestHeaders": {
        "Accept": "application/json",
        "Accept-Encoding": "gzip, deflate",
        "Connection": "keep-alive",
        "User-Agent": "azure-ai-ml/0.1.0b4 azsdk-python-mgmt-machinelearningservices/0.1.0 Python/3.8.6 (Windows-10-10.0.22000-SP0)"
      },
      "RequestBody": null,
      "StatusCode": 200,
      "ResponseHeaders": {
        "Cache-Control": "no-cache",
        "Content-Encoding": "gzip",
        "Content-Type": "application/json; charset=utf-8",
        "Date": "Thu, 09 Jun 2022 18:24:28 GMT",
        "Expires": "-1",
        "Pragma": "no-cache",
        "Request-Context": "appId=cid-v1:2d2e8e63-272e-4b3c-8598-4ee570a0e70d",
        "Strict-Transport-Security": "max-age=31536000; includeSubDomains",
        "Transfer-Encoding": "chunked",
        "Vary": [
          "Accept-Encoding",
          "Accept-Encoding"
        ],
        "x-aml-cluster": "vienna-westus2-01",
        "X-Content-Type-Options": "nosniff",
        "x-ms-correlation-request-id": "b3fa4e67-540b-4029-8a5f-17093bfffd09",
        "x-ms-ratelimit-remaining-subscription-reads": "11994",
        "x-ms-response-type": "standard",
        "x-ms-routing-request-id": "CANADACENTRAL:20220609T182429Z:b3fa4e67-540b-4029-8a5f-17093bfffd09",
        "x-request-time": "0.107"
      },
      "ResponseBody": {
        "id": "/subscriptions/00000000-0000-0000-0000-000000000/resourceGroups/00000/providers/Microsoft.MachineLearningServices/workspaces/sdk_vnext_cli/batchEndpoints/batch-ept-51c9e49e9dab4fc",
        "name": "batch-ept-51c9e49e9dab4fc",
        "type": "Microsoft.MachineLearningServices/workspaces/batchEndpoints",
        "properties": {
          "description": "my sample batch endpoint",
          "properties": {
            "BatchEndpointCreationApiVersion": "2022-05-01",
            "AzureAsyncOperationUri": "https://management.azure.com/subscriptions/00000000-0000-0000-0000-000000000/providers/Microsoft.MachineLearningServices/locations/westus2/mfeOperationsStatus/be:60073e53-722a-4f65-9800-09c562dd3717:5f956692-f8ab-4ffa-a471-415a0225cbba?api-version=2022-05-01"
          },
          "scoringUri": "https://batch-ept-51c9e49e9dab4fc.westus2.inference.ml.azure.com/jobs",
          "swaggerUri": null,
          "authMode": "AADToken",
          "defaults": {
            "deploymentName": null
          },
          "provisioningState": "Succeeded"
        },
        "systemData": {
          "createdAt": "2022-06-09T18:23:57.4328766Z",
          "createdBy": "6f5d7923-5be8-4e72-bf1b-d7d92ab7f00c",
          "lastModifiedAt": "2022-06-09T18:24:07.8479218Z"
        },
        "tags": {},
        "location": "westus2",
        "identity": {
          "type": "None",
          "principalId": "00000000-0000-0000-0000-000000000000",
          "tenantId": "00000000-0000-0000-0000-000000000000"
        }
      }
    },
    {
      "RequestUri": "https://management.azure.com/subscriptions/00000000-0000-0000-0000-000000000/resourceGroups/00000/providers/Microsoft.MachineLearningServices/workspaces/sdk_vnext_cli/datastores/workspaceblobstore?api-version=2022-05-01",
      "RequestMethod": "GET",
      "RequestHeaders": {
        "Accept": "application/json",
        "Accept-Encoding": "gzip, deflate",
        "Connection": "keep-alive",
        "User-Agent": "azure-ai-ml/0.1.0b4 azsdk-python-mgmt-machinelearningservices/0.1.0 Python/3.8.6 (Windows-10-10.0.22000-SP0)"
      },
      "RequestBody": null,
      "StatusCode": 200,
      "ResponseHeaders": {
        "Cache-Control": "no-cache",
        "Content-Encoding": "gzip",
        "Content-Type": "application/json; charset=utf-8",
        "Date": "Thu, 09 Jun 2022 18:24:28 GMT",
        "Expires": "-1",
        "Pragma": "no-cache",
        "Request-Context": "appId=cid-v1:2d2e8e63-272e-4b3c-8598-4ee570a0e70d",
        "Strict-Transport-Security": "max-age=31536000; includeSubDomains",
        "Transfer-Encoding": "chunked",
        "Vary": [
          "Accept-Encoding",
          "Accept-Encoding"
        ],
        "x-aml-cluster": "vienna-westus2-01",
        "X-Content-Type-Options": "nosniff",
        "x-ms-correlation-request-id": "efefde8c-a3d7-4e44-a6eb-5529a32b31c9",
        "x-ms-ratelimit-remaining-subscription-reads": "11993",
        "x-ms-response-type": "standard",
        "x-ms-routing-request-id": "CANADACENTRAL:20220609T182429Z:efefde8c-a3d7-4e44-a6eb-5529a32b31c9",
        "x-request-time": "0.105"
      },
      "ResponseBody": {
        "id": "/subscriptions/00000000-0000-0000-0000-000000000/resourceGroups/00000/providers/Microsoft.MachineLearningServices/workspaces/sdk_vnext_cli/datastores/workspaceblobstore",
        "name": "workspaceblobstore",
        "type": "Microsoft.MachineLearningServices/workspaces/datastores",
        "properties": {
          "description": null,
          "tags": null,
          "properties": null,
          "isDefault": true,
          "credentials": {
            "credentialsType": "AccountKey"
          },
          "datastoreType": "AzureBlob",
          "accountName": "sacfxu3euzmal3o",
          "containerName": "azureml-blobstore-60073e53-722a-4f65-9800-09c562dd3717",
          "endpoint": "core.windows.net",
          "protocol": "https",
          "serviceDataAccessAuthIdentity": "WorkspaceSystemAssignedIdentity"
        },
        "systemData": {
          "createdAt": "2022-06-03T21:04:54.4490272Z",
          "createdBy": "779301c0-18b2-4cdc-801b-a0a3368fee0a",
          "createdByType": "Application",
          "lastModifiedAt": "2022-06-03T21:04:55.1259563Z",
          "lastModifiedBy": "779301c0-18b2-4cdc-801b-a0a3368fee0a",
          "lastModifiedByType": "Application"
        }
      }
    },
    {
      "RequestUri": "https://management.azure.com/subscriptions/00000000-0000-0000-0000-000000000/resourceGroups/00000/providers/Microsoft.MachineLearningServices/workspaces/sdk_vnext_cli/datastores/workspaceblobstore/listSecrets?api-version=2022-05-01",
      "RequestMethod": "POST",
      "RequestHeaders": {
        "Accept": "application/json",
        "Accept-Encoding": "gzip, deflate",
        "Connection": "keep-alive",
        "Content-Length": "0",
        "User-Agent": "azure-ai-ml/0.1.0b4 azsdk-python-mgmt-machinelearningservices/0.1.0 Python/3.8.6 (Windows-10-10.0.22000-SP0)"
      },
      "RequestBody": null,
      "StatusCode": 200,
      "ResponseHeaders": {
        "Cache-Control": "no-cache",
        "Content-Encoding": "gzip",
        "Content-Type": "application/json; charset=utf-8",
        "Date": "Thu, 09 Jun 2022 18:24:29 GMT",
        "Expires": "-1",
        "Pragma": "no-cache",
        "Request-Context": "appId=cid-v1:2d2e8e63-272e-4b3c-8598-4ee570a0e70d",
        "Strict-Transport-Security": "max-age=31536000; includeSubDomains",
        "Transfer-Encoding": "chunked",
        "Vary": "Accept-Encoding",
        "x-aml-cluster": "vienna-westus2-01",
        "X-Content-Type-Options": "nosniff",
        "x-ms-correlation-request-id": "ed826cdf-3640-493e-a75c-c865937b4afb",
        "x-ms-ratelimit-remaining-subscription-writes": "1197",
        "x-ms-response-type": "standard",
        "x-ms-routing-request-id": "CANADACENTRAL:20220609T182430Z:ed826cdf-3640-493e-a75c-c865937b4afb",
        "x-request-time": "0.187"
      },
      "ResponseBody": {
        "secretsType": "AccountKey",
        "key": "Xrs2emqAqMS/ppRCp/cE6YBt3vaOinxbFAtp\u002B1uNtXZx6rdyZP4JyiFXgLOhv\u002Bm1wd0DKh\u002BFdB9f\u002BASt9EEucw=="
      }
    },
    {
      "RequestUri": "https://sacfxu3euzmal3o.blob.core.windows.net/azureml-blobstore-60073e53-722a-4f65-9800-09c562dd3717/LocalUpload/54889aee001c3e0029498ed6ff680e8a/endpoint_scoring/do_nothing.py",
      "RequestMethod": "HEAD",
      "RequestHeaders": {
        "Accept": "application/xml",
        "Accept-Encoding": "gzip, deflate",
        "Connection": "keep-alive",
        "User-Agent": "azsdk-python-storage-blob/12.9.0 Python/3.8.6 (Windows-10-10.0.22000-SP0)",
        "x-ms-date": "Thu, 09 Jun 2022 18:24:31 GMT",
        "x-ms-version": "2020-10-02"
      },
      "RequestBody": null,
      "StatusCode": 404,
      "ResponseHeaders": {
        "Date": "Thu, 09 Jun 2022 18:24:30 GMT",
        "Server": [
          "Windows-Azure-Blob/1.0",
          "Microsoft-HTTPAPI/2.0"
        ],
        "Transfer-Encoding": "chunked",
        "Vary": "Origin",
        "x-ms-error-code": "BlobNotFound",
        "x-ms-version": "2020-10-02"
      },
      "ResponseBody": null
    },
    {
      "RequestUri": "https://sacfxu3euzmal3o.blob.core.windows.net/azureml-blobstore-60073e53-722a-4f65-9800-09c562dd3717/LocalUpload/54889aee001c3e0029498ed6ff680e8a/endpoint_scoring/do_nothing.py",
      "RequestMethod": "PUT",
      "RequestHeaders": {
        "Accept": "application/xml",
        "Accept-Encoding": "gzip, deflate",
        "Connection": "keep-alive",
        "Content-Length": "108",
        "Content-MD5": "6qCSq0aG9KY2X5DOSPUKsg==",
        "Content-Type": "application/octet-stream",
        "If-None-Match": "*",
        "User-Agent": "azsdk-python-storage-blob/12.9.0 Python/3.8.6 (Windows-10-10.0.22000-SP0)",
        "x-ms-blob-type": "BlockBlob",
        "x-ms-date": "Thu, 09 Jun 2022 18:24:31 GMT",
        "x-ms-version": "2020-10-02"
      },
      "RequestBody": "ZGVmIGluaXQoKSAtPiBOb25lOg0KICAgIHBhc3MNCg0KZGVmIHJ1bihyYXdfZGF0YTogbGlzdCkgLT4gbGlzdDoNCiAgICByZXR1cm4gW3sicmVzdWx0IjogIkhlbGxvIFdvcmxkIn1dIA0K",
      "StatusCode": 201,
      "ResponseHeaders": {
        "Content-Length": "0",
        "Content-MD5": "6qCSq0aG9KY2X5DOSPUKsg==",
        "Date": "Thu, 09 Jun 2022 18:24:30 GMT",
        "ETag": "\u00220x8DA4A454B464CB5\u0022",
        "Last-Modified": "Thu, 09 Jun 2022 18:24:30 GMT",
        "Server": [
          "Windows-Azure-Blob/1.0",
          "Microsoft-HTTPAPI/2.0"
        ],
        "x-ms-content-crc64": "TkteihMW2g4=",
        "x-ms-request-server-encrypted": "true",
        "x-ms-version": "2020-10-02"
      },
      "ResponseBody": null
    },
    {
      "RequestUri": "https://sacfxu3euzmal3o.blob.core.windows.net/azureml-blobstore-60073e53-722a-4f65-9800-09c562dd3717/LocalUpload/54889aee001c3e0029498ed6ff680e8a/endpoint_scoring/main.py",
      "RequestMethod": "PUT",
      "RequestHeaders": {
        "Accept": "application/xml",
        "Accept-Encoding": "gzip, deflate",
        "Connection": "keep-alive",
        "Content-Length": "1003",
        "Content-MD5": "dibl/UlLzxm/hSaveTE08g==",
        "Content-Type": "application/octet-stream",
        "If-None-Match": "*",
        "User-Agent": "azsdk-python-storage-blob/12.9.0 Python/3.8.6 (Windows-10-10.0.22000-SP0)",
        "x-ms-blob-type": "BlockBlob",
        "x-ms-date": "Thu, 09 Jun 2022 18:24:31 GMT",
        "x-ms-version": "2020-10-02"
      },
      "RequestBody": "aW1wb3J0IG9zDQppbXBvcnQgcGlja2xlDQppbXBvcnQganNvbg0KaW1wb3J0IG51bXB5DQpmcm9tIHNrbGVhcm4uZXh0ZXJuYWxzIGltcG9ydCBqb2JsaWINCmZyb20gc2tsZWFybi5saW5lYXJfbW9kZWwgaW1wb3J0IFJpZGdlDQoNCg0KZGVmIGluaXQoKToNCiAgICBnbG9iYWwgbW9kZWwNCiAgICAjIEFaVVJFTUxfTU9ERUxfRElSIGlzIGFuIGVudmlyb25tZW50IHZhcmlhYmxlIGNyZWF0ZWQgZHVyaW5nIGRlcGxveW1lbnQuDQogICAgIyBJdCBpcyB0aGUgcGF0aCB0byB0aGUgbW9kZWwgZm9sZGVyICguL2F6dXJlbWwtbW9kZWxzLyRNT0RFTF9OQU1FLyRWRVJTSU9OKQ0KICAgICMgRm9yIG11bHRpcGxlIG1vZGVscywgaXQgcG9pbnRzIHRvIHRoZSBmb2xkZXIgY29udGFpbmluZyBhbGwgZGVwbG95ZWQgbW9kZWxzICguL2F6dXJlbWwtbW9kZWxzKQ0KICAgIG1vZGVsX3BhdGggPSBvcy5wYXRoLmpvaW4ob3MuZ2V0ZW52KCJBWlVSRU1MX01PREVMX0RJUiIpLCAic2tsZWFybl9yZWdyZXNzaW9uX21vZGVsLnBrbCIpDQogICAgIyBkZXNlcmlhbGl6ZSB0aGUgbW9kZWwgZmlsZSBiYWNrIGludG8gYSBza2xlYXJuIG1vZGVsDQogICAgbW9kZWwgPSBqb2JsaWIubG9hZChtb2RlbF9wYXRoKQ0KDQoNCiMgbm90ZSB5b3UgY2FuIHBhc3MgaW4gbXVsdGlwbGUgcm93cyBmb3Igc2NvcmluZw0KZGVmIHJ1bihyYXdfZGF0YSk6DQogICAgdHJ5Og0KICAgICAgICBkYXRhID0ganNvbi5sb2FkcyhyYXdfZGF0YSlbImRhdGEiXQ0KICAgICAgICBkYXRhID0gbnVtcHkuYXJyYXkoZGF0YSkNCiAgICAgICAgcmVzdWx0ID0gbW9kZWwucHJlZGljdChkYXRhKQ0KICAgICAgICAjIHlvdSBjYW4gcmV0dXJuIGFueSBkYXRhIHR5cGUgYXMgbG9uZyBhcyBpdCBpcyBKU09OLXNlcmlhbGl6YWJsZQ0KICAgICAgICByZXR1cm4gcmVzdWx0LnRvbGlzdCgpDQogICAgZXhjZXB0IEV4Y2VwdGlvbiBhcyBlOg0KICAgICAgICBlcnJvciA9IHN0cihlKQ0KICAgICAgICByZXR1cm4gZXJyb3INCg==",
      "StatusCode": 201,
      "ResponseHeaders": {
        "Content-Length": "0",
        "Content-MD5": "dibl/UlLzxm/hSaveTE08g==",
        "Date": "Thu, 09 Jun 2022 18:24:30 GMT",
        "ETag": "\u00220x8DA4A454B54A27B\u0022",
        "Last-Modified": "Thu, 09 Jun 2022 18:24:30 GMT",
        "Server": [
          "Windows-Azure-Blob/1.0",
          "Microsoft-HTTPAPI/2.0"
        ],
        "x-ms-content-crc64": "ihtSRNDveO0=",
        "x-ms-request-server-encrypted": "true",
        "x-ms-version": "2020-10-02"
      },
      "ResponseBody": null
    },
    {
      "RequestUri": "https://sacfxu3euzmal3o.blob.core.windows.net/azureml-blobstore-60073e53-722a-4f65-9800-09c562dd3717/LocalUpload/54889aee001c3e0029498ed6ff680e8a/endpoint_scoring/sample-request.json",
      "RequestMethod": "PUT",
      "RequestHeaders": {
        "Accept": "application/xml",
        "Accept-Encoding": "gzip, deflate",
        "Connection": "keep-alive",
        "Content-Length": "73",
        "Content-MD5": "\u002ByIfPx32rObpUrUS/Chl3A==",
        "Content-Type": "application/octet-stream",
        "If-None-Match": "*",
        "User-Agent": "azsdk-python-storage-blob/12.9.0 Python/3.8.6 (Windows-10-10.0.22000-SP0)",
        "x-ms-blob-type": "BlockBlob",
        "x-ms-date": "Thu, 09 Jun 2022 18:24:31 GMT",
        "x-ms-version": "2020-10-02"
      },
      "RequestBody": "eyJkYXRhIjogWw0KICAgIFsxLDIsMyw0LDUsNiw3LDgsOSwxMF0sDQogICAgWzEwLDksOCw3LDYsNSw0LDMsMiwxXQ0KXX0NCg==",
      "StatusCode": 201,
      "ResponseHeaders": {
        "Content-Length": "0",
        "Content-MD5": "\u002ByIfPx32rObpUrUS/Chl3A==",
        "Date": "Thu, 09 Jun 2022 18:24:30 GMT",
        "ETag": "\u00220x8DA4A454B62D136\u0022",
        "Last-Modified": "Thu, 09 Jun 2022 18:24:30 GMT",
        "Server": [
          "Windows-Azure-Blob/1.0",
          "Microsoft-HTTPAPI/2.0"
        ],
        "x-ms-content-crc64": "LK8yX8whkI8=",
        "x-ms-request-server-encrypted": "true",
        "x-ms-version": "2020-10-02"
      },
      "ResponseBody": null
    },
    {
      "RequestUri": "https://sacfxu3euzmal3o.blob.core.windows.net/azureml-blobstore-60073e53-722a-4f65-9800-09c562dd3717/LocalUpload/54889aee001c3e0029498ed6ff680e8a/endpoint_scoring/do_nothing.py?comp=metadata",
      "RequestMethod": "PUT",
      "RequestHeaders": {
        "Accept": "application/xml",
        "Accept-Encoding": "gzip, deflate",
        "Connection": "keep-alive",
        "Content-Length": "0",
        "User-Agent": "azsdk-python-storage-blob/12.9.0 Python/3.8.6 (Windows-10-10.0.22000-SP0)",
        "x-ms-date": "Thu, 09 Jun 2022 18:24:32 GMT",
        "x-ms-meta-name": "8cc8a9a5-da37-4c72-9a20-7c5f18670914",
        "x-ms-meta-upload_status": "completed",
        "x-ms-meta-version": "1",
        "x-ms-version": "2020-10-02"
      },
      "RequestBody": null,
      "StatusCode": 200,
      "ResponseHeaders": {
        "Content-Length": "0",
        "Date": "Thu, 09 Jun 2022 18:24:30 GMT",
        "ETag": "\u00220x8DA4A454B714E09\u0022",
        "Last-Modified": "Thu, 09 Jun 2022 18:24:30 GMT",
        "Server": [
          "Windows-Azure-Blob/1.0",
          "Microsoft-HTTPAPI/2.0"
        ],
        "x-ms-request-server-encrypted": "true",
        "x-ms-version": "2020-10-02"
      },
      "ResponseBody": null
    },
    {
      "RequestUri": "https://management.azure.com/subscriptions/00000000-0000-0000-0000-000000000/resourceGroups/00000/providers/Microsoft.MachineLearningServices/workspaces/sdk_vnext_cli/codes/8cc8a9a5-da37-4c72-9a20-7c5f18670914/versions/1?api-version=2022-05-01",
      "RequestMethod": "PUT",
      "RequestHeaders": {
        "Accept": "application/json",
        "Accept-Encoding": "gzip, deflate",
        "Connection": "keep-alive",
        "Content-Length": "235",
        "Content-Type": "application/json",
        "User-Agent": "azure-ai-ml/0.1.0b4 azsdk-python-mgmt-machinelearningservices/0.1.0 Python/3.8.6 (Windows-10-10.0.22000-SP0)"
      },
      "RequestBody": {
        "properties": {
          "isAnonymous": true,
          "isArchived": false,
          "codeUri": "https://sacfxu3euzmal3o.blob.core.windows.net/azureml-blobstore-60073e53-722a-4f65-9800-09c562dd3717/LocalUpload/54889aee001c3e0029498ed6ff680e8a/endpoint_scoring"
        }
      },
      "StatusCode": 201,
      "ResponseHeaders": {
        "Cache-Control": "no-cache",
        "Content-Length": "930",
        "Content-Type": "application/json; charset=utf-8",
        "Date": "Thu, 09 Jun 2022 18:24:30 GMT",
        "Expires": "-1",
        "Location": "https://management.azure.com/subscriptions/00000000-0000-0000-0000-000000000/resourceGroups/00000/providers/Microsoft.MachineLearningServices/workspaces/sdk_vnext_cli/codes/8cc8a9a5-da37-4c72-9a20-7c5f18670914/versions/1?api-version=2022-05-01",
        "Pragma": "no-cache",
        "Request-Context": "appId=cid-v1:2d2e8e63-272e-4b3c-8598-4ee570a0e70d",
        "Strict-Transport-Security": "max-age=31536000; includeSubDomains",
        "x-aml-cluster": "vienna-westus2-01",
        "X-Content-Type-Options": "nosniff",
        "x-ms-correlation-request-id": "672de12c-4bd8-4de3-b04f-cf4765afc18e",
        "x-ms-ratelimit-remaining-subscription-writes": "1194",
        "x-ms-response-type": "standard",
        "x-ms-routing-request-id": "CANADACENTRAL:20220609T182431Z:672de12c-4bd8-4de3-b04f-cf4765afc18e",
        "x-request-time": "0.584"
      },
      "ResponseBody": {
        "id": "/subscriptions/00000000-0000-0000-0000-000000000/resourceGroups/00000/providers/Microsoft.MachineLearningServices/workspaces/sdk_vnext_cli/codes/8cc8a9a5-da37-4c72-9a20-7c5f18670914/versions/1",
        "name": "1",
        "type": "Microsoft.MachineLearningServices/workspaces/codes/versions",
        "properties": {
          "description": null,
          "tags": {},
          "properties": {},
          "isArchived": false,
          "isAnonymous": false,
          "codeUri": "https://sacfxu3euzmal3o.blob.core.windows.net/azureml-blobstore-60073e53-722a-4f65-9800-09c562dd3717/LocalUpload/54889aee001c3e0029498ed6ff680e8a/endpoint_scoring"
        },
        "systemData": {
          "createdAt": "2022-06-09T18:24:31.269621Z",
          "createdBy": "6f5d7923-5be8-4e72-bf1b-d7d92ab7f00c",
          "createdByType": "Application",
          "lastModifiedAt": "2022-06-09T18:24:31.269621Z",
          "lastModifiedBy": "6f5d7923-5be8-4e72-bf1b-d7d92ab7f00c",
          "lastModifiedByType": "Application"
        }
      }
    },
    {
      "RequestUri": "https://management.azure.com/subscriptions/00000000-0000-0000-0000-000000000/resourceGroups/00000/providers/Microsoft.MachineLearningServices/workspaces/sdk_vnext_cli/environments/test_122828015779/versions?api-version=2022-05-01\u0026$orderBy=createdtime%20desc\u0026$top=1",
      "RequestMethod": "GET",
      "RequestHeaders": {
        "Accept": "application/json",
        "Accept-Encoding": "gzip, deflate",
        "Connection": "keep-alive",
        "User-Agent": "azure-ai-ml/0.1.0b4 azsdk-python-mgmt-machinelearningservices/0.1.0 Python/3.8.6 (Windows-10-10.0.22000-SP0)"
      },
      "RequestBody": null,
      "StatusCode": 200,
      "ResponseHeaders": {
        "Cache-Control": "no-cache",
        "Content-Encoding": "gzip",
        "Content-Type": "application/json; charset=utf-8",
        "Date": "Thu, 09 Jun 2022 18:24:30 GMT",
        "Expires": "-1",
        "Pragma": "no-cache",
        "Request-Context": "appId=cid-v1:2d2e8e63-272e-4b3c-8598-4ee570a0e70d",
        "Strict-Transport-Security": "max-age=31536000; includeSubDomains",
        "Transfer-Encoding": "chunked",
        "Vary": [
          "Accept-Encoding",
          "Accept-Encoding"
        ],
        "x-aml-cluster": "vienna-westus2-01",
        "X-Content-Type-Options": "nosniff",
        "x-ms-correlation-request-id": "2485fb21-1f42-486c-82a0-835a4864141d",
        "x-ms-ratelimit-remaining-subscription-reads": "11992",
        "x-ms-response-type": "standard",
        "x-ms-routing-request-id": "CANADACENTRAL:20220609T182431Z:2485fb21-1f42-486c-82a0-835a4864141d",
        "x-request-time": "0.280"
      },
      "ResponseBody": {
        "value": [
          {
            "id": "/subscriptions/00000000-0000-0000-0000-000000000/resourceGroups/00000/providers/Microsoft.MachineLearningServices/workspaces/sdk_vnext_cli/environments/test_122828015779/versions/bar",
            "name": "bar",
            "type": "Microsoft.MachineLearningServices/workspaces/environments/versions",
            "properties": {
              "description": "Environment with inline conda definition",
              "tags": {},
              "properties": {},
              "isArchived": false,
              "isAnonymous": false,
              "environmentType": "UserCreated",
              "image": "mcr.microsoft.com/azureml/openmpi3.1.2-ubuntu18.04",
              "condaFile": "{\n  \u0022channels\u0022: [\n    \u0022conda-forge\u0022\n  ],\n  \u0022dependencies\u0022: [\n    \u0022python=3.6.1\u0022,\n    \u0022pip\u0022,\n    {\n      \u0022pip\u0022: [\n        \u0022nbgitpuller\u0022,\n        \u0022sphinx-gallery\u0022,\n        \u0022pandas\u0022,\n        \u0022matplotlib\u0022,\n        \u0022mlflow\u0022\n      ]\n    }\n  ],\n  \u0022name\u0022: \u0022example-environment\u0022\n}",
              "osType": "Linux"
            },
            "systemData": {
              "createdAt": "2022-06-09T18:23:48.5612831Z",
              "createdBy": "6f5d7923-5be8-4e72-bf1b-d7d92ab7f00c",
              "createdByType": "Application",
              "lastModifiedAt": "2022-06-09T18:23:48.5612831Z",
              "lastModifiedBy": "6f5d7923-5be8-4e72-bf1b-d7d92ab7f00c",
              "lastModifiedByType": "Application"
            }
          }
        ]
      }
    },
    {
      "RequestUri": "https://management.azure.com/subscriptions/00000000-0000-0000-0000-000000000/resourceGroups/00000/providers/Microsoft.MachineLearningServices/workspaces/sdk_vnext_cli/models/test_993695176112/versions?api-version=2022-05-01\u0026$orderBy=createdtime%20desc\u0026$top=1",
      "RequestMethod": "GET",
      "RequestHeaders": {
        "Accept": "application/json",
        "Accept-Encoding": "gzip, deflate",
        "Connection": "keep-alive",
        "User-Agent": "azure-ai-ml/0.1.0b4 azsdk-python-mgmt-machinelearningservices/0.1.0 Python/3.8.6 (Windows-10-10.0.22000-SP0)"
      },
      "RequestBody": null,
      "StatusCode": 200,
      "ResponseHeaders": {
        "Cache-Control": "no-cache",
        "Content-Encoding": "gzip",
        "Content-Type": "application/json; charset=utf-8",
        "Date": "Thu, 09 Jun 2022 18:24:31 GMT",
        "Expires": "-1",
        "Pragma": "no-cache",
        "Request-Context": "appId=cid-v1:2d2e8e63-272e-4b3c-8598-4ee570a0e70d",
        "Strict-Transport-Security": "max-age=31536000; includeSubDomains",
        "Transfer-Encoding": "chunked",
        "Vary": [
          "Accept-Encoding",
          "Accept-Encoding"
        ],
        "x-aml-cluster": "vienna-westus2-01",
        "X-Content-Type-Options": "nosniff",
        "x-ms-correlation-request-id": "a01d4e28-ea2b-4074-9b05-fdd804bc3474",
        "x-ms-ratelimit-remaining-subscription-reads": "11991",
        "x-ms-response-type": "standard",
        "x-ms-routing-request-id": "CANADACENTRAL:20220609T182432Z:a01d4e28-ea2b-4074-9b05-fdd804bc3474",
        "x-request-time": "0.177"
      },
      "ResponseBody": {
        "value": [
          {
            "id": "/subscriptions/00000000-0000-0000-0000-000000000/resourceGroups/00000/providers/Microsoft.MachineLearningServices/workspaces/sdk_vnext_cli/models/test_993695176112/versions/2",
            "name": "2",
            "type": "Microsoft.MachineLearningServices/workspaces/models/versions",
            "properties": {
              "description": null,
              "tags": {},
              "properties": {},
              "isArchived": false,
              "isAnonymous": false,
              "flavors": {},
              "modelType": "custom_model",
              "modelUri": "azureml://subscriptions/00000000-0000-0000-0000-000000000/resourceGroups/00000/workspaces/sdk_vnext_cli/datastores/workspaceblobstore/paths/LocalUpload/5b90126f4721a98e2b4fcda9204a387e/model.pkl",
              "jobName": null
            },
            "systemData": {
              "createdAt": "2022-06-09T18:23:53.5073642Z",
              "createdBy": "6f5d7923-5be8-4e72-bf1b-d7d92ab7f00c",
              "createdByType": "Application",
              "lastModifiedAt": "2022-06-09T18:23:53.5073642Z",
              "lastModifiedBy": "6f5d7923-5be8-4e72-bf1b-d7d92ab7f00c",
              "lastModifiedByType": "Application"
            }
          }
        ],
        "nextLink": "https://management.azure.com/subscriptions/00000000-0000-0000-0000-000000000/resourceGroups/00000/providers/Microsoft.MachineLearningServices/workspaces/sdk_vnext_cli/models/test_993695176112/versions?api-version=2022-05-01\u0026$orderBy=createdtime\u002Bdesc\u0026$top=1\u0026$skipToken=K1JJRDp%2bNitCWkFQTk9Od0gyR3dzQUFBQkFEdz09I1JUOjEjVFJDOjEjUlREOjAzdjZ0SFdoVHpRd0wvblZ5ZVZzQlRNeE16TXVNVGN1TVRwVk1qazdNelE3TmpRdk5qRTRORGMxTXl3eE1Uc3hNUUE9I0lTVjoyI0lFTzo2NTU1MSNGUEM6QWdnc0FBQUFBRDBBQUN3QUFBQUFQUUFBTEFBQUFBQTlBQUFFQVBFYlVBQT0%3d"
      }
    },
    {
      "RequestUri": "https://management.azure.com/subscriptions/00000000-0000-0000-0000-000000000/resourceGroups/00000/providers/Microsoft.MachineLearningServices/workspaces/sdk_vnext_cli?api-version=2022-01-01-preview",
      "RequestMethod": "GET",
      "RequestHeaders": {
        "Accept": "application/json",
        "Accept-Encoding": "gzip, deflate",
        "Connection": "keep-alive",
        "User-Agent": "azure-ai-ml/0.1.0b4 azsdk-python-mgmt-machinelearningservices/0.1.0 Python/3.8.6 (Windows-10-10.0.22000-SP0)"
      },
      "RequestBody": null,
      "StatusCode": 200,
      "ResponseHeaders": {
        "Cache-Control": "no-cache",
        "Content-Encoding": "gzip",
        "Content-Type": "application/json; charset=utf-8",
        "Date": "Thu, 09 Jun 2022 18:24:31 GMT",
        "Expires": "-1",
        "Pragma": "no-cache",
        "Request-Context": "appId=cid-v1:2d2e8e63-272e-4b3c-8598-4ee570a0e70d",
        "Strict-Transport-Security": "max-age=31536000; includeSubDomains",
        "Transfer-Encoding": "chunked",
        "Vary": [
          "Accept-Encoding",
          "Accept-Encoding"
        ],
        "x-aml-cluster": "vienna-westus2-01",
        "X-Content-Type-Options": "nosniff",
        "x-ms-correlation-request-id": "f7c27bf6-072f-4776-8467-c9a8895f7520",
        "x-ms-ratelimit-remaining-subscription-reads": "11990",
        "x-ms-response-type": "standard",
        "x-ms-routing-request-id": "CANADACENTRAL:20220609T182432Z:f7c27bf6-072f-4776-8467-c9a8895f7520",
        "x-request-time": "0.020"
      },
      "ResponseBody": {
        "id": "/subscriptions/00000000-0000-0000-0000-000000000/resourceGroups/00000/providers/Microsoft.MachineLearningServices/workspaces/sdk_vnext_cli",
        "name": "sdk_vnext_cli",
        "type": "Microsoft.MachineLearningServices/workspaces",
        "location": "westus2",
        "tags": {},
        "etag": null,
        "properties": {
          "friendlyName": "sdk_vnext_cli",
          "description": "",
          "storageAccount": "/subscriptions/00000000-0000-0000-0000-000000000/resourceGroups/00000/providers/Microsoft.Storage/storageAccounts/sacfxu3euzmal3o",
          "keyVault": "/subscriptions/00000000-0000-0000-0000-000000000/resourceGroups/00000/providers/Microsoft.Keyvault/vaults/kvtest5e2dbhruyffiq",
          "applicationInsights": "/subscriptions/00000000-0000-0000-0000-000000000/resourceGroups/00000/providers/Microsoft.insights/components/aicfxu3euzmal3o",
          "hbiWorkspace": false,
          "tenantId": "72f988bf-86f1-41af-91ab-2d7cd011db47",
          "imageBuildCompute": null,
          "provisioningState": "Succeeded",
          "containerRegistry": "/subscriptions/00000000-0000-0000-0000-000000000/resourceGroups/00000/providers/Microsoft.ContainerRegistry/registries/crcfxu3euzmal3o",
          "acrSkuTier": "Basic",
          "notebookInfo": {
            "resourceId": "c0b71b528e9c4a429ed24de6bb749e85",
            "fqdn": "ml-sdkvnextcli-westus2-60073e53-722a-4f65-9800-09c562dd3717.westus2.notebooks.azure.net",
            "isPrivateLinkEnabled": false,
            "notebookPreparationError": null
          },
          "storageHnsEnabled": false,
          "workspaceId": "60073e53-722a-4f65-9800-09c562dd3717",
          "linkedModelInventoryArmId": null,
          "privateLinkCount": 0,
          "publicNetworkAccess": "Enabled",
          "discoveryUrl": "https://westus2.api.azureml.ms/discovery",
          "mlFlowTrackingUri": "azureml://westus2.api.azureml.ms/mlflow/v1.0/subscriptions/00000000-0000-0000-0000-000000000/resourceGroups/00000/providers/Microsoft.MachineLearningServices/workspaces/sdk_vnext_cli",
          "sdkTelemetryAppInsightsKey": "73498d6d-b9a0-4d3b-9a6c-84285b86bea8",
          "sasGetterUri": ""
        },
        "identity": {
          "type": "SystemAssigned",
          "principalId": "381b607c-7a46-41a7-8cef-a65113e0923f",
          "tenantId": "72f988bf-86f1-41af-91ab-2d7cd011db47"
        },
        "sku": {
          "name": "Basic",
          "tier": "Basic"
        },
        "systemData": {
          "createdAt": "2022-06-03T21:04:40.5842096Z",
          "createdBy": "neduvvur@microsoft.com",
          "createdByType": "User",
          "lastModifiedAt": "2022-06-03T21:04:40.5842096Z",
          "lastModifiedBy": "neduvvur@microsoft.com",
          "lastModifiedByType": "User"
        }
      }
    },
    {
      "RequestUri": "https://management.azure.com/subscriptions/00000000-0000-0000-0000-000000000/resourceGroups/00000/providers/Microsoft.MachineLearningServices/workspaces/sdk_vnext_cli/batchEndpoints/batch-ept-51c9e49e9dab4fc/deployments/batch-dpm-04ad0989588c4fd?api-version=2022-05-01",
      "RequestMethod": "PUT",
      "RequestHeaders": {
        "Accept": "application/json",
        "Accept-Encoding": "gzip, deflate",
        "Connection": "keep-alive",
        "Content-Length": "1210",
        "Content-Type": "application/json",
        "User-Agent": "azure-ai-ml/0.1.0b4 azsdk-python-mgmt-machinelearningservices/0.1.0 Python/3.8.6 (Windows-10-10.0.22000-SP0)"
      },
      "RequestBody": {
        "tags": {},
        "location": "westus2",
        "properties": {
          "codeConfiguration": {
            "codeId": "/subscriptions/00000000-0000-0000-0000-000000000/resourceGroups/00000/providers/Microsoft.MachineLearningServices/workspaces/sdk_vnext_cli/codes/8cc8a9a5-da37-4c72-9a20-7c5f18670914/versions/1",
            "scoringScript": "./main.py"
          },
          "environmentId": "/subscriptions/00000000-0000-0000-0000-000000000/resourceGroups/00000/providers/Microsoft.MachineLearningServices/workspaces/sdk_vnext_cli/environments/test_122828015779/versions/bar",
          "environmentVariables": {},
          "compute": "/subscriptions/00000000-0000-0000-0000-000000000/resourceGroups/00000/providers/Microsoft.MachineLearningServices/workspaces/sdk_vnext_cli/computes/testCompute",
          "errorThreshold": 10,
          "loggingLevel": "info",
          "maxConcurrencyPerInstance": 5,
          "miniBatchSize": 5,
          "model": {
            "referenceType": "Id",
            "assetId": "/subscriptions/00000000-0000-0000-0000-000000000/resourceGroups/00000/providers/Microsoft.MachineLearningServices/workspaces/sdk_vnext_cli/models/test_993695176112/versions/2"
          },
          "outputAction": "AppendRow",
          "outputFileName": "append_row.txt",
          "resources": {
            "instanceCount": 2,
            "properties": {}
          },
          "retrySettings": {
            "maxRetries": 3,
            "timeout": "PT30S"
          }
        }
      },
      "StatusCode": 201,
      "ResponseHeaders": {
        "Azure-AsyncOperation": "https://management.azure.com/subscriptions/00000000-0000-0000-0000-000000000/providers/Microsoft.MachineLearningServices/locations/westus2/mfeOperationsStatus/bd:60073e53-722a-4f65-9800-09c562dd3717:318fca01-c90b-45ca-be93-80e03fbe5a04?api-version=2022-05-01",
        "Cache-Control": "no-cache",
        "Content-Length": "2293",
        "Content-Type": "application/json; charset=utf-8",
        "Date": "Thu, 09 Jun 2022 18:24:35 GMT",
        "Expires": "-1",
        "Location": "https://management.azure.com/subscriptions/00000000-0000-0000-0000-000000000/resourceGroups/00000/providers/Microsoft.MachineLearningServices/workspaces/sdk_vnext_cli/batchEndpoints/batch-ept-51c9e49e9dab4fc/deployments/batch-dpm-04ad0989588c4fd?api-version=2022-05-01",
        "Pragma": "no-cache",
        "Request-Context": "appId=cid-v1:2d2e8e63-272e-4b3c-8598-4ee570a0e70d",
        "Strict-Transport-Security": "max-age=31536000; includeSubDomains",
        "x-aml-cluster": "vienna-westus2-01",
        "X-Content-Type-Options": "nosniff",
        "x-ms-async-operation-timeout": "PT30M",
        "x-ms-correlation-request-id": "9c43dadd-18ff-4533-b11d-9e2c08c509a9",
        "x-ms-ratelimit-remaining-subscription-resource-requests": "24",
        "x-ms-response-type": "standard",
        "x-ms-routing-request-id": "CANADACENTRAL:20220609T182436Z:9c43dadd-18ff-4533-b11d-9e2c08c509a9",
        "x-request-time": "2.123"
      },
      "ResponseBody": {
        "id": "/subscriptions/00000000-0000-0000-0000-000000000/resourceGroups/00000/providers/Microsoft.MachineLearningServices/workspaces/sdk_vnext_cli/batchEndpoints/batch-ept-51c9e49e9dab4fc/deployments/batch-dpm-04ad0989588c4fd",
        "name": "batch-dpm-04ad0989588c4fd",
        "type": "Microsoft.MachineLearningServices/workspaces/batchEndpoints/deployments",
        "properties": {
          "description": null,
          "properties": {
            "AzureAsyncOperationUri": "https://management.azure.com/subscriptions/00000000-0000-0000-0000-000000000/providers/Microsoft.MachineLearningServices/locations/westus2/mfeOperationsStatus/be:60073e53-722a-4f65-9800-09c562dd3717:318fca01-c90b-45ca-be93-80e03fbe5a04?api-version=2022-05-01"
          },
          "codeConfiguration": {
            "codeId": "/subscriptions/00000000-0000-0000-0000-000000000/resourceGroups/00000/providers/Microsoft.MachineLearningServices/workspaces/sdk_vnext_cli/codes/8cc8a9a5-da37-4c72-9a20-7c5f18670914/versions/1",
            "scoringScript": "./main.py"
          },
          "environmentId": "/subscriptions/00000000-0000-0000-0000-000000000/resourceGroups/00000/providers/Microsoft.MachineLearningServices/workspaces/sdk_vnext_cli/environments/test_122828015779/versions/bar",
          "environmentVariables": {},
          "compute": "/subscriptions/00000000-0000-0000-0000-000000000/resourceGroups/00000/providers/Microsoft.MachineLearningServices/workspaces/sdk_vnext_cli/computes/testCompute",
          "errorThreshold": 10,
          "retrySettings": {
            "maxRetries": 3,
            "timeout": "PT30S"
          },
          "miniBatchSize": 5,
          "loggingLevel": "Info",
          "model": {
            "referenceType": "Id",
            "assetId": "/subscriptions/00000000-0000-0000-0000-000000000/resourceGroups/00000/providers/Microsoft.MachineLearningServices/workspaces/sdk_vnext_cli/models/test_993695176112/versions/2"
          },
          "maxConcurrencyPerInstance": 5,
          "outputAction": "AppendRow",
          "outputFileName": "append_row.txt",
          "resources": {
            "instanceCount": 2,
            "instanceType": null,
            "properties": null
          },
          "provisioningState": "Updating"
        },
        "systemData": {
          "createdAt": "2022-06-09T18:24:35.1926052Z",
          "createdBy": "6f5d7923-5be8-4e72-bf1b-d7d92ab7f00c",
          "lastModifiedAt": "2022-06-09T18:24:35.1926052Z"
        },
        "tags": {},
        "location": "westus2"
      }
    },
    {
      "RequestUri": "https://management.azure.com/subscriptions/00000000-0000-0000-0000-000000000/providers/Microsoft.MachineLearningServices/locations/westus2/mfeOperationsStatus/bd:60073e53-722a-4f65-9800-09c562dd3717:318fca01-c90b-45ca-be93-80e03fbe5a04?api-version=2022-05-01",
      "RequestMethod": "GET",
      "RequestHeaders": {
        "Accept": "*/*",
        "Accept-Encoding": "gzip, deflate",
        "Connection": "keep-alive",
        "User-Agent": "azure-ai-ml/0.1.0b4 azsdk-python-mgmt-machinelearningservices/0.1.0 Python/3.8.6 (Windows-10-10.0.22000-SP0)"
      },
      "RequestBody": null,
      "StatusCode": 200,
      "ResponseHeaders": {
        "Cache-Control": "no-cache",
        "Content-Encoding": "gzip",
        "Content-Type": "application/json; charset=utf-8",
        "Date": "Thu, 09 Jun 2022 18:25:06 GMT",
        "Expires": "-1",
        "Pragma": "no-cache",
        "Request-Context": "appId=cid-v1:2d2e8e63-272e-4b3c-8598-4ee570a0e70d",
        "Strict-Transport-Security": "max-age=31536000; includeSubDomains",
        "Transfer-Encoding": "chunked",
        "Vary": [
          "Accept-Encoding",
          "Accept-Encoding"
        ],
        "x-aml-cluster": "vienna-westus2-01",
        "X-Content-Type-Options": "nosniff",
        "x-ms-correlation-request-id": "681bed14-f288-4728-9013-2c055c22ea49",
        "x-ms-ratelimit-remaining-subscription-reads": "11989",
        "x-ms-response-type": "standard",
        "x-ms-routing-request-id": "CANADACENTRAL:20220609T182506Z:681bed14-f288-4728-9013-2c055c22ea49",
        "x-request-time": "0.161"
      },
      "ResponseBody": {
        "id": "/subscriptions/00000000-0000-0000-0000-000000000/providers/Microsoft.MachineLearningServices/locations/westus2/mfeOperationsStatus/bd:60073e53-722a-4f65-9800-09c562dd3717:318fca01-c90b-45ca-be93-80e03fbe5a04",
        "name": "bd:60073e53-722a-4f65-9800-09c562dd3717:318fca01-c90b-45ca-be93-80e03fbe5a04",
        "startTime": "2022-06-09T18:24:35.1925958Z",
        "endTime": "2022-06-09T18:24:56.0260472Z",
        "percentComplete": 100.0,
        "status": "Succeeded"
      }
    },
    {
      "RequestUri": "https://management.azure.com/subscriptions/00000000-0000-0000-0000-000000000/resourceGroups/00000/providers/Microsoft.MachineLearningServices/workspaces/sdk_vnext_cli/batchEndpoints/batch-ept-51c9e49e9dab4fc/deployments/batch-dpm-04ad0989588c4fd?api-version=2022-05-01",
      "RequestMethod": "GET",
      "RequestHeaders": {
        "Accept": "*/*",
        "Accept-Encoding": "gzip, deflate",
        "Connection": "keep-alive",
        "User-Agent": "azure-ai-ml/0.1.0b4 azsdk-python-mgmt-machinelearningservices/0.1.0 Python/3.8.6 (Windows-10-10.0.22000-SP0)"
      },
      "RequestBody": null,
      "StatusCode": 200,
      "ResponseHeaders": {
        "Cache-Control": "no-cache",
        "Content-Encoding": "gzip",
        "Content-Type": "application/json; charset=utf-8",
        "Date": "Thu, 09 Jun 2022 18:25:06 GMT",
        "Expires": "-1",
        "Pragma": "no-cache",
        "Request-Context": "appId=cid-v1:2d2e8e63-272e-4b3c-8598-4ee570a0e70d",
        "Strict-Transport-Security": "max-age=31536000; includeSubDomains",
        "Transfer-Encoding": "chunked",
        "Vary": [
          "Accept-Encoding",
          "Accept-Encoding"
        ],
        "x-aml-cluster": "vienna-westus2-01",
        "X-Content-Type-Options": "nosniff",
        "x-ms-correlation-request-id": "d49a4bcd-f7bb-4ce9-a42a-6eed576e3fc4",
        "x-ms-ratelimit-remaining-subscription-reads": "11988",
        "x-ms-response-type": "standard",
        "x-ms-routing-request-id": "CANADACENTRAL:20220609T182507Z:d49a4bcd-f7bb-4ce9-a42a-6eed576e3fc4",
        "x-request-time": "0.252"
      },
      "ResponseBody": {
        "id": "/subscriptions/00000000-0000-0000-0000-000000000/resourceGroups/00000/providers/Microsoft.MachineLearningServices/workspaces/sdk_vnext_cli/batchEndpoints/batch-ept-51c9e49e9dab4fc/deployments/batch-dpm-04ad0989588c4fd",
        "name": "batch-dpm-04ad0989588c4fd",
        "type": "Microsoft.MachineLearningServices/workspaces/batchEndpoints/deployments",
        "properties": {
          "description": null,
          "properties": {
            "AzureAsyncOperationUri": "https://management.azure.com/subscriptions/00000000-0000-0000-0000-000000000/providers/Microsoft.MachineLearningServices/locations/westus2/mfeOperationsStatus/be:60073e53-722a-4f65-9800-09c562dd3717:318fca01-c90b-45ca-be93-80e03fbe5a04?api-version=2022-05-01"
          },
          "codeConfiguration": {
            "codeId": "/subscriptions/00000000-0000-0000-0000-000000000/resourceGroups/00000/providers/Microsoft.MachineLearningServices/workspaces/sdk_vnext_cli/codes/8cc8a9a5-da37-4c72-9a20-7c5f18670914/versions/1",
            "scoringScript": "./main.py"
          },
          "environmentId": "/subscriptions/00000000-0000-0000-0000-000000000/resourceGroups/00000/providers/Microsoft.MachineLearningServices/workspaces/sdk_vnext_cli/environments/test_122828015779/versions/bar",
          "environmentVariables": {},
          "compute": "/subscriptions/00000000-0000-0000-0000-000000000/resourceGroups/00000/providers/Microsoft.MachineLearningServices/workspaces/sdk_vnext_cli/computes/testCompute",
          "errorThreshold": 10,
          "retrySettings": {
            "maxRetries": 3,
            "timeout": "PT30S"
          },
          "miniBatchSize": 5,
          "loggingLevel": "Info",
          "model": {
            "referenceType": "Id",
            "assetId": "/subscriptions/00000000-0000-0000-0000-000000000/resourceGroups/00000/providers/Microsoft.MachineLearningServices/workspaces/sdk_vnext_cli/models/test_993695176112/versions/2"
          },
          "maxConcurrencyPerInstance": 5,
          "outputAction": "AppendRow",
          "outputFileName": "append_row.txt",
          "resources": {
            "instanceCount": 2,
            "instanceType": null,
            "properties": null
          },
          "provisioningState": "Succeeded"
        },
        "systemData": {
          "createdAt": "2022-06-09T18:24:35.1926052Z",
          "createdBy": "6f5d7923-5be8-4e72-bf1b-d7d92ab7f00c",
          "lastModifiedAt": "2022-06-09T18:24:35.1926052Z"
        },
        "tags": {},
        "location": "westus2"
      }
    },
    {
      "RequestUri": "https://management.azure.com/subscriptions/00000000-0000-0000-0000-000000000/resourceGroups/00000/providers/Microsoft.MachineLearningServices/workspaces/sdk_vnext_cli/batchEndpoints/batch-ept-51c9e49e9dab4fc/deployments/batch-dpm-04ad0989588c4fd?api-version=2022-05-01",
      "RequestMethod": "GET",
      "RequestHeaders": {
        "Accept": "application/json",
        "Accept-Encoding": "gzip, deflate",
        "Connection": "keep-alive",
        "User-Agent": "azure-ai-ml/0.1.0b4 azsdk-python-mgmt-machinelearningservices/0.1.0 Python/3.8.6 (Windows-10-10.0.22000-SP0)"
      },
      "RequestBody": null,
      "StatusCode": 200,
      "ResponseHeaders": {
        "Cache-Control": "no-cache",
        "Content-Encoding": "gzip",
        "Content-Type": "application/json; charset=utf-8",
        "Date": "Thu, 09 Jun 2022 18:25:07 GMT",
        "Expires": "-1",
        "Pragma": "no-cache",
        "Request-Context": "appId=cid-v1:2d2e8e63-272e-4b3c-8598-4ee570a0e70d",
        "Strict-Transport-Security": "max-age=31536000; includeSubDomains",
        "Transfer-Encoding": "chunked",
        "Vary": [
          "Accept-Encoding",
          "Accept-Encoding"
        ],
        "x-aml-cluster": "vienna-westus2-01",
        "X-Content-Type-Options": "nosniff",
        "x-ms-correlation-request-id": "ce069296-f22e-4c9a-a6a5-f0656588f985",
        "x-ms-ratelimit-remaining-subscription-reads": "11987",
        "x-ms-response-type": "standard",
        "x-ms-routing-request-id": "CANADACENTRAL:20220609T182507Z:ce069296-f22e-4c9a-a6a5-f0656588f985",
        "x-request-time": "0.304"
      },
      "ResponseBody": {
        "id": "/subscriptions/00000000-0000-0000-0000-000000000/resourceGroups/00000/providers/Microsoft.MachineLearningServices/workspaces/sdk_vnext_cli/batchEndpoints/batch-ept-51c9e49e9dab4fc/deployments/batch-dpm-04ad0989588c4fd",
        "name": "batch-dpm-04ad0989588c4fd",
        "type": "Microsoft.MachineLearningServices/workspaces/batchEndpoints/deployments",
        "properties": {
          "description": null,
          "properties": {
            "AzureAsyncOperationUri": "https://management.azure.com/subscriptions/00000000-0000-0000-0000-000000000/providers/Microsoft.MachineLearningServices/locations/westus2/mfeOperationsStatus/be:60073e53-722a-4f65-9800-09c562dd3717:318fca01-c90b-45ca-be93-80e03fbe5a04?api-version=2022-05-01"
          },
          "codeConfiguration": {
            "codeId": "/subscriptions/00000000-0000-0000-0000-000000000/resourceGroups/00000/providers/Microsoft.MachineLearningServices/workspaces/sdk_vnext_cli/codes/8cc8a9a5-da37-4c72-9a20-7c5f18670914/versions/1",
            "scoringScript": "./main.py"
          },
          "environmentId": "/subscriptions/00000000-0000-0000-0000-000000000/resourceGroups/00000/providers/Microsoft.MachineLearningServices/workspaces/sdk_vnext_cli/environments/test_122828015779/versions/bar",
          "environmentVariables": {},
          "compute": "/subscriptions/00000000-0000-0000-0000-000000000/resourceGroups/00000/providers/Microsoft.MachineLearningServices/workspaces/sdk_vnext_cli/computes/testCompute",
          "errorThreshold": 10,
          "retrySettings": {
            "maxRetries": 3,
            "timeout": "PT30S"
          },
          "miniBatchSize": 5,
          "loggingLevel": "Info",
          "model": {
            "referenceType": "Id",
            "assetId": "/subscriptions/00000000-0000-0000-0000-000000000/resourceGroups/00000/providers/Microsoft.MachineLearningServices/workspaces/sdk_vnext_cli/models/test_993695176112/versions/2"
          },
          "maxConcurrencyPerInstance": 5,
          "outputAction": "AppendRow",
          "outputFileName": "append_row.txt",
          "resources": {
            "instanceCount": 2,
            "instanceType": null,
            "properties": null
          },
          "provisioningState": "Succeeded"
        },
        "systemData": {
          "createdAt": "2022-06-09T18:24:35.1926052Z",
          "createdBy": "6f5d7923-5be8-4e72-bf1b-d7d92ab7f00c",
          "lastModifiedAt": "2022-06-09T18:24:35.1926052Z"
        },
        "tags": {},
        "location": "westus2"
      }
    },
    {
      "RequestUri": "https://management.azure.com/subscriptions/00000000-0000-0000-0000-000000000/resourceGroups/00000/providers/Microsoft.MachineLearningServices/workspaces/sdk_vnext_cli/batchEndpoints/batch-ept-51c9e49e9dab4fc?api-version=2022-05-01",
      "RequestMethod": "DELETE",
      "RequestHeaders": {
        "Accept": "application/json",
        "Accept-Encoding": "gzip, deflate",
        "Connection": "keep-alive",
        "Content-Length": "0",
        "User-Agent": "azure-ai-ml/0.1.0b4 azsdk-python-mgmt-machinelearningservices/0.1.0 Python/3.8.6 (Windows-10-10.0.22000-SP0)"
      },
      "RequestBody": null,
      "StatusCode": 202,
      "ResponseHeaders": {
        "Azure-AsyncOperation": "https://management.azure.com/subscriptions/00000000-0000-0000-0000-000000000/providers/Microsoft.MachineLearningServices/locations/westus2/mfeOperationsStatus/be:60073e53-722a-4f65-9800-09c562dd3717:79bb6a71-241f-4036-9cd9-ee0078863195?api-version=2022-05-01",
        "Cache-Control": "no-cache",
        "Content-Length": "4",
        "Content-Type": "application/json; charset=utf-8",
        "Date": "Thu, 09 Jun 2022 18:25:07 GMT",
        "Expires": "-1",
        "Location": "https://management.azure.com/subscriptions/00000000-0000-0000-0000-000000000/providers/Microsoft.MachineLearningServices/locations/westus2/mfeOperationResults/be:60073e53-722a-4f65-9800-09c562dd3717:79bb6a71-241f-4036-9cd9-ee0078863195?api-version=2022-05-01",
        "Pragma": "no-cache",
        "Request-Context": "appId=cid-v1:2d2e8e63-272e-4b3c-8598-4ee570a0e70d",
        "Strict-Transport-Security": "max-age=31536000; includeSubDomains",
        "x-aml-cluster": "vienna-westus2-01",
        "X-Content-Type-Options": "nosniff",
        "x-ms-async-operation-timeout": "PT30M",
        "x-ms-correlation-request-id": "ab47e0f9-fe37-4ac1-80dc-7e0b8b1fda18",
        "x-ms-ratelimit-remaining-subscription-deletes": "14999",
        "x-ms-response-type": "standard",
        "x-ms-routing-request-id": "CANADACENTRAL:20220609T182508Z:ab47e0f9-fe37-4ac1-80dc-7e0b8b1fda18",
        "x-request-time": "0.256"
      },
      "ResponseBody": "null"
    }
  ],
  "Variables": {}
}
